---
source: src/modes/_52_gem_aetherium_3.rs
assertion_line: 522
expression: text(&initial)
---
                                                  .                     .       
                                   .                            .  .            
                  .                .    V   .       .                         . 
            +   . .  .+    .  ..                .   .    :                      
           .  .     .  + .  .      .           .        +                       
       .   .  .    .  +      .                       .   +  .   .               
                @-  ...                                   .    .:   :           
             .    ---+ -----+------ .      -...      o     ..   ...  .          
         X+      .-+-+-- .         ------------------.-..   :    .   +| :   .   
   .       .+.....     ---- .------------------=======)-----..  .. . o  .       
        .....        --+----+- +..#---======+===---+-====  .--.+ -(o)- .:  .    
      ..          ----      -#+#+====++#......++..   *+--=---. *.. . .  .       
       .   .    ..-  .   ---#+===...:..+#--+#.+.+O#+......  :-*-...             
      .... .  ...     .--..===.....+--:+..#.-.+...+.+..+.+======(@)- *.  .      
    * +  .+.........+....==..#+#.+.+.#+#.#+....=.======+==...    ..=..     .    
          .==.+.   ..  =+..+......#=+=#=@=#===+...*+#(@)-o.   ==+===+.   + *    
      .  ..  =+=====+======+======+---..:==#+=+==.===-=+ =====  . ....   .    . 
..    .   ... : =.-- = === == =+ ==.==.=.-..#---..---- .     -+....  .          
      ..  . ...+... -===:+    ..#+..+.....+#-..+-+-  -(o)-----   .   .. .       
    .  .. :   :  ...----........+.+.+..+.#.-----+---o- .+.  .        . .        
      ..  . . .  ...    :------------------+----     .---O)-        ..          
.  .   . X+.  :    .....+------. --------------+-----------------... +|         
          .  ...   ..       ......+    .                   ---    .     .   .   
           .   ...                      . .                   @.                
                   .    .   ..  .        .                  .           .       
    .       . .        +      .                         +                       
   ..              .  +.   .   *           ..  +..  .    :                  ..  
    .       .                      .    V   .                       ..    .     
               .          .                 .          .        .     .  .      
                            .  .       .                  .               .   .
