---
source: src/modes/_115_hyperhex_3.rs
expression: "render_at(80, 24, 42, 6.0)"
---
                             ╲   │    ++=++╱:+    │──         ──      ╱        ─
╲                       .   =+╲*╲│─╱──╲─╲╲╱╲─╲╲─=╱│+            ╲╲   ╱╱ ─────── 
─╲╲            ────────╲ .:+───╲│─╲│─***╱─╲╱╲──│╱│╲-│**─────────  ──────        
 ──╲╲        ╱╱        +╲╲│╲│+*╱╲╲*╲╲╲──*++│++==╲│=╱│─╱*++=╱──────╲ ╱    .──────
   ──╲╲    ╱╱        ++==─╲╲───***╲#*╲***++│─+==│╲│--─────────────╲─────────────
     ──╲  ╱         ==────││╱+****#╲#*╲**+++│────────╱:╱╱╲│*+╱────╱╲ ╲────╲     
       ──╲ ╲    ──────│==++╱++*****#────────────=-╲╲╲││╱╱╱│───╱╱──╱ ╱╲   ╲╲╲╲   
.        ──╲╲ │─:────=╲─=++╱+++++──────────────=╲──-───╱╱╱╱─│──=─╱ ╱  ╲    ╲╲╲  
           ──╲│────│╲╲-╲==╱───────++++++++++=─────────│╱╱───╱──╱- ╱   │      ╲╲ 
             ──╱──│─────────+++++++++++++++++──────╱-╱╱╲╲──────╱──    │      ╲╲ 
          ───╱│─────│───────────────────────╱+=====╱╱││╲╲──:╲─╱+     ╱        │╲
       ─│─ ╱ ───────│││──==++++++*******++++++===╱╱╱-│-╲╲──────╲ ───╱         ││
 .   │─ │──────────╱╱│╱=│──+++++*********++++++╱╱╱│=-││-╲─╲:::───            ││ 
     │──────╲─   ╱─--│==│=│++++***********+++╱╱╱==│=--│╲-::╲─╲──             ╱│ 
    ───│      ───────│===││++++***********+╱╱╱+===│=--╲│─────────────      ╱╱╱  
──  │ ─────       ╲─-││=╱│││++******#****╱╱╱++++==│=---│╲:╲──│─     │   ─── ╱   
─────── ╲────     =╲─│╱╱=+││++*****###**│╱*+++++==│==-─│─╲─────│────│─── ──╱ .  
   ───────╲╲──── ───╱╱││─╱╱│++******#**╱╱**+++++==─│--││───│────────│────       
────── ────────────╱────╱╱────+******╱╱│**+++++====╲--│───│──   │    │          
      ──────────────╲─│──────+│──────**│**++╱───────╲││─╲╲──    │    │          
       ╲╲       ─────╲───────────────────────────=───────╲ │     │   │ .        
         ──────────╱─╲── ───╱╱╲───────│*╱─+++──────────╲│╲─│ ────────│          
──────────────────────╲───╱╱───╲──│*──│───╲+++╲─╲╲╲─│╲──│──────                 
──────────────────────╲─╱╱─────────────╲─────────╲  ──╱╱│ .
