---
source: src/modes/_101_p02_glm53f_max_b.rs
assertion_line: 957
expression: "text(&frame(80, 24, 42, 0.0, &knobs()))"
---
                     ```````                                                    
                     ```````  /=====---------=====                              
                     ``````////==================\\\\                           
                        (///==##########============\\\\                        
                      ((/(==#######OO####==============\==                      
                    ==(==(=#,,,))##########=OO==============                    
```````            ===(==',,#)),#,,####,(/##==============\\\                   
```````           //===((,OO#)#,/ll,,,,##-|i!!;====OO=======\\                  
```````          |||======OO#)#)i|####/###\##=\;============|||                 
                 ||==========#))#|############=|,,===========||                 
                |||=====(===/!-#####********###==/,==========||=                
                =====(((,====!-####***@@@@***#===\,===OO========                
              ``====,,==O====:\####***@@@@***====-:===========|=                
              ``=|),====,===-,/==###********=====-:|-========|||                
              ```||=====)=====,,|=============|=::\\=========||                 
                 |||====)======\.\===\===/====|.============|||                 
                  \\=====)OO====-....|-==/.....====OO=======//                  
                   ==\=================/-=================///                   
                    ========================================                    
                      =\\==========OO======OO==========/==                      
                        \\\\========================////                        
                           \\\\==================////                           
                              \====\--------====-/
