---
source: src/modes/_52_gem_aetherium_3.rs
assertion_line: 642
expression: text(&moving)
---
                                                  .                     .       
                                   .                            .  .            
                  .               .    V   .        .                         . 
            +   . .  +    .   .                .    . + :                       
           .  .     . @- .  .      .           .     | +                        
       .   .  .   .   +--    .                      |.   + .    .               
               +-    .   --                       +|      .   . :   :           
            .     -- +------------- .     -+..   |         *.   ..   .          
        X +     .----+  +.  --     ------------||---.+o.   o..   .  +|  :   .   
   .      .......     - -   -----------+------+----(*)------(@)- .   .  .       
       .... .        ------+   #---#--.... .=|=o===-+====  --... . . .. :  .    
      .          .---      --+---+-.-= +.=.=.. .     ..-=----.*... . . ..       
      .    .   .*-   .  ---# ....=.=--+#--+#.-+O#+  .. .+   ---.*. .            
     . ..  . ...    ...-+ ..+.==..-.-.:##|+-..*.....#.....=.+==..-(o)-. .       
   * +  .+..... .. ...+. ..==.+..+..:++.|+....=.=.=+#=.= =..    ..=.. o    .    
         .==+.    .. + ==+..=.=#.=#=#+=@-=:+.-.+..+o-+o)-.      .==+..  + *     
     .   .  ===+====.== +.= +-.#.+---..|+-#.#..+.#-(@).= +*-=-==+.-.-.- +     . 
..    .  ...  : ..=.=== +=--=. =+.+.-=-+=.+=. =..=--= .     -+....  .           
      ..  ........---+=...   ..#. .......-#---.+--.  -o------    .  . ..        
    .  .. :  -- +..----+.. +....++ ..+.#+|---+--------  *   .       . .         
      .. +.-. . ....    --+------------+-|+------    .. .          ..           
.  .   .X.+.  :   .....+-------- --+-----+|---+------+O)--------...++|          
          . . ..   ..      .+.....     .  |       +-  .          .      .   .   
           .   . .                      . |        --o        .                 
                  .     .       .        . |         --    .            .       
    .       . .       +                    |           +                        
   ..              . + .  .   ..           .|.*. .  .   :                   ..  
    .       .                     .    V . ..                       ..    .     
               .          .                 .          .        .     .  .      
                            .  .       .                  .               .   .
