---
source: src/modes/_130_hyperhex_4.rs
expression: "render_at(80, 24, 42, 0.0)"
---
                                 .                                              
                                    ..-  .    .                                 
                               .-.-=-..-=.-=--...                               
                           .  :-@..-===-@.=@=.-=-...    *                       
                           ..:-- .:=+*+=:-.=..=@=.=--.                          
                       . .  .-+  .:=.::---::..:=+*+=:--         .               
           .          .-@-= :-*  ...:--===--:.:=*@*=:---─                       
                     ..-===-.-+*. ..:-=+++=-:.. +*+=:+*+-│                      
                     .:=+*+=:.--. .:-=+*#*+=-:. == .-*@*-=─                     
                     .:=*@*=:.::: .:-=+#@#+=-:. .. .-+.::::                     
                    :.:=+*+=:--=--.:-=+*#*+=-:.:..#.: :=+=:                     
                   .:+@++*+=-=+++=-.:-=+++=-:.-::::#+.:+@+:.                    
                   ╲ ::  ..:-+*#*+-::--==*-=----=--:.-:=+=:.                    
                    .:+ ---:=+#@#+=:..:-=  .:-=+++=-:.#..-=-.                   
                   ─  .-+*+--+*#*+- ..:---:...:*#*+-:. :.=@=                    
                    . :-*@*-:=+++=-..:-=+=-:.:---#+=:..:+@+                     
                     ..-+*+-:--=-- .:-=*#* .:-=+=-:-:.=:+@                      
                     ─..-* .:= .:--.:-+#@ .:-=*#*=-::+:*│                       
     .                  -+*.:= .-+*+-. *# .:-+#@#+-=:-=│ .                      
                         │.=.- :-*@*-:-=+=-:-=*#*-=-.=@                         
                          ╲──: .-+*+-+-:.-+@+-.=.=@=╱│                          
                             ╲.-@-.=@==*.:=+=@+-=╲ │                            
                                   ╲╲╱   │───
