---
source: src/modes/_57_reef.rs
assertion_line: 1316
expression: "text(&frame(80, 24, 42, 6.0, &knobs()))"
---
===~--     --------   ~~~-   -~-~~=========~-  ~===~-       -----~    -~~~-   -~
~~=~~--      -~~=~-    -~~-    -~~~~-o----~~-   -~=~~-    .  --~~~~-    ~~~-    
  -~~~~--   o --~~~~-.   -~-     ---- o    -~-    -~~.~-   o  o--~~~-     -~-   
`    -~~~---  o---~~~-     ---              ----.    -~~~-- o    --~~~-     ----
        ---~-o------~~--      ---             ---       --~---o   ----~--       
             ------------         --            ---         ----------.----     
                                                                                
                                     oo                        o    .           
                         ,-~~~-.                                                
                       <(  o     >    o                                         
            o.       `   `-~~~-'                              o                 
                                     o                            **            
            o oo   .               o                        o    *%#*  ***      
            oo@@oo                                    ><((>   : *##&#%%%##%     
 `         o.@OOO@Oo:    ` ><o>    .             .     |     .%%##&######&*     
 \         O.@O ><o>o  ><o>     @@@@@                 |/     .#&&&###><((>*     
  |        o#@o  @@o         @=~@@@@@@@~    ooo       o  ooo .><((>>####&% \| / 
  |        o#o .@OO        @@@&=~&&&&&.@~=  OOO oo   |O  OOO  .*###&####&*. \|  
  /        Oo  OOo :      @@@@&&&=~&&&&@@@~ ||| OO   ||  |||   \%###&#&&%   ||  
 |         O   O   :  o   @~=@&&&&&&.~&@@@@ ### ||   |#  ###    **%%&**%%       
   ~~~:::...    . :::~~   @@@@=&&&&&&.&=~@@ &&&&&&    &  &&&      . ....... ::::
::~: . .    ...::~~~~~:::         ..   ::  .. o o.   . ::~~~~~::   .    ::~~~~~:
:  . ..   ..::~~~~~::...       .. :::: . .           :::::::   .    .::~~~~~:: .
  .         .     . . .      :::~~:::   ..   .   ..::: . . .    .
