---
source: src/modes/_41_vesper.rs
assertion_line: 167
expression: "grid_to_plain(&first).join(\"\\n\")"
---
                                                                                                    
                                                                                                    
                                                   ⣠⣴⣶⣾⣿⣿⣶⣶⣄⡀·                                      
                                                 ⣠⣾⣟⢟⣫⢕⣫⢟⣽⢽⢿⣿⣷⣤⡀                                    
                                                ⣼⣿⢯⡭⠭⣒⠭⡪⣚⢕⢵⢳⢽⢞⢿⣿⣦⡀                                  
                                              ⢀⣾⣿⡯⣟⡪⢍⡢⢝⠪⡲⡓⢕⢕⢕⢝⢮⣳⣯⣿⣦                                 
                                             ⢀⣾⣿⣿⡯⠲⠭⣓⠮⡓⢝⠬⡪⡵⡣⢝⢝⢮⡮⡺⣯⣿⣷⣄                      ·        
                                            ⣠⣿⣿⣿⣿⡯⠭⢝⡲⣕⠮⡱⢕⢜⠬⣪⡣⡫⡪⣪⢳⢽⡾⣯⣿⣦                              
                       ⣀⣠⣤⣠⣤⡠⣀⣀⣀⣀⣀        ⣀⣶⣿⣿⣿⣿⣿⡫⠭⣓⠬⡲⢝⢪⡢⡗⢕⢕⢬⢞⣫⢫⢏⣗⢯⣾⣽⢀⢀⢀⢀⢀                          
                     ⢠⣾⣿⣝⢯⢺⢫⢫⢪⢖⡤⣀⣀⣀⡀⣶⣶⣶⣶⣶⣿⣿⣿⣿⣿⣿⣿⣿⣞⣑⡢⢝⡪⣓⢕⠮⡪⣹⣱⢕⢕⢕⣀⣤⣶⡶⡟⡟⢸⢸⢸⢸⢸⣽⢻⢲⣤⣀                     
                    ⣰⣿⡟⣷⢹⡎⡇⡇⡇⡏⡏⡞⡔⣩⢖⣀⣀⣀⡀⣿⣿⣿⣿⡿⣿⣿⣿⣿⣿⣗⣒⡮⣗⣯⡪⣕⢕⢫⡪⣺⢠⡖⡟⡇⡇⡇⡇⡇⡇⢸⢸⢸⢸⢸⢸⢸⢸⢸⢹⣷⣄                   
                   ⢠⣿⣿⣻⢸⡇⡅⣷⢹⢸⢸⢸⢱⢱⢡⢫⢞⡤⣀⡀⡀⣀⣿⣶⣝⢮⣿⣿⣿⣿⣿⣒⣪⢗⡿⣺⢶⢕⣏⢀⣾⢸⢱⢣⢧⢇⢇⢇⢇⢱⢸⢸⢸⢸⢸⢸⢸⢸⢸⢸⡇⣿⣆                  
                   ⢸⣽⣟⣯⠸⡇⡇⣿⢸⢘⢸⢸⢸⡸⡸⡸⡸⡸⡱⣲⢄⡀⣀⣯⣭⣗⢿⣿⣿⣿⡿⣖⣚⣿⣿⢟⣵⡻⣠⣿⣳⢏⡞⡾⣸⢸⢸⢸⢸⢸⠸⢨⢸⢘⢸⢸⢨⠸⠜⡋⣧⢻⣿⡆                 
                   ⣿⢟⡾⡍⢾⢡⡃⡛⣨⢸⢸⢸⡎⡇⡇⡇⣇⣇⢧⢣⢫⢤⡀⣀⣯⣭⣿⢿⣿⢿⡿⢿⣭⣿⣿⣯⣞⣟⣿⣷⣫⡾⣸⢣⡇⡟⡬⣘⢨⢨⢸⠸⢨⡸⡌⠎⡎⡇⣇⢷⢹⣎⣿⡇                 
                   ⣿⣿⡝⣜⡯⣘⢣⡇⡿⣸⢘⢸⡇⡇⣇⣷⢹⢸⡜⣎⢧⣻⣒⣀⣀⣵⣯        ⣿⣿⠐⣿⣟⣯⢞⣷⡟⣼⠱⡇⡟⣼⠸⢨⡸⠇⡆⡃⡇⣆⢕⢙⡘⣃⢾⣿⣿                 
                   ⢹⣷⣟⡾⢢⠿⣰⢅⡃⢯⢸⢸⡇⡇⣿⢸⡸⡇⣷⡹⣮⣷⣽⣤⡀            ⠉⢿⣷⣿⣿⣵⣿⢫⣾⢨⡃⣵⢸⢸⡅⡇⡅⢧⢪⢘⠜⣎⢷⠹⣳⣾⡏                 
                   ⠸⢟⣮⣗⡿⣣⡟⣼⢇⡏⣾⢸⢀⣀⣀⣀⣀⣀⡀⣷⣽⣿⣿⣿       ⢀      ⠈⢿⣿⣿⣿⣾⣿⡏⣾⡇⣿⠸⡆⣇⠶⢹⡨⡊⣇⢧⡲⣔⢿⡾⡿⠇                 
                   ⠈⣿⣿⢞⣵⣾⢱⢀⣠⢴⣺⣽⣽⢮⠪⡫⣿⣟⣿⣷⣦⡀⣿      ⢠⣾⣿⣿⣿⣶⣄⡀  ⠈⢻⣿⣿⣿⣿⡸⣿⣧⢻⡜⣧⢹⡸⣊⢧⢳⡰⣌⢥⣩⢵⡾⡿ ·                
                   ·⢻⣿⣿⣿⣀⠰⣿⢮⡳⣍⢪⡳⡱⡵⡵⡵⡫⣺⡿⣿⣿⣆      ⣾⣿⡿⣝⠷⢶⣿⣿⣷⣦⣄⡀⢻⣿⣿⣿⣿⣮⣻⣮⡻⡜⣇⢷⡹⣎⢧⡳⣝⢷⠽⣛⣿⠇                  
                    ⠸⣿⢠⣴⠦⣙⢮⡱⢜⢪⡱⣑⢜⢌⢾⢼⢝⡽⣾⣯⣿⣿⣆    ⢸⣿⡯⡪⣒⠭⣓⡲⠶⠾⠿⢿⣿⣿⣿⣿⣿⣿⣿⣻⣺⣽⢝⣎⢯⡻⣜⢮⢣⣱⢶⣽⣿⡟                   
                    ⢀⠰⣝⠪⣑⢬⡑⢌⠢⡑⢜⠪⡪⡲⡱⡱⡫⣻⢝⣿⣿⣿⣿⡀   ⣿⣟⢿⣮⢔⡩⢖⣚⠭⠭⢭⣭⣭⣵⡿⢿⣿⣿⣿⣿⣝⣿⡿⡣⡳⣷⣝⢷⡵⣽⣿⣿⡿⠁                   
                    ⠰⣝⠢⣝⢎⡒⢜⠢⣑⢬⠢⡓⢕⠬⣪⠾⡺⣳⢷⢿⣿⣿⣿⣧◦◦⣸⣿⣳⢕⣕⡩⢖⡡⢒⣪⠭⠕⣒⣒⣒⣚⣛⣛⣛⣫⣭⣛⠿⣽⣮⡪⡪⡻⣿⡮⣿⣿⣿⠁                    
                   ⠘⢮⡣⢝⢢⡑⢬⠢⢍⠢⡣⢕⠪⡒⢵⢕⢍⣺⠵⣳⢟⣾⣿⣿⣿⣆⣰⣿⢿⡻⡧⡫⢒⡥⢚⠥⢒⡫⠭⢔⣒⣒⡮⠭⠭⠭⣭⣭⣭⣛⠾⣝⢮⡮⣮⣟⣽⣿⡿⠁                     
                   ⠑⠙⠭⣓⣕⠮⡑⠭⡢⢍⠪⣢⢕⠪⡚⡖⢕⣳⡫⡯⣻⣻⢿⣿⣿⣿⣿⣿⢟⢿⢮⢝⠵⣊⠵⣊⠥⢒⡩⠥⢒⣒⡪⠭⢭⣛⣓⡲⠶⣭⣟⡶⣟⣽⣿⣿⣾⡿⠃                      
                   ⠈⢵⡯⡪⣒⠭⡪⢕⠬⡑⠵⡢⣑⠵⡪⣙⠵⡬⣪⢾⡽⣻⣿⣿⣿⣿⣿⣯⣟⢕⠵⡩⢪⠔⡪⠔⣊⠕⣒⡩⠥⣒⣪⠭⣕⣒⡾⢭⣝⡲⣯⡿⣿⣾⣟⣿⠟⠁                       
                   ⠈⠙⣯⣪⢕⣕⡫⣒⠩⣪⢕⠬⡒⢕⡪⣑⠵⣫⢖⡵⢞⣽⣶⣾⡿⣿⡫⣾⣭⡫⡫⣎⠕⡩⢖⡩⢔⡩⠔⣊⠭⣖⡪⢭⣒⠾⣭⡳⣮⣿⣾⣿⣿⣿⡿⠃                         
                    ⠈⠣⠻⣷⣺⢮⡖⡕⢔⠵⡫⣒⠍⣪⢕⡭⣒⡵⣚⣭⠶⠶⢾⣝⣟⣾⣾⡮⡪⢲⢕⡫⣚⠥⡺⠕⣊⢽⡪⠭⣲⢭⣓⢮⣟⣮⣿⣯⣿⣿⠿⠟⠁                           
                      ⠙⠻⢿⢷⢮⣞⡵⣫⢞⠵⡫⠰⣫⢞⡵⢞⣭⢞⣛⣛⣻⠮⣳⣕⣮⡪⡺⢗⠝⣪⢓⡭⣒⢽⡪⣕⢮⣛⣽⣷⣽⣯⣿⡿⠿⠛⠉⠁                              
                        ⠈⠙⠿⠺⠽⢪⣗⡷⣵⣫⡶⣫⢞⣫⠶⣛⣭⣭⣭⣻⢯⡳⢝⢿⣲⣕⢯⣪⡵⣝⢾⡳⣝⣞⣯⣿⡿⠟⠛⠉                                    
                           ⠈⠉⠛⠿⠛⣾⣷⡽⣷⣽⣳⣿⣟⣭⣶⣮⣝⡳⣮⣳⣽⢯⢮⡷⣟⣾⣿⣯⣿⡿⠛⠋                                         
                                ⠉⠙⠻⠿⣿⠿⣿⢿⣿⣿⣿⣿⣿⣯⣿⣾⣯⣯⣿⣿⡿⠟⠋⠁                                            
                                     ⠈⠉⠛⠛⠻⠿⠿⠿⠿⠿⠿⠛⠛⠉                                                 
                                                                                                    
                                                                                                    
                                                              ·
