---
source: src/modes/_132_hyperhex_6.rs
expression: "render_at(80, 24, 42, 1.5)"
---
                                 .                                              
                                   ───    │ =╲.                                 
              .                 ╱││=+=╲───╱╲+@+─ ╲                              
                           ──╲@╲│││+@+─:---==+=│──╲=+   *                       
                           │╲╲@.─╱────:--==+==--─││+@+─                         
                        │─---───────│::-=+***+=-:╲│=+= ╲╱│      .               
           .           ╱╱-===-────│─╱::-=*###*=-::╲──╱─╱*@╲                     
                     ╱╲│-=*#*=-│───╱│:-=+*#@#*+=-:╱│─│:─ *│─                    
                     ╲─│-=#@#=-│─╱──│::-=*###*=-::──│:==+==─                    
  .                  @╲─-=*#*=-─│─╲│─::-=+***+=-::╱│╲-=*#*=-─                   
                    ──│╱────=-─╱│───╲─:--==+==--:──│─-+#@#+-│                   
                   ─│ ╱─+──╲─│─│─││──│──---=---:│╱╱│─-=*#*=─│                   
                    ╲╱─*#*──╱─╲ ││╲│──│╱─────╱──╲─╱╲─:==+=─││              .    
                    │─+#@#+─ ────│───-----───────────╱────│─╲                   
                 . ╱─│ *#*#─╱──│─│  -=====-─╱─│─╱╲────╱│──╲ ╲─                  
                    │──│+#*──││─╱││-=++*++=-  ─╱│─╲─╲│*#*─│─╱─                  
                     │─│╲───╱│╱──│╱-=+###+=-╲─│││╱│─ *#@#──╱                    
                     ─│╲────────│──-=*#@#*=-─╱╱│││╲ ╲─*#*──                     
.    .                ╲│──│ ─│─│││ -=+###+=-╱││ ││───│────                      
                       ─╱╲╲───*────-=++*++=-─││─│╱ ─│─│──                       
                         ╲─│ *@*────╲─====-──││*───────│                        
                               ─│──╱─│──────│─*@*───                            
                                │──│──@│─│╱│╱│───╲                              
                                   │ │──│──╲
