---
source: src/modes/_108_selvedge.rs
assertion_line: 304
expression: output
---
                                                                                
                                   ::::::::::                                   
                        ::::::::::...............:::::::                        
                   ::::::....... |---- |     |  ........:::::                   
               ::::.....   |     |    -x------*---  |   .....::::               
            ::::...  x-----o      \     |     |     |    |   ....:::            
          :::...-----|      o---  \      |    x-----o----*-   | ...:::          
        :: ... |     \      \   ---x-    |----/    /    |  ---o---... ::        
       :: ..   \      \      |     | ---*-   /    |     |     \@    .. ::       
 .    ::..     -x------o---  |    /    /   -o-----*---  \      \      ..::      
     :: .*----- |      |   -*--  /    /---- |     \   ---o-      x-----. ::     
     :  . |     |     /    /   -o-----x     \      \       o----- \    .  :     
     :  . |     /    /    /     |     | -----*---    \      \     |    .. :     
     :: .x-----o----*----/      |    --o      \  -----\     |  ---*----. ::     
      ::..   /     /     o------x----   \      \      o-----x--  /    ..::      
       :: ../     |       \      \    ---x--    |     |    /     |  .. ::       
        :: ...---  |      \       *---   |  ---o     /.    /-----x... ::        
          :::... --o---    |  ----|      |     /----x-----*-    ...:::          
            :::.... |  ----x--    |     /     |     |      | ...::::            
               ::::.....   |    -x-----o---   |     |   .....::::               
                   :::::........ |     |   ---x .......::::::                   
                        :::::::...............::::::::::                        
                                   ::::::::::                                   
                        .
