---
source: src/modes/_61_fma.rs
assertion_line: 266
expression: "frame(1.1, false, 100, 36)"
---
                                              ---.       \\.  .                                     
                                                 +-----    \\. ..                                   
                                  ......----------+----------\\. ..                                 
                                  -----------   ..|.....----+++++--.                                
                                ------        ----+----        --++++++............                 
                             +-----        +-----+++-----+        -++-++---        ....             
                           ///+-         //+-- /+-+-+\ -+\\\         ++\\\ ------                   
                         ////           ////  /+++-+\+\   \\\          \\\\\                        
                        ///            / /   //++---++\\   \ \            \\\                       
                      ////             ++   /++++---++++\  \++             \\\\.                    
                     //+              | |  /++-++++++++++\  | |              ++\                    
                    /// -              ++ +/++ \++++++ \+\+/++            ..- \\\\                  
                   ///                 \ ++++---++-+-+--++++ /                 \\\\\                
                   //                  /+\\\+---+   +---+ //+\                  \\  \\\             
                  ///                 // \\+--        --+/// \\                 \\\  ..\\           
                  ++                 //    +-------------+    \\                 ++    ..\\         
                 | |             ---++--       -------       --++---             | |     ..         
                 | |         +-----++------+  +--+++--+  +------++-----+         | |       .        
                 | |       //+--  +++++\--+\\\ \+++++/ ///+- /+++++ --+\\\       | |        ..      
                 | |      ////  /+/+-+\+|   \\\ \+-+/ ////  |+/+++++\  \\\\      | |          .     
                 | |     ///   //+++--+++    \ \ \+/ / /    +++---++\\   \\\     | |                
                  ++     ++   //+/+---+++     ++     ++     +++---+\+\\  \++     ++                 
                  \\\    ||  ++++++++++-+++\  | |   | |  /+++-++++++++++  ||    ///                 
                   \\    ++ +/+/ \+++++/ \+ + ++     ++ + +/ + ++++/ ++\+/++    //                  
                   \\\   \\+/++--+++-+++--++// /     \ \\++--+++-++---++\+//   ///                  
                    \\\ --+++++---+---+----++++-------++++----+---+---+++++-- ///                   
                     \\+   \\\+-         -+///         \\+--         -+///   +//                    
                      \\\\   +-------------+             +-------------+   ////                     
                        \\\      --------                   --------      ///                       
                         \\\\                                           ////                        
                           \\\+-                                     -+///                          
                             +-----                               -----+                            
                                ------                         ------                               
                                  -----------     |     -----------                                 
                                        ----------+----------
