---
source: src/modes/_101_p02_glm53f_max_c.rs
assertion_line: 770
expression: "text(&frame(120, 40, 42, 0.0, &knobs()))"
---
           '      '.   .                                                                                 '              
                                      '                 :                                              :     '          
                                                    '                        '   .                               :      
                                .                           :.    :           '                                         
            '                          .         .     :                  :  .                  .                     . 
                                   '                          :                                          '              
                                                : . :                                                         .         
                                             :                                                                   '    : 
  :                                                                                :   :                                
                 '                                         ''                                                         ' 
  :         :    :    \\\\\\\\\\\\       :                %%%%           :::::::::::::            #            '        
             .        %%%%%%%%%%%%%            :    %%#          #%%     ::::::::::::             #                     
  '.             :    %%%%%%%%%%%%%  :::::::::::%##            | /   ##%           ::             # .                   
                      %%%%%     .  ::::::::: %#    ·     ||   ||/        #%:         %%%%%%%%   . /  '.                 
                :     \             :::   %#        ·    ##||||#||||     |  #%:::   %%%%%%%%%%%%%                       
      '               #    .      \\\   # ·                \#   +---+   ##||||##:::   ///%%%%%%%%                       
                      ##      \\\%%%% #     ·      ·     ||| ##-+         \#   +-#-    '  ////%%                      : 
 :      .             ###\\\\%%%%%%%#           ·    x\ | +-- \\#        |||##-+   #      :                     '       
                  '.      %%%%%%%%%           |/   ##◇ #       \ #      |+--  \\|    %        #####                     
                         : %%%%% #      |||  |#/     ||    ·  ·               \ #     #%     ######                     
          '                 %  %        ##||||#|||+     ·                 ·   ·         %%% //#####               .     
                          \\\ #           \#   +----             ·     ·                 #%   ///##                     
                       \\\####         ||||-###|       ·         ·              ·      #||#      //                     
 .        '           \\#####            +-  \\#       ·              ·          ·   ||#|| #    .                       
: :                   #####%| /               \    x\     ·     ·     ·              #\# | ◆%                           
  :   :               #####| #/             | /  ##◇|#       ·           ·     ·      +-## \##                          
               '      #### |#|||++    #||  |#/     |       | /              ·         ||#-####         '   .            
      .      . :      ### # -++----    ##|||#|||++    ||  ||/           ·   ·              x \#   #                     
            :          \  -## |         |#\  +----   ###|||#||||+    ·                  ·  ·   # //                     
                :     \\\-  \\#      ||||--##|          ##  +----   ·         ·      ·                  .               
      : :             \##    \         +-   \\#      |||--##||                 ·   ·         ·                    .     
                      ###·  ·               \         +-   \\#       ·                        ·     .                   
  :                    ●●●     ·        ·  ·               \   //x\    ·  ·  ·      ·         ●●●       :               
    '       '       '  #             ·        ·        |||||   #|◇|#                  ·      ·  #            '        : 
                       #       ·    ·              |#||||||||#   |     ·  ·               ·   /x#      :.      '   :  ::
   .                   #      ·               ·    #|#|| |-+#--     ·       ·           | /  #|◇#              :        
                       #   ·        ·        ·      #\ |◆\ /|++   ·               #||  |#/     |#                       
      .                #               ·  ·        +-+##--#-+                ·     ##|||#|||+   #                       
              :        #                            | #-#x\\+      ·                |#\ -+----  #                       
.        .             #                                             ·  ·  ·     ||||--#\|      #           .
