---
source: src/modes/_114_hyperhex_2.rs
expression: "render_at(80, 24, 42, 6.0)"
---
                                                                                
                        .       ────────────────│                               
                            ────│││───╱╲.╲│───│─────│                           
                         ───│╱───── .╱────╱─.─╱──╲─────│                 .      
                       ──│╱.── . ─────│╲.──  ╱─│╲.╲│─.───│                      
                      ─│.───│╱──│╱ . ────╲╲  .  ╱────.╲│.─╲                     
                    ──│─│╱.─╱ . ╱────││ . ╲─╱──╱╱ .─│────╲──│                   
.                  ─│╱ .╱ ╱╱│╱───    │─────╱ o ─│───╱  ─│.╲│─│                  
                   │.╱──╱ . ╱ ╱╲───o ╱╱  ─╲│╲   ╱  ─│ .  ╱╲─.│                  
                  ─│╱ .╱╱───╱ o─────╱╲│ o  ╱╱───│ o │╱──╲╱.│──│                 
                  │─│╲ ╱╱──╱╱──│─ o   ╲──╱╱╱  o─│───╱  . │── ╲│                 
                 ─│.───│╲. ╱───│──   ─────││─  ── ─╱╲─╱  ───╱.─│                
 .               ││╲│ .──╲─│ o  │ ─── ╲╲o │ ╱──│  o  ╲─╲╱│. ││ ╲                
                 │─.│──│─.╲│╱── ──   ─│ ───╱   │─   ── .╲╱╲─╱.│─                
                  │────│╲  ╱ ─╱─╱  o  │╱──││ o  ╱╱──│   ╱╱ ╲│││                 
                  │─││.╱ ──╲  o╱──── ─╱ o ││────╱│o │╱──│ . ─│─                 
                   │.───╱ . ╲─ ──╱────│─────    │╱╲╱╱ . │╱─╱.│               .  
                   │─╲╲.│╲╲ ───│╱  o ──   │╱ o  ╱─ ╲│─╱╱╱.╱ │─                  
                    │──╲│──╲╱╲.│─╱─── ╲╲o │─────│ . ───││╱ ╱─                   
                      │─.│.── ──╱  .──────── . ╱╱──╲│─.─.│─                     
                       │───.╲╱─.─╲─╲─│  . │─╱╲╱╱ . ─.─││──             .        
                         │───────│╱╲.│─╱╲──╱ .╱│──╱││───                        
                            │───── ──╲╱─.─────│╱│────                           
                                │────────────────         .
