---
source: src/modes/_30_illuminarium.rs
assertion_line: 827
expression: "plain(&frame(80, 36, 42, 2.75, &params))"
---
│─◆───◇───◆───◇───◆───◇───◆───◇───◆───◇───◆───◇───◆───◇───◆───◇───◆───◇───◆───◇│
│╭╲◇───◆───◇───◆───◇───◆───◇───◆───◇───◆───◇───◆───◇───◆───◇───◆───◇───◆───◇─╱╮│
││─◆╲    ◇     ○     ⊙   ✦─✦✦  ✦ ∙      ◆     ◇     ○     ⊙     ✦     ∙   │╱──││
││  ──╲─                  │─│  ─✦─✦                                    ╱╱───  ││
││    ───╲                ··│─╱──│∙ ─✦   · ·✦✦✦─·──│ ·····          ─╱──      ││
││       ──────       ······─│· ─│──·─✦·  ✦─│─│··  ─│    ·········╱──         ││
○│                ·· ·······││·─✦╱··──│   ─╱│─│  ···✦· ·   ·· ·  ╱            │○
││             ───╲·····  ··│──│──✦···─✦──│─╲  ╲─···│·∙· · ···· ·             ││
││            ─│   ✦────│· ─│·─│··∙──∙✦─│──  ─○·│────│ ──────────│            ││
││            │  ✦─╱─✦──────╱ │  │───│·──││──∙───│── ·─│· ·· ··· │            ││
│○             ╲✦────│───+─│──∙───·╱··✦──────│──●∙·│──│∙────◆│·─✦─            ○│
││            ✦✦╲✦·✦· │─ │─╲ ─────╱  ╱✦✧· ─│ ·─∙──∙──│───·──╲────✦✦  ∙        ││
││         · ✦─│─│───✦─│───│ ○    ✦─╱──◇─────╱ · ·──││ │ │─✦────│──✦─✦        ││
││      ✦─✦─────│──││─── ··  │ ───◆───│─│────◆─│· │  │──│✦──│───✦✧───│╲       ││
││    ────│     ∙✦───││──────│∙│ │─│ │───╱│─│────│───││───────│─│──││  ──✦    ││
○│   ✦── ││───◆  │╲✦·│─│∙  ───│──│───│────│─╱─││ ◇│─│──│╱─·· ✧─╱││───────✦    │○
││    ✦│──  *│∙──││∙─✦ ✦│─ ∙│─◇───╲·──│─────│────│─✦──╲─│─✦ │─│╱│──│  │─✦ ∙*  ││
││        ╲── · ·│──··──╱────││───│─│╱────│╲─│ ─╱──│✦─✧─✦─│── ─│││  │──       ││
││       ·  │╲*──╱─│──    │○─◆│∙│─╱│╱─│⊙◉⊙│─╱│──││ ◆─∙─│ ·────│─│──╲─         ││
│○          ──∙│─││·─│∙──·──╱│──╱─·│─╲│────╱│─│───││───·─────·─│─│ ╱+╲   ·    ○│
││       ──╱╱───││─╲··  │─│─✦──│───╱│─────│──·╲── ◇──○◇╲·│──✧─│─✦│───│──│  ─✦ ││
││    ✦───*───│ ─││───+✦│✦  ∙╱ ◇│─│✦╱─│────│───│──│──⊙ ·─╲ · ──∙│─◆* ─│─────✦ ││
││    ─│·── │─✦──│─│✦─╲──│○────│────│─│╱───│ │─│·─○│── ◇·│─│✦✦──✦╲    ││──    ││
││     ✦─✦──────│─·──│─✦│∙  │─· ││─◆────│─│───◆───│─◆∙◇○──*─·──✦│+────│─✦     ││
○│        *   ✦────╱ ─✦│*│ ─*──·│─*──│✦+─◇─│── ···─○│ ╲╱─╲───│✧─✦─✦   ∙       │○
││              ✦─│   ·│─╲──·││──∙✦·│✦─·│─── ╱─────│─── ────────✦             ││
││              ─✦──◆───╱──╲──────│──✦─────│──────⊙◇·○◇∙──│╲─╲─✦─│            ││
││              ││──────··│ ╲·│✧╱│── · ╲─·│─✧──│· │─○ │──────│─·✦─            ││
│○              │✦─── ╱──────╱╱─· ∙│····││─○│─│─  │ ·│───────✦───·            ○│
││               ╲─│── ···│─·──╲◇ +·╲· ✦╱─∙··│───·│·│─·  ✧····· ·────         ││
││          ───   ·✦······· ││─·│────│╱──✦────╲ │──·╱ ····∙····     │──       ││
││      ───╱      · ·······│─·│*│·∙│──✦  ✦─ │─│─────✦ · ·······     ───╲─     ││
││   ──╱│         ·· ···  │─││·│─∙──       ∙  ✦ ─✦     · ··  ·          │╲─   ││
○│ ─╱│                   ✦─ │─✦─ ─✦                                       │╲─ │○
│╰╱◇───◆───◇───◆───◇───◆───◇───◆───◇───◆───◇───◆───◇───◆───◇───◆───◇───◆───◇─╲╯│
│─◆───◇───◆───◇───◆───◇───◆───◇───◆───◇───◆───◇───◆───◇───◆───◇───◆───◇───◆───◇│
