---
source: src/modes/_100_p01_omp_flash41_max.rs
assertion_line: 1326
expression: "text(&frame(80, 24, 42, 0.0, &knobs()))"
---
                                   `                     '    ,                 
                                                          ,,  ,                 
                         @       o                          , ,    '            
                        ---  o |  o| -*                      ..*  ,             
                       @  \     o  o                    :    %.%%  +       `    
              .        o   o-o  *   *    **  .         : ,+.%.@@@%+*:  , '      
          `          *-|   @-****** ****** *      ' ' ,,    +%@@@%**   :   '    
                    --o-o o*O*oo|O   / /        '            *+  +              
                   *    **  o  *oo* *\//\\ ,              , : :'   :     .      
                         o     o-\-\ **o                ''     '                
                     * *o-\-* */ \  \|                 '                        
                       *o------/-\  \|                                          
                               * #####                         `                
                              .    ###                                          
                                    #oo                                         
                                    #**                                         
        .                            #o                                         
      ,       ,                     . ##   '                                    
                                      ##  ░░░░░░░░░░░░░   .                     
          .             ,  ; ;      ░░##▓▓▓▓▓▓▒▒░░░░░░░░░';;                '   
                    '     ;; ;    ░░░▒▓##▓▓▓;▓▓▓▒▒░░░░░░  ;     ,               
               , , ;;     ;  ;     ░░░▒▓▓▓▓;▓▓▒▒░░░░░░    ;                     
                   ;;                 ░░░  ;    ░░░░                            
    ,
