---
source: src/modes/_59_gothic_trace.rs
expression: "frame(42, 0., 0., 80, 24)"
---
                                                                                
     ......................................................................     
      .                                                                  .      
  ....                               ......                               ....  
                                .......  .......                                
                              .....  ......  .....                              
                            ....    .........   ....                            
                          ....     ..........     ....                          
                         . .       ..........       . .                         
                        ...         ........         ...                        
                        ...   .....    .     .....   ...                        
                        .. ...     ...     ..     ... ..                        
                        .. .         .    .         . ..                        
                        ...           .  .           ...                        
                        .. ....   .... .. .....   ... ..                        
                        ...    . .    ....    .  .   ...                        
                        ..     ...     ...     ..     ..                        
                        ..      .      ..       .     ..                        
                        ..      .      ..       .     ..                        
                        ..      .      ..       .     ..                        
  ....                  ..      .      ..       .     ..                  ....  
      .                 ..      .      ..       .     ..                 .      
     ......................................................................
