---
source: src/modes/_102_p01_crazy_opus_high.rs
assertion_line: 1105
expression: "text(&frame(80, 24, 7, 3.0, &k))"
---
                                                ` `,              `             
                                               ,**                /.            
               ,+______----___``           @    \\\             ///             
                     //      -*   o--------/\   *-\_____-----  //               
            ,        ,|    , ,,  //\\\    // \\              \/                 
           +         +--\  _*   //   \\  //    \ `  ,        /__                
           --\          \ /     /    --.*.\-----o *      , , \\ --\\            
             \\          //  ,`@-------o..\\    |  \\     *_/ \\   \\_          
               \  .      /   * \\     //  \\\  | `  `\  __-    \\\   -.         
           `   /_\       | /// ,`\\   /     \\\|`  *\|_--        \\             
          +-__-  \\      |//  /*,  \ //   ----@  *  \\|    ____   \___.         
                  |\     \/  // |* `\o----`,   *  \  \    //   --\`             
                   |_____||//   |  /*      /* /   | /|   //       .             
                   .     --/    / //      //_// //_-_  //---_\_----.            
                          /_\  || /     __/ \/__    --//      .                 
                      `  // \---\|| ___//    +       \_+                        
                      +--        ||__                 -                         
                                |||                                             
                                |||                                             
____"___________________________//'___''____________________v_,_v'_'___',_______
                                /\\     ..:: :   : . .:.: :                     
  . :. ..           :\ _____\ _/  \\    /                                       
           --___   //\-  ___--\\    |__-/--___  _            :                  
    :.  : . :   ----... --  // \      ---    ----____
