---
source: src/modes/_58_opus_3_ferrofluid.rs
assertion_line: 445
expression: "text(&frame(80, 24, 42, 0.0, &knobs()))"
---
     ,\\  \\\\|||//////----   --       ------    ----  \\\  \\ \\  || //  ///   
       -\\  \\\\|**///--------  --------     ----   ---- \\\ \\ \| || // ///   /
..--.   , --\\**oooo**---------------   -----    ----  --\ \\\\\\||| // //  /// 
     .-------*ooO==Ooo*------------ '----   -----   ----- -\\\\\\|||///// //-   
         ----*oO=N##=o**----------,---  ----     ------ -----\******////--- ,---
  ..------ --*ooOO=###==------------- \\\   ----       -----**ooooooo*--------  
..  .  . -////******==###=--------\\\\\ \\  ,   .-----------*ooO=S=Ooo*---------
       //' // |||\\\\\-=###=----\\\\\\\\ \\,        --------*oo=##=Ooo*--       
     ./.   /| ||\\\\\\---=####=-\\\\\|||' ''     .--- -------*###=oo**----------
    ..    ||  \\ \\\\-------=###=**o**/////    .... ////////=###=***\\\ ----    
   .. '   '|   \\ \\- --------=###==Ooo--'     ''  ////////=##=///| \\ \\ . ----
  ..       \,   \\-  ---------*o==#S=Ooo----  '\|  || |***=##=-//// |\  \\--    
  .'        \,     -----------*ooOO=OOo**\\\\\  \\  \\ooO=##=**-- ,  \\    ---  
 .'          ,--..      -------**ooooo**\\\\\\  ||   -oO=N#=oo*--     .--.    --
 ''              ..-----' ---//////||||\\\\| || //   /oO===Ooo*\||    .  ---    
 ''                    --- ////////|||||||||||/// ---**ooooooo**//------  , \\\ 
  ',               .---   // ////||||||||||||/////----**ooOOOOoo*----  ---\   \\
  ,,            ....     // // ||||||||||||||//////---*oo=#S#=Oo**------  \\\   
   ,,       ....   '    //  || |||||||||||||||//////--*==##=OOoo*\\\\\\ \\  \\  
    ,.......           .|   || ||\\\\\\\\\\||||///////=##=ooo***\\\\\\\\ \\  \\ 
                       |'   |\ \\ \\\\\\\\\\\|||////=###=////|||||\\\\\\\ \\  \\
              '.       ',   \\\ \\ \\\\\\\\\\**ooo=###=/////////|||||||||  ||  \
                       ,\,   \\\,\\\ ------**ooO=###=*---//////////|||| || ||  |
.......                  ,,    ---- -------**oO=N#=Oo**-----//////// ///|  || .|
