---
source: src/modes/_113_hyperhex.rs
expression: "render_at(80, 24, 42, 0.0)"
---
                                                                                
                        .       ────────────────│                               
                            ────│─╱──╲╱ .────╲╲─────│                           
                         ───│╲│╱╲╱  . ╱──╲│╲. ╲ ╲─╲────│                 .      
                       ──│╱.╲─╱.╱╱───╱╲ .─╲──╲ ╱ .───.╲──│                      
                      ─│.╱╱  ──╲╱  .  ────╱╲ .╲╱───│╲. │.─╲                     
                    ──│╲╱ . ╱ . ╲╲──╲╱  .  ╱──╱╲  ..╲╲── ───│                   
.                  ─│╱╱.╲──╲ ╲──╱──  ╲╲───╱╱ o ╲╲   ╱──╲╱. ╲─│                  
                   │.╲╱│╱ . ╱──╲╱╲ o ╱───╲ ╲─   ───╲╱╲. ╲╲──.│                  
                  ─│─╱.││──╱  o ╱───╱   o ╲╱───╱─ o ╲╲╲─╱ .╲╲─│                 
                  │─╱───╱─╲ ╲──╱  o  ╲╲───╱╲  o ╲──────.─╲╲ ─╲│                 
                 ─│.│─╲╱ . ╲───╲     ╱╱╲─  ╲╲   ╱───╲╱  ╱ ─╲│.─│                
 .               │ ─││.╲╱─╲╱ o  ╲───╱   o  ────╱╲ o  ╲╲╱╲╱. ─╲ ╲                
                 │─.││─╱ . ╲╲──╲╱   ╲╲──  ╱╱    ────╲─╱. ╲╲╱ .│─                
                  │╲───╲╲╲ ╱──  ╲  o ╱────╱╲ o  ╱    ╲╲────╲╲─│                 
                  │─││. ──╱   o  ───╱╱  o  ╲╲──╱─ o  ───╲│.╱─│─                 
                   │.│─╲│ .╲╲ ─╲╱  ─╲╲     ╱── ╲╲ ──╱╱.  ─╲╱.│               .  
                   │─╱ .╲╲───── ╲╲ o ╲╱───╲╱ o ╱───  ╲╱╲╱. ─│─                  
                    │──╲───╱─ .  ───╲╱  o  ───╱╲  . ╱╱  ││╱╱─                   
                      │─.─.╲╲───╱╲ . ╲╲───╱╲ . ╲───╱  .─.│─                     
                       │───.╱╲ . ╱───╲──.── ╲──╱ .╱─.──│──             .        
                         │──────╱╲  . ╱──╲ ──.─────╱│───                        
                            │────╲╲──╱╲ . ╲│─│╱─│────                           
                                │────────────────         .
