---
source: src/modes/_44_volute.rs
expression: "grid_to_plain(&b).join(\"\\n\")"
---
                                                   ..~              ~~~           ~         .     ..
                       .       .                 .~                            .        .           
     ...~     ~~.        ~       ~                                          .~                      
                                      ....                                                          
                      ~      ~                          ..~~~         /\                .~          
      .      ~~.                                                    #//+\\   ~       .              
                    .                          ..                 ///***+\|                         
                             ~              ___                 /+*+*+*+*+||                        
                                      ___###||###|____        **+*+*+*+*+*+||        ~              
                     ~             //*##|####|##*|****|__   ++*+*+*+++*+*+*-|                 ..    
            .                    //\##%#\#****#*|#***|+++\ \\**+*+*+*+----++||                      
                    ~          ||*#%\\%*#\**______#|**#+//\\||*+*+*+*++++*+++|     .                
                         .    ||##%%#*\*+//__*|+*____/****+||||+***+*+++=++=+|            ...~      
       ..~                   ||*---%##*|||\**#|###**\\**/---| |++*+**+++=++==|                      
.                         ~.||+*#%%#-+| |-#*|/||#_\**||+*#*=|~|+*+----*+=++=-| .~                   
                            |=***##*#|||##*||*|oo*|+-||=*---| |=+**++*+==++==|          ~        ~. 
     .~                     |++**#---|||***||*\*+/++- |-+**=|||-++***++=++==||  ..                  
              .~~      .    |+*+#*#***||**#*\_+|+++//|=+++-| |=+*-*++++++==-|                       
       .                    |++*+#**#*||\/***|+____=\==\+=| |=+++**--*++==-||                     ~ 
   .~           .     ....  ||-*++****+\\ \+==+|+===++++/ /|=\=+++**++=----|                        
                             ||*++***++//______+=+++___ //-=+=\\**++===---|           ...     .     
                     ....     |+++///++++++=___________=-\=+=**+\**++==-||                          
  .~        .~                 \\/+++*++++|=====|=---===++\+*+**+\\====||                           
                                \\+*+++||++====|++==|+++++\+**++++=-\/|   ~..      .~~       ~~.    
                                  \_*+||*++++*|+++*+|*+*+*+|+++===-//                               
  .        .~                       ___+*++**|+**+**|*+*+*++|==-///                                 
        .                     .        ____++|*++++*||++==-=___   .        ~     .~~                
                                            _______________                                        .
                                                               .       .                            
         ~                          .~         .       ~.        .            .....                 
      .         ..~     ~~~~     ~           .~                                                   . 
                                           .~               ~.       .
