---
source: src/modes/_43_azulejo.rs
assertion_line: 489
expression: "grid_to_plain(&a).join(\"\\n\")"
---
│        │        │        │        │        │        │        │        │        │        │        │
    │        │        │        │        │        │        │        │        │        │        │     
│        │        │        │        │       ╲        ╲│        │        │        │        │        │
    │        │        │        │ ╲ │ ││   ╲     ││     ╱    │ │ ╲  │        │        │        │     
│        │        │    ╱ ─   ╱╱────│  │─── ╲╲  ──│─   ╱╱────│  │─── ╲╲  ─ ╱      │        │        │
    │        │  ╱ ─╲──╱ ╱╲──╱───  ││ ││  ───╲──╱ ╱╲──╱───  ││ ││  ───╲──╱ ╱╲──╱─ ╱   │        │     
│        │╲ │     ╱╱╱ ╱╱ ╲╲╲╲╲     │││ ·   ╱╱╱ ╱╱ ╲╲╲╲╲ ·   │││     ╱╱╱ ╱╱ ╲╲╲╲╲     │ ╲  │        │
    │ ╲ ───│────╲╱  ╱╱    ╲╱  ╲─────│────╲╱  ╱╱    ╲╱  ╲─────│────╲╱  ╱╱    ╲╱· ╲─────│─── ╲  │     
│   ╱  ────│──── ╲╲  ╲╲ · ╱  ╱╱ ────│──── ╲╲  ╲╲   ╱  ╱╱ ────│──── ╲╲  ╲╲   ╱· ╱╱ ────│──── ╲ ╱    │
   ◆      │││ ·   ╲─╲  ╲╲╱ ╱╱╱     │││     ╲─╲  ╲╲╱ ╱╱╱     │││     ╲─╲  ╲╲╱·╱╱╱    ·│││      ◆     
│  ◆ ──  ││  │  ──╱╱───╲╱───────  ││  │  ──╱╱───╲╱───────  ││  │  ──╱╱───╲╱─────── ·││  │  ── ◆    │
   ◆ ╲·──│   ───  ╱    │──   ╲╲ ──│   ───  ╱·   │──   ╲╲ ──│   ───  ╱  · │──   ╲╲ ──│ · ───   ◆     
│  ◆ ╲    │ ││ · ╱    ·││     ╲    │ ││   ╱     ││     ╲    │ ││   ╱ ·   ││     ╲    │ ││   ╱ ◆    │
   ◆ ─╲───╱╱╲──────────││──────╲───╱╱╲──────────││──────╲───╱╱╲──────────││──────╲───╱╱╲───── ◆     
│  ◆ ─ ──╱╲ ╱╱── ───────│────── ──╱╲ ╱╱── ───────│────── ──╱╲ ╱╱── ───────│────── ──╱╲ ╱╱── ─ ◆    │
   ◆ ╱─·  │╲││  ─╲·    ││     ╱─   │╲││  ─╲     ││     ╱─   │╲││  ─╲     ││     ╱─   │╲││  ─╲ ◆     
│  ◆ ╱  ──   │─   ╲    ─│─   ╱╱  ──   │─   ╲    ─│─   ╱╱  ──   │─   ╲    ─│─   ╱╱  ──   │─·   ◆    │
   ◆ ─── ││  │ ────╲───╱╲─── ╱─── ││  │ ────╲───╱╲─── ╱─── ││  │ ────╲───╱╲─── ╱───·││  │ ─── ◆     
│  ◆      │ │ ·   ╱╲╱╱ ╱╱╲╲╲╱─  ·  │ │     ╱╲╱╱ ╱╱╲╲╲╱─    ·│ │     ╱╲╱╱ ╱╱╲╲╲╱─·    │ │      ◆    │
   ◆ ╲    │││ ·  ╱╱╱·╱╱   ╲ ╲╲╲ ·  │││    ╱╱╱ ╱╱   ╲ ╲╲╲   ·│││    ╱╱╱ ╱╱   ╲ ╲╲╲    │││    ╱ ◆     
│  ◆ ╱─────│────╲╱ ·╱╲    ╱╱  ╱─────│────╲╱  ╱╲    ╱╱· ╱─────│────╲╱  ╱╲    ╱╱· ╱─────│────╲╱ ◆    │
   ◆ ╱    │││    ╲╲╲  ╲╲ ╱╱ ╱╱╱  · │││    ╲╲╲  ╲╲ ╱╱·╱╱╱ ·  │││    ╲╲╲  ╲╲ ╱╱ ╱╱╱  · │││    ╲ ◆     
│  ◆ ─    │ │    ──╱─╲  ╲ ╱────·   │ │    ──╱─╲  ╲ ╱────    │ │    ──╱─╲  ╲ ╱────·   │ │    ─ ◆    │
   ◆ ────││  │────╱╱ ───╲──  ╲────││  │────╱╱ ───╲──  ╲────││  │────╱╱ ───╲──  ╲────││  │──── ◆     
│  ◆ ╲   ││ │─   ╱╱ ·  │─    ╲╲   ││ │─   ╱╱    │─    ╲╲  ·││ │─   ╱╱    │─    ╲╲   ││ │─   ╱ ◆    │
   ◆ ─╲── │╱│ ──────·  ││   ───╲──·│╱│ ──────   ││   ───╲── │╱│ ──────   ││   ───╲──·│╱│ ──── ◆     
│  ◆    ─╱╱ ╲╱─    ─────│────    ─╱╱ ╲╱─ ·  ─────│────    ─╱╱ ╲╱─·   ─────│────    ─╱╱ ╲╱─ ·  ◆    │
   ◆ ─────╲╲╱────────  ││  ────────╲╲╱────────  ││  ────────╲╲╱────────  ││  ────────╲╲╱───── ◆     
│  ◆ ╱    │ ││   ╲     ││   · ╱    │ ││·  ╲   · ││  ·  ╱  · │·││   ╲  ·  ││   · ╱    │ ││·  ╲ ◆    │
   ◆ ╱────│  │─── ╲╲  ──│─  ·╱╱────│· │─── ╲╲ ·──│─ · ╱╱────│  │─── ╲╲· ──│─  ·╱╱────│· │───  ◆     
│  ◆ ──  ││ ││  ───╲──╱ ╱╲──╱───  ││ ││  ───╲──╱ ╱╲──╱───  ││ ││  ───╲──╱ ╱╲──╱───  ││ ││  ── ◆    │
   ◆      │││·    ╱╱╱ ╱╱ ╲╲╲╲╲     │││     ╱╱╱ ╱╱ ╲╲╲╲╲     │││     ╱╱╱ ╱╱ ╲╲╲╲╲     │││      ◆     
│  ◆                                                                                          ◆    │
   ───────────────────────────────────────────────────────────────────────────────────────────│     
│  ───◆◆────◆◆────◆◆────◆◆────◆◆────◆◆────◆◆────◆◆────◆◆────◆◆────◆◆────◆◆────◆◆────◆◆────◆◆──     │
   ───────────────────────────────────────────────────────────────────────────────────────────│
