---
source: src/modes/_103_wada_v2.rs
assertion_line: 618
expression: "text(&frame(80, 24, 42, 6.0, &knobs()))"
---
      ·                                   ⢽⢫⣳⠇         ⢀⣻⣺⣀⡿ ⡟  ⠛         ⠙⢿⣿⣿⣿⣿
                                      ⣀⣦⣣⣉           ⣰⡿⢠⣀⠛ ⠃⡿               ⠹⣿⣿⣿
                                     ⠘⠿⢱⡏⢹            ⣛  ⡷⡝                ⢰  ⠹⣿
                                         ⢀⣎⣴⡀     ⠟⢵⣍⣫⢖·    ·               ⣼⣿ ⣿
            ⡀⣷⡯⢿⣀                        ⣾⡟⣦       ⡘⠮                 ·     ⣼ ·⢸
          ⣶⢈⡴·✦⣋                        ⣄⡇⣠⡀   ⣠⡘⢰⡝⠝⠷⡍                  ⢀  ⢀⣠⣿⣿⣿
        ⡿⢀⢋⢛⣭⠗⣽                        ⣋⢭⡺⡷⡝⠉⡀ ⡋⣴⡞⣇                    ⣀  ⣿ ⣿⣿⣻ 
      ⣀⠉⠟⢛⣛⣉⠉⠙⣆      ·                  ⠘⣥⡀⠈  ⡇⢸ ⠃⠋⣸         ·     ⣠  ⢟  ⣯⢀⣿⠋⣿⠋·
     ⣶ ⢋⣥⣴⢿⣦ ⠿      ·       ⣤⣝⣄  ·     ⡀⣄⡀ ⣄⣆⡀ ⢰⣸⢀⣠⣠⠋ ⢄⡀    ⣀   ⣰   ⠯  ⣭✦⣀⠛⠉⡿  ⡿
    ⣿ ⢃⣵+⡻⠿⣄ ⣦             ⢰⢠✦⣄ ·    ⣤⠉  ⠉⣤⠈⣌⣌⣆⡜⢃⣠⣤⣀⢁⣀⣶⡋⢀   ⣴⣆  ⡀⣽⣶ ⢏⠛⣻⣠⠉ ⣟⠟  ⠛ 
   ⣾⠃⢸⣳⡷⣶✦⠛⣄ ⡄           ⡀⣄⡸⢱⣧⠯     ⢟⠁⣀⠛⠛⣄⣀⠋⡤✦⢗⢫⣶⣩⣭⣄⠉⠋⣈⡝⢛⣶  ⣋⠶⣵⢀⣀⠛⠁⡞⡄⠛ ⠋⣽       
  ⣰⡏ ⢏⣝⣿⡛⣍⠁⣤⠈           ⣄⠻⠿⣟·⣥⠉+   ⢤·⣀⠟⢀⣀⣀⠉⠋⠋⢋⠃⠸⡜⠻⠛⠉⣌⣉⠛⢟⠇+⢻⢇⣝  ⣍✦⠎  ⠿⠝          
  +⡇⣇⣟+⡙⠻⣝ ⣤ ⡀          ⠻⣈⢛⢹⢱⣽⡤⠛  ⢠⠝⣶⢠⢟⣀⠛⠉⠁⠁⠁⢀⠇⢸⠘⣆⢻⠈⠻⠛⠁ · ⠛⠇    ⠛⠁              
 ⢸⢻⠹⢗⡜⠹⠻⡉⠛⣠⠛ ⣤         ⣤⠉⠛⣡⢸⢹⠻⣭⣤⠉⣀⠈⣇⠸⡆⣱⣵⠋  ⣰⠇  ⡀⠸⠈⡀⠈⢹⡧        ·         ·       
·⠸⠸⣦⡇⣆⡈⠉⣆⠁⠻ ⣀⠻         ⣦ ⠋⢠ ⡄⠻⡦⠟⠉⣀⠛⣀⠛⣌⣮⣯⣻⣁⢀⣰⠁  ⠹⡀ ⣘⠾⣥⡻⣩·                        
 ⠈⡈⣛⡇⠹⣦⣠⢫⡀ ⣤⠛ ⣄        ⣤⠁⠛⠁ ⠘⣤⣶⣁⡄⠋⡠⠛⣁⠛⣬⣶⣵·⣭+⢽⠋   # ⠈⠋⢸⣤⡀             ·         ⣠
  ⣤⠟⢸⡈⣈⣻⡷⣇ ⠁⣀⣤⠙        ⢠⠋⣀⣠⣰ ⠈⠉⠉⠃⠓⣶⣀ ⠁⠁ ⠸⡄⠙⣤✦⠉   ·   ⣀⡦⠫  ⣀⡙⣗⢇      ⣠     +⣾    
  ⠻⣵⠸⣆⣤⣿⣻⣻⣴ ⠁⣀⣤⠛       ⡀⣫ ⠛⠃⣷              ·        ⠉⠟⣾⣶⣍⠈⡦⠻⣵⠻⣀    ⣡⣶⣾    ⠟⣿⣽   
  ⠛✦ ⠹⠛⣽⠇⡎⣶⣽  ⣤⠝⠉⡀     ⢀⣤⢫ ⠋⠋⢸                               ⠙⠻ ·⡇⡛⠻⣶⢷⣦  ⣠⠛⠟⣿·+ 
  ⠿⠛⡇⠈⠈⣠⣏⡟⠈⠛⠟⣤ ⠋⠁ ⣦    ⢀⣰⣭⡷ ⣾⣰ ⡇                             ⠉✦⢿⣼⠈   ⡾⣧⣄ ⠋⣶  ⠛⣟⣿
  ⣤⢛   ⣀⣿⠟  ⠁⠿⣿⢀ ⠟⠋⠈⣤ ⠈⢸+⡏⠋⠻⡇⢫⣠⠃⢀⡇                           ⣤⢟⠟⠋    ⠈⢏⢟⣴⡙    ⠁⢹
  ⣄⢉⢡⣿  ⢿⠛   · ⠇⣾⣠ ⠃⠁⣀⠿ ⠙⣧⣄⠈⣆⣆⡄⣇⣶⠇⣀⡟                         ⠘⠉       ⣡⡎⣮⠙      
  ⡀⠿⠋⠃⣧⡀⣤⠟        ⡋⣿⢀ ⠃⢀⣠⠋⣠⠉⣦⣌⣮⣮⣜⣸⡿⣣⢛⡦⣛⡁                               ⠟        
   ⣤⠉⣴ ⣧⣄⣻⠁          ⠁⣟⣿⢸  ⠃⣸⢡⢡⢳⡇⢸⡹⣶⡛⠛⠛⠉⣷⠏
