---
source: src/modes/_63_gothic_circles.rs
assertion_line: 196
expression: "frame(1.1, 3., false, 100, 36)"
---
                                                   --                 .                             
                                                     ----              .                            
                                         --------------------           .                           
                                   ------                   ------      .                           
                                ----                             ----    .                          
                             +--                                     --+  .                         
                           +//                                         \++-+                        
                         //+--+\                                     +-- +\\----                    
                        //  \\ \\\                                 /// //  \\   ----                
                      //     \\  \\                              //  //      \\     ---             
                     //        \\+ \\                           // +//        \\       ---          
                    //            ---\\                       //---           .\\         -         
                    /               --+\                     /+--              .\                   
                   /                   ++--               --++                  .\                  
                  //                    \\----        ---- /                     \\                 
                  +                       \   ---------   /                      .+                 
                  |                        \ ----------- /                        |                 
                 |  ----------         -----+-          +-----                     |                
                 |+-          ---------      \         /      ----------         -++.               
                 | -----------         -------\       //                ---------- |.               
                  |                          -++--   //                           |  .              
                  +                            \\ ---+-                           +   .             
                  \\                            \   / ----                       //                 
                   \                            \\ //     ----                   /                  
                    \                            \ /         ---                /                   
                    \\                            +             ---            //                   
                     \\                           +                +\\        //                    
                      \\                         |||                 \\      //                     
                        \\                       | |                       //                       
                         \\                      | |                      //                        
                           \\\                   | |                   ///                          
                             +--                 | |                 --+                            
                                ----             | |             ----                               
                                   ------        + +        ------                                  
                                         --------+++--------
