---
source: src/modes/_102_wada.rs
assertion_line: 557
expression: "text(&frame(80, 24, 42, 6.0, &knobs()))"
---
-------=-+-=-==-+=o-+-:----+-::::::............::=-=---::==::=----------======++
=====-----==------==------::::..................::-::+==:::-::----------======++
o--*+--=--::::::-·-=---::::.................::--::+-::::::::::::-----=--===+++o+
+-+--=-::::::::-+----:::::....::::...........:=-::::::::::::::-:--=-=-=O+*=+++o*
+=+-:::::::::-===*=*::::::::----=:-=:..... ...:=:......:::::-:-=-=-=====+==o=++*
+-:::::::::::-+:-=+-:::==-::---:::-:.......:::--=:......:=-:=+=*o=-+=-++===+=+++
-:::::::::::-+---:===-:--=--=::::::......:-+:=:..  ..:--:=-+--:+-=---=--========
:::::::::::---=-===-:-+=-=---::::#::#---#::=:::#.-::.:-::-=::=::-:---------=====
:::::::::::----:-=:-::-::::-::::=.+-.:-:#-:-::::=.:-==-:..-::::::::---------====
::::::::::---·--=--=--:::::-::++=:--.:..:-::=:*:::#-..::...:::::::::---------===
::::::::::-------:---::...:-::=-:::=#:=.=:-:+-:::::-.........::::::::---------==
::::::::::--+-+*--:-::.....:-:=:-::::::::::::::=:--:.. ......:::::::::------=-==
:::::::::::=----::+::......:-=-✦::.:=+-=-+::::=:=:::+.. .....:::::::-:-----=-==*
:::::::::::--*+=-:-::.......:::=-::--:::*::.:::.::.-:#....:..:::::-::-:---=-=+=+
:::...::::::=--=---::.........:-:=·-:::+:-::*:=:::-::-..:=-..:-:::*::=--==-+====
:::....:::::-=-:=-+::............:::...::..::+:###.:-=:----::-*-::-+:-=--====*+-
::.......:::::=:---::........ ..........:-::=+-....#:--:::-:+-----O=+==+=+-=+--+
::........:::::-*=-::........       .....:=::-:. ...#....:---::=-=-:++--=✦---+--
::..........::::::::::..................:=:--...·........:--:::---::-=-:--=-----
:::...........::::::::...............:-=--=::............:::::::-::::--::-------
:::..............::::::..............::==-:---::::::.......:::::::::::::::------
::::....................................:::-=:.+-==:......::::::::::::::::::----
::::........................................::=-=-::....::::::::::::::::::::::--
:::::......................................:::---::::::::::::::::::::::::--:::--
