---
source: src/modes/_35_hyperloom.rs
assertion_line: 828
expression: "plain(&frame(96, 32, 42, 0.0, &HyperloomParams::default()))"
---
│─╲╱◇─╱╲◆─╲╱◇─╱╲◆─╲╱◇─╱╲◆─╲╱◇─╱╲◆─╲╱◇─╱╲◆─╲╱◇─╱╲◆─╲╱◇─╱╲◆─╲╱◇─╱╲◆─╲╱◇─╱╲◆─╲╱◇─╱╲◆─╲╱◇─╱╲◆─╲╱◇─╱│
◇─○○●──○●○──●●○──●○○ ─○●●──○○○──○○○──○○○──○●●──●●●──●○○──○●○──●○○─ ●○○──●○●──○○●│ ●●○──●●●──○○●◇
╳──╲    ─────╲──╲  ──────╱───────╲─────     ──────│────────────────────────╱──  │──╲   │──────╱╳
│   ───── ─╲  ───│─────╱╱───── ────────────────────────────────────────────   ──│   ──────╱─╱──│
◆───  ─╲    ───╲╱│╲──╱╱╱✦────────────────────────────┼──    ───────────── ╱────│╱────   ─────  ◆
┼───╲╲  ────  ─━━◀─╱╱─ ╲─╱──────────────────────────────────────────────╲──  ╲╱╱───  ────╱   ──┼
│    ╱──  ·····━│╱╱── ───╲────────────────────────····╳─────────────╲╱─╲────│╱│─╲  ──╲ ╱ ──╲╱  │
◇──╲╱╲ ╲──────╱ ╲ │  ──╱ ───╱──────── ──────────────····━───────────╱╲╱╲─╲──│╲│  ──╱ ──  ─╱ ╲╱─◇
╳   ───╲─╲   ────╲│╲╱ ───╱╱╱──╲╱─╱────────────────────━━━━◀─────────╱╱──╳╱│✦─│╲─╲──────╲╱ ───╱ ╳
│      ─────╱    ─│╲╱─│╱╱╱  ╲╲────────────────────── ──────────────╳╱──  ╲╱╱─│─────╱───────╱───│
◆     ── ─╱ ──────│╱╲ ╱╱────│╱╲╲╲─────✦───────┼─────────────────╱╱─── ──╱╱│─  ││────────────   ◆
┼ ────  ╱  ───── ─╱╲╲╲╲││╲ ╱╱╱╱╱╲╲╲╲─╱──────────────────────╲╲────╱╲╲───││   ─╱─│ ────│───────╲┼
│──╲  ─╱ ─╲──────╲╱╱◆╲ ──╲╱╱╱│╱─╱─╲╱╱───────────────────╱───╱──╱───╲─╱╲─────╱╱──│╱   ───╲     ─│
◇───────╱─╱──────╱─╱─╲╲╲ ──╲─╲╱╱─╱╱──╲╲─────────────────╲───────╱╱◇── ╲╲─╱─╲╱──╱─│──╱   ────   ◇
╳      ─╱───────╲─╱ ───╲╳╲│──╱╲╱╱───╲──╲──────────────────╲────◇───╱│──│╲  ─╱╱──╲│╱ ───────╲──╲╳
│─────╱│─ ─╱     ╲╱────╲│·╲╲╲───╲╲───╱─────────────╲───────╲──────╱╱│╱╱── ─╱ ╲ ╳╱╱─╱    ─│─────│
◆───╲───────│    ╱─╱  ──╱···╲╲────╱╱────╲───────────────╲────╲╲╲╱╱╱╲╱╱╱─│─────◇╱╱╱   ───── ────◆
┼─────╲╱   ───╲─╱╱╲   ─│╱╱╱··━·━▶╱━━◀─────────◆────────────╱───╲╲╲╱╱╱ ───│─╲─╱╱ ╲ ╱──  ╱ ╱─  ─╱┼
│·     ──────╱ ╲╱ ╲────╱╱────╲╲···────────╲────────────────╲─╱────╲╲╲────│──╱───╲│   ─╱╲╱  ─╱  │
◇ ──────╲╲    ─│─╲ ╲ ╱╱│───╱╱─╲╲╲╲╲──╲╲─────────────────╲╲─────╱╱╱───╲─  │─╱╲──╲─│───╲  ──╱    ◇
╳─       ─────╲╲ ┼╲╲╱╱───◇ ╱ ╱──╲╲╲╲╲─────────────────╱─────╲──╱╱──╲─╲  ──   ╲──│─ ────╲  ─────╳
│─╲   ────╱ ─╲──╲─╲╱╱╱╱╱│╱╱╱╱╲╱╱──╲╲─╲─────────────────────╱╱╱────╲│╲───╱    ─╲ │ ┼─╲  ────────│
◆─ │───╱      ────│╲╱─╲╲╱│╱─╱╱╲─ ──┼╲╲╲───────────────────╱┼──╲╲╲╲────╲╱╲╲ ─╱ ││     ╲╱   ───│─◆
┼ ────╲          ─│╱╲──╱╲╲─╲╱───────────╲╲✦─────────── ╱╱──── ───◆╲╱│──╲─╲╲╲ │──   ───  ─╱ ─── ┼
│╱   ─────    ──╱╱◆ ───◆─ ╲───────────────╲──────────────────────╱╲╲─╱╱──╲╲─╲╲─◀───╲  ──────  ─│
◇     ─╱ ────── ╱ │───│ ╱──╲╲──────────────────────────────────────╱╱   ╲───│━━━  ───── ────── ◇
╳   ──╱──────╲──│─╲  ───────────✦────────────────────────··─────────╲─────│··╲│╱───╱  ╱──      ╳
│───────╲ ─╱────│ ╱╲──│╲──╱───────────────────────────────···──╱────────···╱ ╲╲│──╲──╲   ──╲   │
◆─╲      ───    ─│╱──╲╲─────      ──◆──────────── ───────────━━━──────────│─  ╲│╲  ──╲╲────────◆
┼  ─╲      ──────╱──────╲──────────────────────────────────────▶─────────── ────│────────╱──── ┼
│∙··──∙∙∙──·∙∙─╱∙··──∙·∙─╲··∙──··∙──·∙·╲ ··∙──∙∙∙──∙∙·──···──···──···──∙∙·─╲··∙ │·∙∙╲ ·∙·  ∙··─│
◇─╲╱◇─╱╲◆─╲╱◇─╱╲◆─╲╱◇─╱╲◆─╲╱◇─╱╲◆─╲╱◇─╱╲◆─╲╱◇─╱╲◆─╲╱◇─╱╲◆─╲╱◇─╱╲◆─╲╱◇─╱╲◆─╲╱◇─╱╲◆─╲╱◇─╱╲◆─╲╱◇─╱◇
