---
source: src/modes/_102_p01_crazy_opus_high.rs
assertion_line: 1099
expression: "text(&frame(80, 24, 42, 19.0, &knobs()))"
---
                                                                                
                     '   .                                                      
                         '.                                                     
                                        //o-------                              
                            .          //||     /o---        ``                 
                         ,,           @--.-----.-   ---      *  ,`   ,`         
                         *_____       \\/ .o-*-o--------@,   |   |*  *          
                               --\    |/\ |.... \. ---- **\  |   |   +          
                    ,`   __       \_  o\\\o------o--    /\ \\ \  /__--          
                     +_--  --\      -\  \o-----.--     //   \\/ //              
                         `   ____    \                //    //--/`              
                         * *-    -\  | `,, ,,,       //   _-\*  *               
                         \__      \\ |  **   *      /   /--     |               
                            ---_______\\\\|  |\    // //,__\___|`               
                            *,          `/-\_ \\\  /___*-  *   *                
                             ----__/--___*____-_\\| /                           
                                                  |//                           
                                                   \|                           
                                                   |||                          
_________'_____'________"___v_________,______"______\\_"__v'___,"__________'____
                                                   _|\\                         
.:..                               : : \.:. \\__/_-// \\                        
                                       \\_--  /-/ \\    \\   :..  .             
 :                             . . :. -  ..  /   ./\      -_
