---
source: src/modes/_104_cutup.rs
assertion_line: 785
expression: "text(&frame(80, 24, 42, 6.0, &knobs()))"
---
                                             %            %      ..     :':  :'.
                        '    ''     -:        %     %    %    :@%%:::::::::::::.
::''..:::.'.:'.   :.  .'     @@@-.'--: OO     .%     .''':.'..%#=.:::::::.::=++.
  O           .%          '  ooO@@..'.'.%%       %%%%++++###oo===:::::::::::=++ 
 O..........::%              :ooo'o@.       %. %%    ****ooo%%::@@#%%:::::::::::
  ..........::'+=+++++++++++ .OoooO@          %%     .        %:::..'..+++++++++
   '          '+++++++++++++ %o#o*@@          %  :   '..'.    %%   @++=+++++**+*
   '::' ''.:  +++++++++++++' .#o*@@   O       %             '.%%  %####*******..
 .........  *****++++++****. oO@O------::O    %%              %%   .**..........
+*........  ...*********-... @             % ++#%    ooo*+++'%%    ..@@@........
+****.....  ...............'        O   #++++++= %%  'oo*++##'    %%%.......... 
:.:+***':'. ...............:. O     :O+++=.::===    %#####+++'     ............ 
            ............@... .+O+++:::'      %       ++++++*oo%    .::::':..... 
.          .:  :.......@.@.:  -..    ..:+:--#---'  % ++++#oo   %%            ...
                              ------+=++:::+++++' %  oooo%    .                 
                   ****. '   .::'*++++::::++++++:   .:@@. ****'******:          
 .       :         :@@@@*:''******=++++++=++++++.   ':OOOO:.'@@********.   '    
               :   '@@@@@@@@@+++++:::.:::::::::-'    @@@@@@@@@=@@@@@@@@@@@@'    
:.#####%%%%%%##%%% .:%###@%###O%#%%::%##%%%%%%%%%%%%%##.##.####%#@##%@####@%%%% 
'+++++++@@@@OOO'    ++++++*+*+**+.----:::::::---:    :::=------++++*****+++.    
.@@@@@@@@@@@@@O@    +*+**+++++++++:---:---------     ...--=:===+++++-=-==-=.    
.@@@@@@@@@@@@@@@   .****+****+****..'''.'''::.':     :===***+=+++=+**+*****'    
:+++++=++====-==   :**++*oo*+*****:                  ---:======*+******oooo'  : 
  ==-  ====-= ++    '.'. . .''.:  ':                 :' '...:'.:. :..'  '':.
