---
source: src/modes/_57_reef.rs
assertion_line: 826
expression: "text(&frame(80, 24, 42, 0.0, &knobs()))"
---
 -~~=======~~-          --~~~~~~~-     -~===~~     o-~~~~~~--          -~~~=====
                  ----     ~=====~     --~~-                       -<><    `---~
               -~===~~     -~~~~-   o .  <)))><                 -~~~-           
    -~~~~-    <><.=~~-                              --~~--       --             
    -~~=~~- o   --~--            o        ----       -~~--                      
     -~~=~~-     -----         o           ----       -----       oo            
       -~~~~oooOO.:-~~--                                ----                    
         -o@###  o ..~~~~-                          .     ---        .-         
        o###  . o    :.~~~-      o-~--           o                    :-.:      
--     O#%#      .    OO          --~~--        .o...o :.          o   O  O     
---   . @#----   .    o O        .o.          .@@-O O   OO.           .O OO.    
     oO  #><>--    .   @@o   oOOo@ ##oO.    :o #o  @o    @ @o:         O@       
    .O O#          o@ o@ @O o## #.###O .:  . o@@  .@  o . @@@.o         @ . .   
    .   @# .       @#@@  o@.O ##@##@     O..   @  @    `:  #.o.     .  . @ OO   
   :   oO #@#      o#  @  O. oO# #@     . @ :   @@@     o o@.OoO    .o   @  Oo  
   o@ O :  #%.      @@@    @    @#     . ##@ o  o#       @#.O #<)))>< oO#    @  
   o#O O     %      o%    @@     #     o##@@. o  #      . %O@@##.        #  @.  
   @ @ o@  ..%       O%#o#%#  . .#     @#   O O #        % @@%% o .      # @ :  
  o@#@## @    %o .   %  #@@@:  O  #   ><>@@@@.@%      . %o o#.@@O  O    o%%O O  
  .O @@ @@#####&%%%%<)))><. . o O #    #@  ##O@%        % ..@#o .:##%%%%%   o.: 
   __:     .   ` _    ..  OOOO@@@#%%### @   @. o##%%&%%%%%  `O@@@#           ___
  .               _____  .  :   .      :   ______        :    _.     ` _______` 
      :      _______ `           _`  _______:, `, _      `,  , _________  `   ` 
_.    . ______  `::            _______     .     . `:     ______ .  _  `   .
