---
source: src/modes/_101_p01_crazy_astra_high.rs
assertion_line: 470
expression: "plain(& frame(24, 9, 42, 0.0, & defaults()))"
---
          /-/;++-\|     
   \-----+//----\\+-|   
  \-+=----/    \-+=\/   
   \\\+=---\\-+*+/-/    
    \-------------:     
     \||// |\\|//       
       ||\/|//\/|       
        \-/////
