---
source: src/modes/_36_aetherforge.rs
expression: "plain(&frame(104, 36, 42, 0.0, &AetherforgeParams::default()))"
---
╔◊═✧╪◇═¤╬◊═✧╪◇═¤╬◊═✧╪◇═¤╬◊═✧╪◇═¤╬◊═✧╪◇═¤╬◊═✧╪◇═¤╬◊═✧╪◇═¤╬◊═✧╪◇═¤╬◊═✧╪◇═¤╬◊═✧╪◇═¤╬◊═✧╪◇═¤╬◊═✧╪◇═¤╬◊═✧╪◇═╗
║  ╲ ╲       │            ╱           │─            │           │            │            │       ╱ ╱  ║
║  │╲│╲╲╲    │           │            ─│       ·  ˙˙·           │            │            │    ╱╱╱│╱│  ║
║  │ │  │╲╲╲ │           │       ──────│  ·  · ∗˙˙─│˙˙˙│˙˙˙ ˙˙· │˙ ˙         │            │ ╱╱╱│  │ │  ║
║──│─│──│──│╲╲────────────│─·────│   ˙ │╱─¤───────│───╱─────────│            ─│           ╱╱│──│──│─│──║
║  │ │  │  │  │           │ ˙    ─────╱╱─╲╲  ˙˙˙─│───────╲───│────────│─│─────│───────────│─│  │  │ │  ║
║  │ │  │  │  │           │ ˙────│˙ ╲╱──♨──╲╱──╱ ─│─│─│   ─╱ ──╱╱─│ ╲ ╱ ─│─│ ˙│           │ │  │  │ │  ║
║  │ │  │  │  │          ────│ ˙────│─╲ │╲─╱────────╲───────╲˙╱╱♨╱──│──◈││ ────│          │ │  │  │ │  ║
║  │ │  ╲  ╲  ╱       ───│ │˙───│  ╲───╲───╱ ˙·─────────│• ·─╱╱╲────│╲  ────│ │───│ ˙     ─│╱  ╱  │ │  ║
║──│─╲──│╲╲│╲╲────────│─────╱·•───╱─│─✦│───╲───│˙○˙˙ · ·────╱──·│˙│♦╱˙───│─────│────│─˙───╱╱│╱╱│──╱─│──║
║  │ │╲╲│  │ │   ───│  ──╱˙│──○│·  ˙────· ˙────────────────○  ˙ ♦────│   ──¤│ │──│  ───│ ˙˙││  │╱╱│ │  ║
║  │ │  │  ││─ ────────│ ───│ ˙˙───╱   ───────╲·  │─│───│  ─────·││ ·✧──│   ──│  ──│   ─│  ╲│  │  │ │  ║
║  ╲ │  │  ││  │  ───✧ ˙─│─│˙ ─◈│   ───│♦─────│─│──│──│─│───✧─│──│──╲˙˙˙──│˙ │──│  ──│  ──│ │  │  │ ╱  ║
║──│╲│──│──╲╱─╱────╲──˙╱──────│────╱────╲·│─│───│╲─││¤│─│─│───│─│──────│────│─│──│───╲─────│───│──│╱│──║
║  │ │  ╲  │─│   ─│────│──│─│────│───│───│────│──╱╲──││──││╱─│─╱────│────│────│───│──│─│  ╱─╲  ╱  │ │  ║
║  │ │  │╲╲──╲───│─│──│────│˙˙¤│  ♦◈│˙│─╲──│─╲────│─││╱──│─│────│───│─│───│ │ ╲───╱─╱──○││╲○│─╱│  │ │  ║
║  │ │ ─│──│───╱╱   ─│   ─│ ˙─│ ────────────────╱│─│──╱─│───│──╱─││──── ˙˙│─˙  │╱╱ ╲╲   ╲──││─││─││ │  ║
║  │─╲──│─│─││╱─♨╱────────  ˙╱˙  ─────╱──────╲───│─│─────────│────────╲│˙˙─││˙ ╱──♨ │╱˙ ╲────│─│──╱─│──║
║───││╲╲││ ─│╲ ··  ───  ╱────│─˙──│───────│────│─││─✺╱───────────────╲˙───˙││─˙─╲───╱──˙˙╱─╱│─ │╱╱│ ── ║
║  │ │  │  │─╲ ─│  ─│   ─¤  ˙│─────╱˙˙───────│─────╱╱─│───────│─────────  ˙╱∗│ ╲─·♦·│   ─│  │─ │  │ │  ║
║  │ │  ╲  ─│ │ │─  │─  ─│•  ─││───────│──────╱──╱─│──│╱───│╲───│╲──╲│─  ˙│─ │˙│─╱╱│─  │──  ─│ ╱  │ │  ║
║  │ │  │╲╲─│○│ │○  ╱──  ─╲·  │──  ╲╱──────╱│────│╱─││─│─│──╲╲────│─│──│─│¤·∗──╱╱ │╲╲  ╱─│ ╲──╱│  │ │  ║
║──│─│──│──╲╲─│──│────│──╲╲─·─˙───  ──│─ ╱│──╱───│─│──│───│─│─╲ ˙│╲───────  │─╱˙──♨──╱│──│─│───│──│─│──║
║  ╲ │  │  │─│─   │─ ╱╱│─ ────˙ ˙│──│─────│──││─╱│──│──│││──│·││──˙ ·╱──˙  │─ │╲─╱  ╱│─  ─╱─│  │  │ ╱  ║
║  │╲│  │  │  │──  │╱ ♨╱───  │───˙  ╲───│  ╲│─│──│───│─││─│─────˙│───  ˙ ◈──  ─│╲─────   ││ │  │  │╱│  ║
║  │ ╲  │  │  │ │─  │·──  │──   │──✧╱  │────│──♦─│─˙│───╲·─·──────˙˙╲│────˙ │─── │────────╲ │  │  ╱ │  ║
║──│─│╲╲╲──│─│─│ │─── ♦·── ││¤──  ╱╱─╲╲│˙─│  ○────────────────˙ │───────˙│○───˙╱─·˙ │───   ││──╱╱╱│─│──║
║  │ │  │╲╲╲ │ ─────│────│────˙│─╱─ ♨──╱───────── ╱──│─○─│─────╲─˙  │·╱───· ╱──˙˙─·────────│╱╱╱│  │ │  ║
║  │ │  │  │╲╲        │─── │ ╲─── ╲╲│─╱─── ╱     ╲╲╲│─˙˙ ╲˙˙•·˙╱╲────╲· │─── ♦╱│───       ╱╱│  │  │ │  ║
║  │ │  │  ││─           │──── ││◈─╲───· │─·╲───────╲──────────˙╲╱ ♦│──── ˙│────           ││  │  │ │  ║
║  │ │  │  ││─────────────│──│─│─ ╱·╲ │─────────│───˙│─˙˙│──│¤──╱♨╲╱───│─────│──────│      ││  │  │ │  ║
║──│─│──│──││             │    ─│─│─♦·─── ˙    │─ ─│──│─── ˙╲  │─♦·─────     │      ───────╱│──│──│─│──║
║  │ │  │  │╲             │        ───│─│─────────╱───│───────¤─│            │            │ │  │  │ │  ║
║  │ │  │    │            │           │   │      │ │ │─         │            │            │    │  │ │  ║
║  │         │            │           ╲            ╲            │            │            │         │  ║
╚╬¤═◇╪✧═◊╬¤═◇╪✧═◊╬¤═◇╪✧═◊╬¤═◇╪✧═◊╬¤═◇╪✧═◊╬¤═◇╪✧═◊╬¤═◇╪✧═◊╬¤═◇╪✧═◊╬¤═◇╪✧═◊╬¤═◇╪✧═◊╬¤═◇╪✧═◊╬¤═◇╪✧═◊╬¤═◇╪✧╝
