---
source: src/modes/_106_treatise.rs
assertion_line: 508
expression: "text(&frame(80, 24, 42, 6.0, &knobs()))"
---
                              |                                                 
                              |                                                 
                    .         |                             ############        
                    .--\      |     /-\\                    ############        
                   //-:\.     |   ///-\\\                                       
                 //:: -\.\    |  ///    \                                       
                /:...--\\\\\  | //  /-\\ \                                      
             --//////-:\\\\\\-/// //o-  \ \\                                    
             -:////.    \\\\\-// ///     o  \o                        /====== //
             .. .//      \\.\-/=//============---=====================       // 
:  :===:=:=== -/      ====\\\-///       ------                              ||  
             :-             .-//   -----                                    ||  
              :               |     ------                                   \\ 
                              |           ------                              \\
          .//o                |                 -                               
        :/                    |                                                 
--  --:                       |                                                 
                              |                                                 
                              |                                                 
:_::: ::::  __:_::_:__ _:_._____________________________________________________
_: :_::  _:::____:_:____:_________________|_____________________________________
 :|: :___ _:__:____:______________________|_____________________________________
:: ::_ :_____  :._ _______________________|_____________________________________
 _:_ ::_:_: ____.._:______________________|_____________________________________
