---
source: src/modes/_37_singularity.rs
assertion_line: 635
expression: "plain(&frame(80, 28, 42, 2.75, &SingularityParams::default(),))"
---
                                      ┆                                         
                                      ┆                                         
                 ·                    ··                                        
                                       ·                         ·              
                                      ┃                                         
                                      ┃                                         
                                       ┃                                        
                                  .-:: :::: -.:                                 
                             .-  --=·≡≡===≡≡==-- --.·                           
                    ✦      -=-=≡≡=·○·●○○·○●●·●·◆≡-=-:-::                        
                      - •:=-==≡ ○·○○○. ┆  :-●○● ○≡≡≡= ·---- :  :   ✦           ✦
                 : : --=--≡=◆≡ ○○○·   •     .-○○●● ≡≡◆=-≡=- ====:   --          
              - --≡=≡===≡•◆◆  ○○○≡       ✦    =·○●● ◆≡◆=≡≡==≡≡≡-   : - :-       
         ==-===≡≡ =◆ ≡✦◆◆✦◆   ···             =✦●●·   ◆≡◆◆==◆-= == :   ::       
       -= =- ≡ ≡≡≡≡≡◆◆◆≡✦✦  · ···             ·✦●●·  ≡≡≡≡=◆==≡=-=  --.          
       :-   :--=---≡=-=≡≡=≡◆  ○○○≡           ·-·○○● ≡≡◆≡≡=-≡:=- :•              
          : :: -::::- -======✦ ○○○·.         :○·●●◆◆◆=≡==:=-:::                 
                 .·-:-:-- -≡≡◆= ○·○○·:    .·●○●·○◆=≡=-:=-✦                      
                      :::: --=≡≡=◆·○·○○·○○●○ ●·◆===·-: ✦                        
                            : :=--≡-===≡◆◆===-=-  ✦                             
                                 :--::- -::-:.                                  
  ✦                                     ✦                                       
                               •                                                
                                                         ·                      
                                         ┃                                      
    ·                                    ┆                    ·                 
                                 ✦       ┃                                      
                                          ┃          ·
