---
source: src/modes/_116_strata.rs
expression: "render(42, 6.0, 80, 24)"
---
  VESPER-9  /  CORE 116                                                         
  DEEP TIME : FOUR BILLION YEARS                                  ERA / Ga      
 |                                     ~~~~~~~~..`.............`|               
 |~~~~~~~~~~\|/~~~~~~               ...`.``.....////\///////////|               
 |=======.`........============================================\| > LUMEN 0.0   
 |///\///==========////..`......`~~/~~~~~\//\///////\///\~~~~~~=|               
 |~~~~\///////////\//\////~~~~~~~////\//\//////\//oooooooooooooo|               
 |////~~~~~~~~~~~~~~~~~~~~/////\/\//////ooOoOooooooOoooooooooooO| : OMBR  0.7   
 |ooOOooooooooooooooo//\////////\\/ooooooOoooo(o)oOoOOooooOoooOo|               
 |ooooooOoooo(o)ooooOoooooooOooooo/OooooOoOoOoooooo===-=-======-|               
 |oOOoOoOooOoooOoOOOooOooooooOoOOo/ooooooo=-=====-===-=====-=-==| : CALYX 1.3   
 |o=====-==-==-====oooOoOooooooooo/==-====-======-=====-===-==-=|               
 |===-====-=======-==--==========-/-=-==-=/|\--===-==::::::::;:;|               
 |=====-=--==-==-====-========-=-=/=====--==:;::::::::;:;:::::::| : THREN 2.0   
 |-==:::;::;;:::===-==========-=-=/::;:::::::;;:;::::::::::;;::;|               
 |:;::;;:;::::;::::::;:;::::;:===/;;:::::::;;;;::;::;;;####@####|               
 |:::::::::::;::;::<:>::;;;:::::;/::::::::::;#@#####@#@###@@@@##| : VOR   2.7   
 |:::;:::###;:::;:::::;;::::;::::/@########@@#@#####@@@@###@####|               
 |#@########@#@####@#######:::::;/######@##@###@####@####@#   ##|               
 |###@#########@@####@####@###@##/@##@####@####                 | : AZH   3.3   
 |#@#@###@##@#@######@###########/                              |               
 |                       #####@@#@@#@####@                      |               
 +--------------------------------------------------------------+ T+03.4 Ga     
                                                                  * IRIDIUM
