---
source: src/modes/_101_p02_glm53f_max_a.rs
assertion_line: 609
expression: "text(&frame(80, 24, 42, 0.0, &knobs()))"
---
                                                                                
                                                                                
                                    ∧                                           
                                  ⌒  ⌒⌒⌒ ⌒ ⌒ ∧⌒                                 
                           ∧ ⌒ ⌒◇⌒⌒ ~ ⌒⌒◇⌒⌒ ~ ⌒                                 
                           ⌒ ~ ⌒⌒  ⌒~      ~ ⌒⌒ ⌒⌒⌒ ∧                           
                          ◇⌒◇  ~◇   ·       ◇   ⌒ ~ ◇⌒                          
                         ⌒⌒ ⌒⌒ · ·  ·  ·  · ·· ·~ ⌒⌒⌒                           
                       ∧⌒ ⌒⌒        ·╱╱│││╲╲╲ · ◇   ⌒⌒⌒⌒                        
                       ⌒ ~ ~     ·─╱       ╲╲╲  ··  ⌒   ∧                       
                       ⌒⌒⌒⌒   ··──╱  ╱╱││╲╲· ── ◇  ~◇ ~ ⌒                       
                       ⌒⌒⌒⌒ · · ·── ─· ╱╲ ·─ ··──   ⌒⌒⌒⌒                        
                      ⌒ ~ ◇~  ·─── ─── ╲╱ ── ── ◇·· ⌒⌒⌒⌒                        
                      ∧   ⌒   ·  ──  ╲╲││╱╱   ╱─   ~ ~ ⌒                        
                       ⌒⌒⌒⌒  ·◇ ◇·╲╲╲    ·  ╱─    ◇⌒◇ ⌒∧                        
                          ⌒⌒⌒ ~ ·· ╲╲╲│││╱╱    · ⌒⌒ ⌒⌒                          
                         ⌒◇ ~ ⌒ ◇ ·  ··· ···◇ ◇~◇ ◇⌒                            
                          ∧ ⌒⌒⌒ ⌒⌒ ~      ~⌒  ⌒⌒ ~ ⌒                            
                              ◇ ⌒ ~ ⌒⌒◇⌒⌒ ~ ⌒⌒◇⌒ ⌒ ∧                            
                                ⌒∧ ⌒ ⌒ ⌒⌒⌒  ⌒                                   
                                          ∧
