---
source: src/modes/_58_opus_3_ferrofluid.rs
assertion_line: 450
expression: "text(&frame(80, 24, 42, 7.0, &knobs()))"
---
        ..----- --\**ooo***--------------      -----   --\  \\\ \\  || ||   //  
               ---*ooOOOOoo*---------    ------     ----  \\ \\\ \| || //  //  ,
        .--------*ooO=N#=Oo*------- -------    ------  ---- \\ \\\| ||//  //   /
    .....    ----**oo=##=oo*-----------   ------    ----- --\\\\\\||| ///// /// 
 ....      /// ////**o=##=*\\--------  ----     -------  ----\\\\**|///// /--   
..       .//  /////||||=##=\\\\\\\\ \---   -------     -------**ooooo**/--  ----
    .  ../  ,// ||||||\\###\\\\\\\ \\  \\-  ,     -----------*ooOO=OOo**----   '
        /'  ||| ||||\\\\=##=\\\\\\\ \\   ,--..   ------------*oo=#S=Ooo*--------
       ''    || \\ \\\\\\=##=\\\\\\\ \\ '    ....    --------*=###=Ooo**------- 
       '',   \\' \\\\\\\\\=##\\||||| ||        .  .////-----==##=*****\----    -
        ,,    \\  \\ \\\\\=##=**|///.//  '        // /////-=##==///|\\ \\ .---- 
         ,,,   \\-- -----\*=##=oo*//--        '  '|  |*oo=###=--/ /| \\  \--   -
           .-.    -------*oo=##=Oo*------         ,\\oOO=##=**----.   \\\  ---  
              ----------**oO=#S=Oo**--   \\          O=#N#=oo*\         \\\ , --
                      ---**ooOOOoo*---\\  \\        |oOOOOoo**||//-----   \\\   
....          ..------ --//*******\\\\\\\\ || //----***ooooooo**-     --\\, \\\ 
    ..........      --/ /////|||\\\\\\\\\\'||////----**oO===Ooo*-------  \\   \\
                  ///  // /|||||\\\\\\\\\\|||/////---**o=#S=OOo**---\\\\\ \\\  \
                .//'  // /|.|||\\\\\\\\\\\||||////////*=##=ooo**\\\\\\\ \\  \\  
               ..    //  || ||\\\\\\\\\\\\\\||||/////=###=****|\\\\\\\\\ \\  \\ 
              ..     ||  || \\ \\\\\\\\\\\\\\\|||///=###/////||||||||| ||||  \\ 
             ...     |'  \\  \\ \\\\\\\\\\\\\\\****=##=//////////||||| || ||  |'
             ''      ',   \\  \\,\\\\\\----\\**ooO=##=*/////////////// ||,||  |'
,            ''       \,   \\\  \-----------**oO=#N#=o**----///////// // //  ||
