---
source: src/modes/_42_bower.rs
assertion_line: 283
expression: "grid_to_plain(&first).join(\"\\n\")"
---
                                                                                                    
                                                  ─                                                 
                                              ────────                                              
                                            ─────  ─────                                            
                                         ──────   │  ──────                                         
                                       ─────      │     ─────                                       
                              ❧───  ──────        │       ──────  ───❧                              
                             ╱╱   │────           │          ────│   ╲╲                             
                             │ │◆❧─╱─│        ·   │            │╲─❧◆│ │                             
                        ❧───╲│╲╱╲─╱  │            │            │ ╲─╱╲╱│╱───❧                        
                       ╱╱·  ╱│╲──    │            │           ●│ ● ──╱│╲   ╲╲                       
            ∙ ░∙    ❧  │  ◆❧─╱╱      ╱            │           ●╱ ∙ ●◦╲·─❧◆  │  ❧                    
           ░▒●╲░∙∙ ────│╲╱╲──      ╱╱╲╲          ·│         ◇ ╱│╲╲∙ ∙∙●──╱╲╱│────  ·                
           ░▒░▒╲  ╱  ◆╱╱╲──       ╱  ✦ ╱          │          ╱◦✦ ∙╱ ░∙ ∙●──╱╲╲◆●●╲                  
               ░❧─│▒ ╱❧─╱╱ ─       ╲  ╱           │         ·◦╲∙ ╱░░░ ░∙─│╲╲─❧╲●◦│─❧                
               ──░│╲╲╲── ░▒∙        ╲╱·           ╱       ◇╲● ╲╲╱╲░ ▒ ░░│ ╱╱──╱╱╱│ ──               
          ░░  ╱·∙◆╱╲──▒  ░░●∙░       ◦           ╱│╲╲     ◦ ╲╲╲◦╲╲╲╲▒ ▒│╱╱╱░░ ──╱╲◆  ╲              
          ╲∙❧││─╱╱❧╱╱──∙ ╱╱ ▒▒                  ╱ ✦  ╱    ●∙ ∙ ░╲╲╲╲╲╲ │╱░ ░∙──╲╲❧╲╲─││❧            
          ∙───│╱╲╲──▒│░░╱╱░∙▒∙░                  ╲  ╱       ∙░░·  ▒▒╲╲┼───░░∙∙◦◦──╱╱╲│ ──           
          ╱░▒∙◆╲─│──╲∙╱╱∙╱╱╱● ░         ·        ╲╲╱      ∙ ∙ ░ ░▒░╱╱│▒╲╲╲──────◇ │─╱◆   ╲          
          │──╱│❧───░∙╲╲╱●▒  ▒∙∙                   ◦       ● ∙ ∙ ░ ░╱││▒░░╲╲╲╲╲╲∙────❧│╲──│          
         ╱─│╱─╲──∙·   ╱│▒───◇ ░  ∙∙░▒               ·     ●∙●●∙∙∙ ╱││ ░░░∙∙░╲∙ ╲◦● ──╱─╲│─╲         
        ╱  ╲╲─││       ││▒∙░░▒·╱╱╱◇░ ▒                    ● ◇●●∙ ∙│││░ ∙∙◦●◦◦◦◇◦◇◦  ││─╱╱  ╲        
        │ ╱╱╲──        │ ▒╱────╱───●∙                       ◇ ●◦∙│∙│∙ ∙●●◦◇ ◇·       ──╱╲╲ │        
       ╱│╲──╲          ╱╱╱╱────░ ∙░░∙∙                        ●◦◦●│∙●∙ ●┃◇             ╱──╱│╲       
       ╱│╱╲──╱          ╱╱∙                     ╱  ╲   ·       ◇●◦│◦● ●◦┃│            ╲──╱╲│╲       
       ││││──          │┃│      ·              ╱    ╲            ● ● ●◇ │┃│            ──││││       
       │╲──╲            │┃│                   ╱      ╲             ●    │┃│     ·       ╱──╱│       
      │╱╲── ╱           │┃│                 ╱╱        ╲╲                │┃│            ╲ ──╱╲│      
      ││││──         · ││┃││               ╱            ╲·             ││┃││            ──││││      
       ╲╲│            ░░▒▒▒░░             ╱              ╲       ∙ ∙  ·∙│┴·│ ∙  ·         │╱╱       
       ││──                              ╱                ╲                              ──││       
      ││────────────────────────────────╱──────────────────╲─────────────────────────────────│      
        ──────────────────────────────╱╱────────────────────╲╲───────────────────────────────       
        ─────────────────────────────╱────────────────────────╲──────────────────────────────       
                                     ╱                         ╲
