---
source: src/modes/_101_p02_glm53f_max_d.rs
assertion_line: 761
expression: "text(&frame(80, 24, 42, 4.0, &knobs()))"
---
┐       └───────┐ ::   :└───────┐       └───────┐      '└───────┐       └───────
┌───────┘       ┌───────┘       ┌───────┘       ┌───────┘'      ┌───────┘ '     
         '                       ,         '     ,  .               '        .  
             ──++++───────────────────────────     ,        ..────────  ╱╱╱   . 
            . ╱╱╱        ───────────── '         :     ───────         ╱╱╱╱  :  
          '  ╱╱       ────────     .            ────────      .     ,╱╱╱╱       
      ╲    ╱╱ ────────        ──     @@@@@@   ─── ' .               ╱╱╱╱        
      ++──+───────────────────   @@@@      @@@@    '           '  ╱╱╱╱          
  .   ─ '  ──────────────────  @@@    ·       @@@       ,       ╱╱╱╱            
                 : ,          @@    ·           @@  ─────     ╱╱╱╱╱             
 ,:        ,:    .           @@· ·               @@     ──  ╱╱╱╱╱          :.   
      ,      : '    '        @@                  @@,      ╱╱╱╱╱    :,    ,.'  . 
  ..   ,      ,  :   '     ─ @@                  @@  :  ╱╱╱╱╱╱ ,                
             '       ──────  @@         ·        @@   ╱╱╱╱╱╱     ,              
               ──────         @@             ·  @@' ╱╱╱╱╱╱         .         ,  
      :  ───────     .   '───  @@@            @@@ ╱╱╱╱+╱╱  :                    
      ────'            ───       @@@@      @@@@ :╱╱╱╱╱╱─── '        '    '      
 :      :   ,      ────              @@@@@@ .  ╱╱ ╱┼╱╱   ────            ╱╱     
                ────      ,   .             ╱╱╱╱╱┼╲┼┼        ───        ╱  .    
             ───         :'              ,╱╱╱ ╱╱╱' ╲╲ ,       ,───,    ╱╱       
'        ────                    '       ╱╱╱ ╱╱╱    ╲.         . '─── ╱╱     '  
         ─   '       ,  '          '    ╱ ╱  ╱ ╱    ╲╲              :─╱    : ,  
────┐     ' └───────┐       └───────┐  ,    └───────┐       └───────┐     , └───
 :  ┌───────┘       ┌───────┘     : ┌───────┘ :    '┌───────┘       ┌───────┘ .
