---
source: src/modes/_52_gem_aetherium_3.rs
assertion_line: 318
expression: text(&initial)
---
                                                  .                     .       
                                   .                            .  .            
                  .                .    J   .       .                         . 
            +   . .  .I    .  ..                .   .    K                      
           .  .     .  + .  .      .           .        +                       
       .   .  .    ...+      .                       .   +  .   .               
                . .. .                                    .    .:   :           
             .    *  + -----+------ .      -...     ... .(@).   ...  .          
         H+      .-+---  .         -----------.--------.. . :    .   +L :   .   
   .       .+.....          .----------------(o)-------+----..   .   .  .       
        .....        ---------  ..-----...... ..---+---.   .--.+ . . . .:  .    
      ..          ----  +   ----+-.--- ....... +.     .+-----. ...   .  .       
       .   .    ..-  .   ---. ...  .:------.... .   ....    :--*...             
      .... .  ...     .--  (@)..  :...:...---.....  ..:.    ... ....  .  .      
    G +  .+....     .... .... ......:.. + ..:.....  . ..  ...      ...     .    
          ......   ..   ... . . ......* O.*...:... . (o)...     .   +.   + A    
      .  ..  . ... .    :.  + .  ..---..+...:. ...+. -..  .     . ....   .    . 
..    .   ... : ..--    ..    .  ....-----...  ...----       -+....  .          
      ..  . ...+... --- +.    ..+ ..+...:(@)...++--   -+------  (o)  .. .       
    .  .. :   :  ...----+--    ...  .......-----------      .    .   . .        
      ..  . . .  ...    :--------------.---+----     .              ..          
.  .   . F+.  :    .....+------. -----(o).-----+-----------------... +B         
          .  ...   ..       ......+    .  ..                      .     .   .   
           .   ...           .          . .                    .                
                   .    .     ...        .                  .           .       
    .       . .        +        *                       +                       
   ..              .  E.   .   .           ..  +..  .    C                  ..  
    .       .                      .    D   .                       ..    .     
               .          .                 .          .        .     .  .      
                            .  .       .                  .               .   .
