---
source: src/modes/_51_terminal_stress.rs
assertion_line: 102
expression: text(&first)
---
#  xo+.#+#: %%xo %:o#@::++ooxx%@:x x:@@@.+%.%+.@
xx o+: x: .+ooo:@o@ x#@..::++ox%.+#+.#%%#.o@o:@%
@##%xo:@o +x##%x   x .++oo x%%#.+%:%+.  :o#: o:.
#%%xo+.#+#:o%%xo.%:o# ::++ooxx%@:x.x  @@.+%.%+. 
:..@#%o:%:x#.. # .x :+xx%%##@ .+x@o x+  o%.o.% +
 . @#%o:%:x#..@# .x :+xx%%##@@.+x@ @x+++ %.o.%o+
 %xxo+.%+#:oxxx .x.o%  ::++o x%#:o o @##@:x.x+.#
.  # x+.x. %@@#%+@o .: oxx%%  @:o#+#o:::+x@ @x+:
:..@# o:%:x#..@#  x#:+xx %## @ +x@o x+++o%.o.%o+
+: .@#x+#+%@::.@x:%@+ %% #@ ..:o%.x.%o ox#:x  xo
o++ .@%o@o#.++:. +#.ox##@@. ::+x#:%:#xxx%@+%+@% 
%xx +:@% %.+xxo+@x.+% ..::+ oox#.o@o.## @:x@x @#
:..@#%o:%:x . @#o.x#:+xx  ##@@.+x@o@x ++o% o.%o 
. @#%x+. . %@@#%+@ %.: oxx%%# @:o#+#o:: +x@  x+:
++::.@%+ o#.:::@% %.+x%# @@. :+o#. .#xo x#:%:@%o
..@@#%o.%:   @@%o@o#.+oxx %## .:x#+#  ::+x@o@%o:
