---
source: src/modes/_56_aurora2.rs
expression: "text(&frame(80, 24, 42, 6.0, &knobs()))"
---
                                            .                                   
                              ·                                                .
                                                     @#                         
                                                    #@#                         
                                             .                                  
                                      .      ..            +.                   
    ..                                 ..    :.        ..   :     ·             
..  ...                              .:..    ::  .:.. .  .  -.   ...    :       
||  ....       .                     :::.    ::.:--::.|*|:   .   ....   |       
||  :..    .   ..                   .:|:.    ||--=+#*=###  **+.  ...:  .|. ·    
!!. :  .     . :...                .-|||:  .-+++##*=*-!  !=+##*-. ::: .:!:..    
!!. ||^:.  :..            .+= ++  **+|*+:.-+*+@@-::  = !!|::  :++= :::-:!:.     
!^. !###.  :=^ ::::.    ..::        :|^::=**+*       #!!!!|:     :-= +##!|:     
## :!###. .=##=|::::... :##:..      :###=+=       ^   !###|:     .      #|:     
###%#####%#####%%:::.#######..#############################%    %%%%%%%%%%%%%%%%
################################################################################
################################################################################
===--:-:-::::::::::...............::-:-::--::.::.:.::----=-::::.:...:::::::::   
----::--:.::.::.:.............. ...:-:::::::..:..:.:-::--::-::.......::::....   
------::::.....:......................:::::........::::::::-:.......:.::.....   
---:::................. .......  ......:::..........::.:::::.:...............   
:::.................  .   ..      .......:...........::..:.................     
::.......... .... ..              ................. ...........  .   ......     
........         .                   .....           .......
