---
source: src/modes/_100_p01_crazy_astra_high.rs
assertion_line: 478
expression: "plain(& frame(80, 24, 42, 0.0, & [0.51, 0.55, 0.7, 0.6, 0.65]))"
---
                                                                                
                                         **+;\+*++;\                            
                                   /+*+++*++++/+++/++++=|                       
                               /*\-++|=/----------+++/*++===|                   
                 /**+++\++=+++=++===///;::|::,|;:/=\\+++---\\                   
              //**+++==\\;-/;--\;--//,:,,  /:: ,,|::=\*++++=;//                 
              \\\+--*++\-\,:,,,/,,|,|  /           :;-+++====//                 
               \\+++++++-+--::,,,,.               \-+++==;\\//\                 
              /===\/+++++=;/--                  |\\*+++\;=//::                  
                ,/\\\|+/*++==|---    /-\/=\ /+++|*+++\==;-/,,                   
                 \::;\\++++/*++++/+++++++++|+++=++==---/-:,                     
                    \;;;\---=--+|==---==------;------:\,,,                      
                      :,/;;;;;=----;|;::::/:,,,:|,,,,,,::                       
                      \\/,:,,:/,,,,::.,..|,\:,,/ /:://                          
                         |\\||\ ||    |    \\ /|///                             
                         \\\/ \//     |   //\//|  |                             
                           \|\ |      | /////\\|  |                             
                           \ \\\\\   /|\////  \|                                
                              |\\--// -\///   /|                                
                               -\     ///    //                                 
                                    ///      /
