---
source: src/modes/_44_tideglass.rs
assertion_line: 357
expression: "grid_to_plain(&a).join(\"\\n\")"
---
                │                      ─│──────  ─╲╲────                      │                     
                ││                ─────╱│          ╲╲╲│───────               ││                     
                 ╲╲  ·        ─╲╲────────◆────────│  ╲│      ────     ·     ╱╱                      
                  ╲╲    ╲ ─────      ╲            │───╲╲         ╲╲╲       ╱╱                       
                   ╲╲╲  ╱╲─╱        │           ·      ─│───╱      ╲╲╲   ╱╱╱                        
                     ╲╱╱╱╱        ·││                    ◆╱╱────╱╱ ─  ╲╲╱╱                          
                    ─╱╱╱◆         ╲◆        ════════  ╱──││╱─ ╲╲╲╲◆─  ◆╲╲                           
                    │◆╱           ││    ═══▒▒▒▒▒▓▓▒▒═══   │      ╲───    │                          
                    ││            │   ║═▒▓▓▓▓▒▒▒▓▓▓▒▒▒▒═║║ │     ╱╱╲╲╲   ││                         
                   ││             │ ║║▒▒▒▒▓▓▓▓▓▒▓█▓▒▒▓▓▓▒║║──   ──   ╲╲   ││                        
                  ───            ─│║║▒▓▓▓▓▓▓══ ││══▓▓▓▓▓▒▒║││ ╱╱       ╲   │                        
             +     ││             ─║▓▓▓▓▓▓║║   ││   ║▓▒▒▒▒▒║◆─╱         ── │                        
                   │ │            ║║▒▒▒▒▒▓║    ││   ║▓▓▓▓▓╱╱│            │  │                       
                   │ ││          ╱◆║▒▒▓▓▓█║    ││   ║▓▓╱╱╱▒║│             │││                       
                   │ ──╲        ╱╱│║║▓▓▓▓▒▓║═  ││  ║▓──╱▒▒░║──           ·││                        
                   ││  ╲╲     ─╱  ──║▒▒▒▒▒▓█▓▓═══────▓▓▓▓▒║ │             ───                       
                    │    ╲╲  ─╱    │ ║║▒▒▓▓▓▓▒─│──▒▒▒▒▒▓║║  │             │  ·             ·        
                     │    ───      ││  ══▒─────▒▓▓▓▒▒▒═══   │            ╱│                         
                     ╲╲    ─│╲╲     │ ──╱◆─═══════════     ◆╲           ╱│──                        
                       │╲  ─╲─╱───╱╱───                    │    ·     ╱│╱                           
                       │╲╲╲  ╱    ╱╱╱││ ·           ·     ││        ╱╱╱│                            
                       │  ╲╲╲        ─│╲──                │       ───╲╲│    ·                       
              ·         │    │──       ╲╲│──│────       ╱╲╲ ──╲─···    │            ·               
            ·           ·    ·  ─────···│╲╲    · ────◆│╱╱·────··◆◆◆··  │                            
                      ·◆◆◆··◆◆◆·   ··◆◆◆··─╲╲·◆◆◆·────│·◆◆◆·+   ···   ·◆·                           
                        ·    ·       ···     │─·──────│  ·                      ·                   
                                     ───     ──────────  ─                      ─                 ──
──                                    ·······                             ·······                   
               ─         ─    ───      ──────────                      ─             ─              
                       ────   ─    ───── ─           ─     ──        ────                           
           ··················            ──────────────     ──          ────              ······────
──                  ─    ──  ──             ···········         ··········                 ─        
                     ──  ──     ──  ─────────────────────── ─              ───                      
                  ─ ──           ────────────    ──   ─────────             ───                     
───────────··               ·········              ────────────                   ·······───────────
                     ──           ─ ────             ·············
