---
source: src/modes/_54_nightglass.rs
assertion_line: 1397
expression: text(&moving)
---
            │                   ╎                  ╎╎ │        ╎        ╎                                   ╎         
                                 ╎                  ╎  │       ╎╎       ╎╎                                   ╎        
                                 ╎                  ╎╎ │        ╎        ╎                                   ╎╎       
                                  ╎                  ╎          ╎╎       │╎                                   ╎       
           ∙                      │                  ╎╎          ╎       ╎│                                   ╎╎      
         ╎+                     ││ │                  │          ╎╎                                            ╎      
         ╎╎  │                ▓▓▒│ ┊                  │╎          │                                            ╎╎     
     ▒       ┊╎        ▒▒        ││ ┊             +   │┊  ▒▓▒     ││                                            ╎     
         ▒▒  │┊        ▒▒         │                    ┊╎▒███      │                                            ╎╎    
       ▒▓▓▓▓▒█┊╎                  │╎                   ┊┊▒         ││                                            │    
        ▒▓▓▓▒ ┊┊     │  ██▓       ╎│                    ┊                                                        │╎   
▓▒             ┊╎    │╎ ▓█         ┊│                   ┊┊                                                        │   
 ▒▒▒▒▒▒        ┊┊     ┊            ┊┊                                                                             │╎  
▒▓▓▓▓▓▓▒▒       ▓█▓   ┊╎            ┊│                                                 ▒▒                          │  
▓▓████▓▓▒        ▒     ┊            │┊                                                ▓██▓                            
▒▓▓▓▓▓▓▓▒              ┊╎            ┊│                                                ▒▒     ╎╎                      
 ▒▒▓▓▒▒          ▓▓▒    ┊            │┊               ╎╎     ▒                                ╎╎                      
                       ▒██               ∙             ╎                                       ╎╎                     
                                     +  ▒▒∙            ╎╎                                      ╎│                     
  ▒▒                                    ▒▒              │          ▒              ╎││           │╎                    
                                        ▒▒              ││         ▒        ╎     +             ││                    
                                        ▒                │      ▒      ∙     │                   ┊╎                   
                         ▒         ∙   ▒▒∙               ┊│  ▒▓▒    +    ▓█▒ │      │╎           │┊ ▒                 
                                                          ┊   ▒               │     ╎│            ┊╎                  
                                                          ┊│                  ┊      │╎           ┊┊                  
                                                           ┊                  ┊┊     ││                               
                                           ▒▒              ┊│                  ┊      │                               
                                                                               ┊┊   ▒ │┊                              
                                                                                ┊      ┊                              
                                                                                ┊┊     ┊┊                             
                                                                                 ┊      │                             
                                      ╎                                                 ││                            
                                      ╎╎                                                 ┊                            
                                       ╎                                                 ┊│                           
                                       ╎╎                                                 ╎                           
                                        ╎                                                 ╎╎                          
                                        ╎╎                                                 ╎                          
                     ▓                   ╎
