---
source: src/modes/_59_gothic_trace.rs
expression: "frame(42, 4.5, 0., 80, 24)"
---
                                                                                
     ++++++++++++++++++++++++++++++++++++++++++++++++++++++++++++++++++++++     
      +                                                                  +      
  ++++                               ++++++                               ++++  
                                +++++++  +++++++                                
                              +++++  ++++++  +++++                              
                            ++++    +++++++++   ++++                            
                          ++++     ++++++++++     ++++                          
                         + +       ++++++++++       + +                         
                        +++         ++++++++         +++                        
                        +++   +++++    +     +++++   +++                        
                        ++ +++     +++     ++     +++ ++                        
                        ++ +         +    +         + ++                        
                        +++           +  +           +++                        
                        ++ ++++   ++++ ++ +++++   +++ ++                        
                        +++    + +    ++++    +  +   +++                        
                        ++     +++     +++     ++     ++                        
                        ++      +      ++       +     ++                        
                        ++      +      ++       +     ++                        
                        ++      +      ++       +     ++                        
  ++++                  ++      +      ++       +     ++                  ++++  
      +                 ++      +      ++       +     ++                 +      
     ++++++++++++++++++++++++++++++++++++++++++++++++++++++++++++++++++++++
