---
source: src/modes/_102_p01_crazy_opus_high.rs
assertion_line: 1097
expression: "text(&frame(80, 24, 42, 0.0, &knobs()))"
---
                                                                                
                                               @                                
                                           ----|\                               
                                       -----   | \                              
                                      o--    -o|  \\                            
                                      | \-.---|\\---o      `` `  ,,             
                                     |    |..*|...  |       /*   /*, ,          
                                     |  -o----o\ |  |       \    |  /*          
                    ,  __---__      o-------.-@--o  |        | ____//           
                      *-     ----___ ----- //    ---|        |--`               
                     ,  ,          --\    -o--------o      __| *                
                      *\   ______     \   `  `          __--   \\               
                        \--  `  ,-------   *\         //       |                
                           ,   *----\  \\   \\       // _\____\-\               
                            +,/--_/  \\  \\  \\     /__*- -_*  *                
                            --   +---\_\___/--_--_  /- .                        
                                     \*    *      \||                           
                                                   \|                           
                                                   ||                           
_____,___'_____'______________________,______"__'___\\_"'_v'___,"_,________'____
                                                   _|\\                         
.:..                               : : \.:. \\__/_-// \\                        
                                       \\_--  /-/ \\    \\   :..  .             
 :                             . . :. -  ..  /   ./\      -_
