---
source: src/modes/_32_glm_apotheosis.rs
assertion_line: 810
expression: "plain(&frame(80, 36, 42, 2.75, &params))"
---
╔═══◆═══◇═══◆═══◇═══◆═══◇═══◆═══◇═══◆═══◇═══◆═══◇═══◆═══◇═══◆═══◇═══◆═══◇═══◆══╗
║                             ··            ∙                                  ║
║                            ·                ∙                                ║
║                                                                              ║
║                                         ᛁ                                    ║
║           ∙           ───────ᚨ    ◇  ᚲ   │            ✦·✦       ·            ║
║                    ───       ─╲──── ─   ◇│  ─────ᚷ──       ·                 ║
○                  ──      ◇ᛉ── ─╲─ᛋ────◇─│───   ᚷ◇── ───· ·                   ○
║                  ── ᛇ ─────    ◇╲╲── ◇∙─│──◇─────    ·◇──                    ║
║                   ∙─   ────── ─✦──╲◇───│◇ ─────∙ᚠ─  ·  ── ᚺ         ·        ║
║                    ◇ᚹ  ✦ ✦ ✦─────  ╲   │ ─ ── ─∙◇────────·                   ║
║                 ᚲ ──────── ✧─✦∙  ── ∙    ─∙───∙╱∙──── ─   ◇              ∙   ║
║                 ·     ─◇─✧─────╲╲─    ◉    ─╱╱╱────✧─◇ᛈ        ∙             ║
║                   ◇  ·──✧───────*╲╲─  ✦ ╲ ╱╱╱  ─────∙────── ᛋ                ║
║                  ∙ ────∙──────*────╲ │   ╱╱───────────✧ ᚱ✦                   ║
║ ∙                 · ─ ∙─*────────────╲☀╱──────────────∙  ∙─                  ║
○                 · ·*─∙───────────────╭┄╮───────────────∙ᚷ ──                 ○
║            ··  ░   · ──── ──✦   ∙─ᛉ─│─▓───∙──╲─ ──ᛃ∙   ·  ─ ·░  ·            ║
║       · ··✦░  ✦       · ───ᚾ───◇─ ░│ᛁ ▒· ─────╲─    ·  ────      ░··         ║
║  ··░      ✦           ░      ░    ·│ ░·░  ✦    ᚾ───────·∙             ··     ║
║░·   ✦✦   ∙        ···  ·   ··  ∙ ░  ᚠ░│░   ░    ··      ··                ·  ║
║       ✦  ✦      ··        ·      ·  ░░∙░░  ·      ░       ·        ✦ ✦ ✦     ║
║              ··░        ··      ·   ░░│░░  ·░      ·         ░     ✦         ║
║           ··░           ░      ·   ·∙∙∙∙∙·  ·      ·            ░            ║
║         ░             ··       ·      ·      ·       ·           ·           ║
○       ···                     ░       ·               ░             ··       ○
║     ·░             ·         ·        ·       ·        ·              ··     ║
║  ·                ·             ╲ ╱   ░   ╱╲                                 ║
║ ·               ░           ·· ╱      ·      ╱ ·          ··               ··║
║                 ·           ·  ╲      ·      ╲ ·░          ░·                ║
║               ░·           ·  ╱               ╱              ░               ║
║    ░░ ░░    ░░·           ·   ╲       ·   ░   ╲  ░░░░░░░      ·              ║
║             ·      ░░     ·  ╱        ·  ░     ╱ ··      ░     ·░           ░║
║░░░        ·   ░░░░░░░    ░            ·           ░             ·░░░░        ║
○░░░░  ░░░▒▒▒▒░  ░▒░░░░░░░░░░░░      ░░░░ ░▒▒▒▒░░░░░░░▒▒░▒▒▓▓▒▒░     ░░▒▒▒▒░   ○
╚◇═══◆═══◇═══◆═══◇═══◆═══◇═══◆═══◇═══◆═══◇═══◆═══◇═══◆═══◇═══◆═══◇═══◆═══◇═══◆═╝
