---
source: src/modes/_54_nightglass.rs
assertion_line: 1396
expression: text(&still)
---
            ╎   ╎                     ╎│                   ╎         ╎╎ ╎╎╎                                           
          +  ╎  ╎╎                     │          +        ╎          ╎ ╎╎│                                           
             ╎   ╎                                          ╎         ╎╎ ╎╎│                                          
             ╎╎  │╎                                         ╎         ╎╎ ╎╎                                           
              ╎   │                                          ╎         ╎╎ │                                           
              ││                                             ╎         ╎╎ │                                           
               │              ▒▒▒                             │         │ ╎│                                          
               ┊┊                                         ▒▒  │         ╎│                                            
               ╎┊      ▒▒                          ╎   ▓ ▒│▓▒  │         │                                            
        ▒▒▒▒▒▓▓ ┊┊                ╎╎               ╎     ▒╎│   │         ││                                           
         ▒▒▒           ▒██         │               ╎╎    ▒ ╎   ╎│         │                                           
▓▓                      ▓▒         ││               ╎   ││ ╎╎   │         ││                                          
 ▒▒▒▒▒                      ╎│     ╎│               │╎   │  ╎   ╎│                                                    
▒▓▓▓▓▓▓▒        ▒██▒         │╎     ┊│               │   │╎ ╎╎   │                     ▒▒                             
▓▓███▓▓▓▒        ▓▒          ╎│     ╎┊               ││   ╎  │                       ▒▓██▓                            
▓▓▓▓▓▓▓▒                      │╎       ┊┊             │   │╎ │┊                   +  · ▒▒                             
▒▒▒▓▓▒▒          ▓▓▓    ▒     ╎│     +  ┊┊            ││   │▒▓┊                                                     ╎ 
                       ▓██     ┊╎       ┊┊│            ┊   ││ ┊┊                                                    ╎╎
                      ▒▒       │┊       ┊┊│            ┊│   │  ┊                                                     ╎
  ▒▒                            ┊╎      ┊┊┊                 ││ ┊┊  ▒                                                 │
                                ┊┊                           ┊  ┊   +                                                 
                                                             ┊┊ ┊┊                                                    
                         ▒                                   ▒┊  ┊       ▒▓▒                                          
                                                              ┊│ ┊┊       │                                           
                                                               ┊  ┊       ╎│                                          
                                                               ┊│ ┊        │       ▒▒                                 
                                            ▒                   ┊          ╎│                                         
                                                                ┊│          ┊       ▒                                 
                     ∙                                                      │┊                                        
                                                                             ┊                                        
                                                                             │┊                                       
                                                                              ┊                                       
                                                                              ┊┊                                      
                                                                               ┊                 ·                    
                                                                               ╎╎                                     
                                                                                ╎                                     
                                                                                                                      
                     ▓
