---
source: src/modes/_102_wada.rs
assertion_line: 552
expression: "text(&frame(80, 24, 42, 0.0, &knobs()))"
---
==---------------::::::::::::--:::::----::....................:::::::::==-=--=+-
====-------------::::::::::::::...::==::............:::::#::::::::::::::-@=-'o-+
======-----------::-::::::::.....:===-::............::---:-+--::::::::::-=+-----
=====-==-+-=-o-=-:--::::::.:.....:::--*:-=:..........:-=:---*+-----:::::--==*=--
=+*++o===+-+-*-+--+::-=:::::..........:+:--:..........:-:=--+-:----+=----=+O==--
+Oo=====+=-+==-=-+=:-+-::-=....... .#:-=-:....    .....:-:::+=-*:-----=+===-:--+
***+*++*=+=====+--=-+-:--=:..:-:...#::::-.....#........::--:--::::==-=:----::--=
*o*+@=====+=+====--=:-=*:=:--:::.##:*.--.+..:*:=-:#....:--::=:::::::----:=--:-==
++o=+===--==-+-----::--:--:-=:=:=.:-::::=:::-:=+:-::=-=-+-=:+:::::::::---+:==+-=
+++=====--==-=-*:--:-=::-::.-:=-#-.:-+--:-#-:.-=::-==-.:::---::.....:::--=--:::=
+=======------:-:-::::..@:..-=::::.:-::::::::-.--::=-::-:-:--::......:::--=-=--+
+=====--------::::::::.... .:-=::=:--::::-:...+.:-#:::::+:=*::........:::-+----:
=+=====-------:::::::.........:-::::++:::-####:::....:*::::+:.........::::-=-:::
*=====--=-----:::::::::...::#..=:::::::::-:::-=#.....::---*::..........:::-+=-:-
+*++=o+*-=-=-=:--:-=::+-..:-::-:-::=::=::-=-::........:=--:............::::-==++
==+*==+==+===*-=+-+=--+:--+.##....-:.::-:#::..........::::.............::::-+=*+
===-==-+-=-+--=----:-+:..::.....#.-.::-=::::..........................:::::--*--
=------------:-::-:::::.......:-:-::::-=:#............................:::::----:
-=----------:::::::::::.::.....---#.......   ........................:::::::::::
==--=--------:::::::::::::-::..:--:.....· ..........................::::::::::::
*=-+--=------:::-::::-::::---:=-:+--:..............................:::::::::::::
=+=-=*------=-:-=-::-==-::=--:::----=::...........................::::::::::::::
+==+++-==--++---==-:---+:----:::..::::::........................::::::::::::::::
=++=*=+==-=*=+-=+=+----:-:@-==::..............................::::::::::::::::::
