---
source: src/modes/_55_rosette.rs
assertion_line: 431
expression: "text(&frame(80, 24, 42, 0.0, &knobs()))"
---
         '  :     '                  @@@@@@        :                  :. :      
   :        '                 @@@##%%o+%%+o%%##@@@   '    :    :   :       ''   
   :     .:       : .      @@##%#%*O@o%%%%*oo*%#%##@@    '   :                  
    :.     '            @@#@@@+*#%O+##%%%%##+O%#==ooo#@@:    ''         ..     :
         .       :  ' @@##+oo+%%##%+OO*##*OO=%##%%-++=##@@   :  '             : 
  '       :       '  @#OO+##O##OO+#%##*%%*##%#-*o##*##-++#@                     
      .   .      :  @%@OO#*###%%#=%#%######%#%-#%%###=#+o*%@    '             .'
                   @%%%+*##Oo*##%#%%#oO%%o*#%%#%##-=*##-:%%%@     :      :      
         .        @##%##%#*o%%%###**%#=%%=#%==###%%%==#%##%##@ :                
         '    .  @@OO+*%#+###%#OO=##%##%%##%##-+*#%###:#%-:++@@'   .  :  '   '  
    ' :.         @#OO*##%O*%+#%%##%#**%%%%+=#%##%%#.%-*%##-+*#@           :   ' 
                 @%==*O#+#oO%%*+=+#oo%%@@%%-+#:..-%%==#.#+-..%@                 
                 @%+-*O#=#*o%%*+==#o*%%@@%%-=#: :=%%+-#.#+-..%@       :      . .
. :  '     '    .@#OO*##%o+%=#%%##%#=+%%%%-.#%##%%#.%-+%##-++#@                 
        '        @@oo++%#-###%#**-##%##%%##%## =-#%###.#%:.==@@  '           '  
 '                @##%##%#=+%%%###==%#:%%.#%::###%%%-:#%##%##@      : ::      ' 
                   @%%%-=##o+-##%#%%#==%%=-#%%#%##::+##: %%%@    .              
         '     :  : @%oo*#=###%%#:%#%######%#%.#%%###:#-++%@     . ':      :    
  ':             .   @#**:##*##o*:#%##-%%-##%#.==##=## --#@                   ..
 .       '            @@##-+=-%%##%:++-##-++:%##%%.:-.##@@ '   '             :  
                 : '    @@#***--#%+-##%%%%##:=%#..===#@@ .                      
             :  .          @@##%#%=++=%%%%==+:%#%##@@   .        :        ' .   
  . '                . .      @@@##%%=:%%.=%%##@@@     .                        
 '          .        .:              @@@@@@        .        '          . .    :
