---
source: src/modes/_39_mandelbox.rs
assertion_line: 861
expression: "plain(&frame(80, 28, 42, 0.0, &MandelboxParams::default(),))"
---
                                                                              · 
                           +=*+=++∙· ·                                          
                        =+=xxX==++=++x=++∙··     ·                              
                     ∙====xxxxx+xx++=x*:+++;x:∙                                 
                    ∙+xx+=++xxX+%===#+X+==+++++++:·                             
                    =xx==*+;=Xx==x*+++=*x==x===++=++*:∙                         
                   ∙===+xx===+=++X====x++XXx=x==xx+=++=+=·                      
                   :=x=+++Xx=+;==x=+=+=+XX++xxx====xx+===+++·                   
                  ·=x====++x=+=x*x=+=+====+%+x*+X+=x=+++==x==x:                 
                  ·+x=++x+++=+=++*+==*+++==x+==+@x+x+X*+=*=+++=;:·              
                  ·+=+=+=+x=+Xx+++#▓+=;+=++=x=x*+x#x=X#+=+x+=++xx;              
                   ;+++=+xX+X====+=++=*+x++=XX+=+#X=+X====+=++@Xx=x             
                  ·++==+===++==+x+x+++++*#X+▓==++=++++x+=x++=++==+x             
                   ++++=+=+=+X+#x++++=+++++++=X=+=;+++x++=++=+====x             
           ·       :+==+===xx+x===+==+=+*x++===+++++*#;+x=x=+==+=x:             
       ─││  │ ─┼┼─┼∙=========+++=*x+++++x+==**==;x+==++=+=+=+;=+=:┼──┼│         
───┼┼  ││  ││──┼┼──·+======+xxx=x#+*x+=++*x+##++x==+==+*++++===+·││  ││· ┼┼──┼┼─
┼───┼┼─  ││   │   ─┼:++====x*++===x##++++=+====x+===+x=+===+==·││   ││  ─┼┼───┼│
──┼┼    ││    │   ─┼∙+x*+===+x++===xx=*Xx==+===++=======+;++·────┼│    ││   ││  
  ││    ││  ───┼┼──  =x++++*++=++++++X+=++=*=======+==+=+∙·─┼┼──── ││ ·  ││     
───┼┼──    ││     ││ ∙=+=+x=*=++;*=++=+==++==++=======+·────  │      ││     ││ ─
│  · ·││    ───┼───  ·+**===xXx=x+x++=x*++=====++*=+·  ││      ││·     ┼┼───── │
  ││       ││       ││·+X+=x+=+==+x=++++=====+===∙     ││────── ││       ││     
 ───────┼│       ││    ·x=+==++=+=x+x+x=++xxX:·│     ·  │        ││    ────┼┼── 
    ││     ────┼──       +=+==+=+=++*xx==+∙·  │  ────── ││        ││         ││ 
 ││         ││      ───┼┼── x+===+===+∙·     ││         ││   ───────││         │
   ·     ││          ││       ───┼┼─·    ·   ││          ││          ││ ────────
      │││          ││           ││   · ──────┼           ││   ·       ││
