---
source: src/modes/_62_gothic_icons.rs
assertion_line: 123
expression: "frame(0.4, false, 100, 36)"
---
                                                                                                    
                                                                                                    
                                                                                                    
                                                                                                    
                                                                                                    
                                                                                                    
                                                                                                    
                                                                                                    
                                                                                                    
                         +//                                                                        
                       +++   |                                                                      
                          \             --                                                          
                           \\        ---                                                            
                            \      --                                                               
                          \/\\\ ---                       .                                         
                         +/+++-+ +               -       .                                          
                        -++#####++        \   ---   ..  .                                           
       -----      ----++++-####+++-+-----  +--  ++-+   . //                                         
           --------   -++ ###+## -++----++-\   +| + + .  /                                          
                ------+-++-####+-+###-- +--+++ .\/ + .  / -                                         
                 --  +-+++---+########\    --++-+- \.-++--                                          
              ---        .-+-+-+----++---    \+-++--+-+/     -                                      
             -            ---  \----- \\+---- \ ----- /   ---    /       /                          
                       ---           ----+\---+-++.--++---      /      \//                          
                    ---     /+\            \\ --+++#+-\\      //      +/+                           
                  --       //++\             \\+++-+##\ \\  //    .///+ /\\--                       
                          / ++ \\       ---++-++++########++...|+++//-+++-+\/                       
                        // /+-+ \\       --++++++++++++###+-\  /+++++--+- -+\                       
                        / ++++++\ \   --+++++++/+++++#+++#-++++ ++- +++-+++  ./   \                 
                      // /+++++++.++--   /+++++-+++++++++++++-++++--++++++++-++---++                
                     /++++-+---+-+++\    +-+++++++-+++++++++-+###++--+++++\ -+---                   
                     +--+----------+-+......-++++++-+++++.. +\   #####-- -+-+/                      
                              .         .    \\++---++//      \\  \+++###-++/                       
                                       .    -++-- //--+ .       \\\++++\+--+                        
                                      . ---+/   //      .          \   \\\+--                       
                                     .--  /   //         .               \ \\
