---
source: src/modes/_103_wada_v2.rs
assertion_line: 613
expression: "text(&frame(80, 24, 42, 0.0, &knobs()))"
---
      · ⣶   ⢀⣾    ⣿⣀    ⣠                 ⢔⣩⢟⡾⡛·⡯                         ·     
     ⣿  ⣴⣶  ⣠⣿⣿  ⣽⣿⢿   ⣽⣼⣄                ⠈⣻⠁⢸⠉⡆⠈⡿                              
  ⣿⣀ ⣴⣿  ⣿⣉ ⣤⠛⣿⣶⣤⠛ ⣿⣀⣤⣴⠘⢱⣀   ⢿·⡄               ⠈⣄⡇⠁⠿                            
⣿⣿ ⣿⣿ ⣿⠋⣿⣿ ⣼⣿  ⣿⣛  ⠿⣤⣴  ⣏·⡀✦⣘⣧⣍                 ⣠⠙⣄⢸⣠⠉      ·                   
⣾ ⣿⣿⣿ ⣭⣿ ⣿⠁ ⡿   ⠟   ⠿   ⠚⣉    ⣜⣀               ⢠⠞⠼⣶⣧⣹⣭⣤⡀              ·         
⣴⣿⣿⣿ · ⡿  ⠛                   ⢺⡳⣦⢛⣿⣪⡛      ✦⠈⡄⢸⢠⠟⠋⠋⠃⠃⢸⢎⣄⡇                       
⣿⡟⣿ ⣿ ⠿ ·                          ⠛⡇⣀   ⢀⡼⣬⢞⣓⣶⠛⣄    ⠁⠃⠝⠛⠁                      
⣿ ⣿                  ·            ⠈⡮⣣⠿⠻⣄  ⣴⠉⣰⡇⠙⢭⡏            ·                 ·
⣿ ⣿                 ·            ·⠘⡙ ⠈⣂⠘ ⡇ ⠇ ⠋⣸ ⡺⠁                              
⣿⣿⡀             ⣠        ⣦    ⣤ ·  ⣀⣀⠈⡄⡀  ⠇⢀⠏⢀⣴⠁⢀⠓                              
⣿⣿⣿⣄ ·  ⣀⣶  ⣶ ⣯ ⣷ ⡀+ ⣄⣹  ⢾⡀  ⡜⡕⡀⣀⣄⣀⣠⣀⠻⠙+⢸⢀⣠⠃⢁⠁⠁ ⣀⠛                              
⣿⣿⣿⣿⣿⣤   ⢀⣿⣿ ⣿⣤⣤⣴⣻ ⠿ ⣦⢿ ⣠⣮⣦ ⣤⠹⢼+⠻⣇⣉⣤⣉⠛⠯⣬⣇⠾⣋⣁⣉⠛⣤⣤⣶⠉        ·                     
⣿⣿⣿⣿⣿⣿⣷⣶⣿⣿⣀⣀⣿⣿ ⠟ ⠛⣀⠉⣟⣶⠈⣟⣄⠉⠋⢠⣟⠘⠉⢛⡞⡯⠉⣀⣉⢋⢋⢋⣫⢻⡙⣍⠛⡀⠉⠉        ·                       
⣿⣿⣿⣿⣿⣿⣿⣿⣿⣿⣿⠟✦⣤⡿⠿⣿⠉⣟⠟⠛⡿ ⠛⣶⠉ ⠻⣎   ⠃⢻⣤⠋⢀⣤⠃⠏⠁⠘⠙⠹⠈⣤⡀  ⡀⣀⠆⡀         ·         ·       
⣿⣿⣿⣿⣿⣿⣿⣿⣿⣿⣿⣿⣿⣷ ⣿ ⠿ ⣛ ⢼  ⣭⠈  ⠛    ⠈⠈ ⣴⣠⣰⢠ ⡇⢸⠘⡀ ⠈⠘⢸⣸⡓⣶ · ·                        
⣿⣿⣿⣿⣿⣿⣿⣿⡿⠟⣿⡿  ⠋⠿ ⡿ ⠟  ⠁              ⣄⢿⣠ ⠸ ⠘⣠⣸⡏⣸·⣫⣡⠃                 ·          
⣿⣿⣿⣿⣿⣿⣿⣿⣿     ⠛                  ⠰⡸⣡⣩⡏⠹⣙   ⠈✦⠛⣶+⡙⣁                              
⣿⣿⣿⣿⣿⣿⣿⡏⡿                        ⢀⣇⠁       ·⠉⣰⢸⡈⡄                               
⣿⣿⣿⣿⣿⣿⣿⡏                     ⢠⣿⣴⣘⢶·⠃      ⢘⣄⣇⣦⣟                 ·               
⣿⣿⣿⣿⣿⣿⣿⣿⣿⣄⡀⣄           ⢀· ⣿⣷  ⡎            ⢛⢳⢳⠛⠁                                
⣿⣿⣿⣿⣿·⣿⣿⣄  ⣿⣿ ⣤   ⣤ ⣿  ⣿+ ⣙ ⠁⣥⡿⠈             ⢀⠃⢸⢘+ ⢨⣩⣬⣇⣄⡀                ·      
⣿⣿⣿⣿⣿⣿⣿⣿⣿⣿⣿⣿⣿⣶⣷⣿⣿⣶⣶ ⣿⣿⣠⣽ ⣶⣤                    ⢲⠻⣮·⣋⣥⢛⣸⠂                        
⣿⣿⣿⣿⣿⠋ ⠋⣿⣿ ⣿⠛⣿⣷⡿⠉⣿ ⢿⠿ ⡿⣡   ⠁            ⢠⡠⣠⣠⣤⣤⠟⢱·⣮⡉⠁                            
⣿⣿⣿⠿⠁  ⠛·   ⠛ ⠉  ⠿                      ⣾✦⣵⣠⢏⠇
