---
source: src/modes/_102_p01_crazy_opus_high.rs
assertion_line: 1089
expression: "text(&frame(80, 24, 42, 0.0, &knobs()))"
---
                                                                                
                                               @                                
                                           ----|\                               
                                       -----   | \                              
                                      o--    -o|  \\          ``                
                          ,,          | \-.---|\\---o        * ,,               
                          *____      |    |..*|...  |  ,`,   /   *   *`         
                               --\   |  -o----o\ |  |   **\  |   /  /+          
                    `   ___      \\ o-------.-@--o  |   | \\ |  /__/-           
                     +_--  \\      \\----- //    ---|  //  \\/ //               
                        `   _\__    \     -o--------o /    //--/``              
                        *\ *-   \\  |  `, `,,       //    /\*  /*               
                         \__     \\ || * *  *\      /  ///     /                
                           ----______\__\\_  \\    /  //__\___-|                
                            *,          `/-\_ \\\  |___*-  *   *                
                             ----__/--___*____-_\\| /                           
                                                  |//                           
                                                   \|                           
                                                   |||                          
_____,___'_____'______________________,______"__'___\\_"'_v'___,"_,________'____
                                                   _|\\                         
.:..                               : : \.:. \\__/_-// \\                        
                                       \\_--  /-/ \\    \\   :..  .             
 :                             . . :. -  ..  /   ./\      -_
