---
source: src/modes/_55_rosette.rs
assertion_line: 436
expression: "text(&frame(80, 24, 42, 6.0, &knobs()))"
---
         '  :     '                  @@@@@@        :                  :. :      
   :        '                 @@@##%%+*-###%%##@@@   '    :    :   :       ''   
   :     .:       : .      @@#%:##%.-==.%#%=**+-%##@@    '   :                  
    :.     '            @@#:+++.:%#+-##%%#%.#-=%#--*o#@@:    ''         ..     :
         .       :  ' @@%%##%.#####%:++-##=*+%##%=#+*o=%@@   :  '             : 
  '       :       '  @#++=#%###=+=##%%%-#%-::##-+##-+%##%#@                     
      .   .      :  @%--:%##%%#%: .%########%#+#=++##%*=Oo%@    '             .'
                   @%##%+%#==%-%##%=#%+-#-*%#%##+%##+#%#+o*%@     :      :      
         .        @#:.:+%###..##%#%.##%:#:%#-*+##++#oO#%O*%##@ :                
         '    .  @@+==###=::%##%-.%#%##%###%%#%+O#%*%###%%+==@@'   .  :  '   '  
    ' :.         @#--#:#%=..##=-%###-.%%%%*-#%%####%*%o%#=+OO#@           :   ' 
                 @##############%%#-=%%@@%%=*#=#*O%%+%*o#+%oO%@                 
                 @%+=%:#==%:%%+=#.#-:%%@@%%Oo#%%##############@       :      . .
. :  '     '    .@#++:.#%=%-%####%%#:*%%%%*o++++oO+#++O%#*#**#@                 
        '        @@..-%%###%=%#*=%#%%###%##+++*o+++++*O+++OO@@@  '           '  
 '                @##%=+%#*+#==##+*-#%=#+%##++++++*+++++@*+o+@      : ::      ' 
                   @%=+-#%#-##%*##%#%o+#+O%#o%+++o+O@++@++++@    .              
         '     :  : @%**-+%##=++#+#%########%+=++++++++*Oo+@     . ':      :    
  ':             .   @#%##%=-##+=##--=%#*%%%##OOO+++++O@O+@                   ..
 .       '            @@%=oo=#*%##%oo+##*O@*%####+++++++@@ '   '             :  
                 : '    @@#**=-#%*-#-%#%%##*O#%*+OOO*+@@ .                      
             :  .          @@##%=*OO*%#%=*O*+%##+%#@@   .        :        ' .   
  . '                . .      @@@##%%###+OO%%##@@@     .                        
 '          .        .:              @@@@@@        .        '          . .    :
