---
source: src/modes/_39_mandelbox.rs
assertion_line: 866
expression: "plain(&frame(80, 28, 42, 5.25, &MandelboxParams::default(),))"
---
                               ·+;X++;+Xx:+=++··                              · 
                           +;+x;;+;=+++=x++=+=+:·                               
                        ;+;;;;;+;==+;++x+++==x++:∙                              
                     ∙;;;;+;=+;++;;;=;x;;++;++;;+:·                             
                   :;;+;+=;;;;=;;==*++;x;+X+;+;+;+:··                           
                  ;+;;=++X+;;;+=;++;;=x=;+++;;++=+;+∙·                          
                 ;++*++;x*+=+;++=+++;+===;=;;+;;;;;+:∙·                         
                ++;++=++x++=+++;;x;+x;;;;;;:++*x+;;+=+:·                        
               +++;=+;;;=x+*X#+;++=X;=+==;:;;;=;++++;;*∙·                       
              ;;;+;++;;++;;;+;+;;;;;+++=;+=++;++;%;;+=;;∙∙                      
              ++++*x;;;+=+;=;;;;;;;;=+#==+=+=++==+++=++=;:·                     
             ∙;;;+;:++++;*;;;;;;;;*;=**=;+;;==+;+;=+;+:=;+:∙·                   
             ∙;+;+;+;x+;;=;=+;;;;;=;;;;;+=;;x:+#x+++++;+;=+:·                   
             :;++;;+=+;;;;;;:;;;;;;;:;;+;+=x===;;x+;++;;:+x;+·                  
           · ∙;+;+++:++;;;;;;;:;;;:;;;;;*+++*=++=;;=++;++=+x;+∙                 
      ┼┼  │┼─ =+;;;;;++x+;;;;;;;;;::;+;+=+;===;;+=++;;=+;=++;++∙  ││── │┼─      
││┼── ││┼── ││;+;+;+;x=+;;;;;+;;;;;;;;;:;+;+;;=;+;;;=;=+;;=+x+++∙ ──│││·──│││───
││ ───│││ ───││+++;;=++++*;;;;+;;;+;+;;=;;+;;=;=++=++x▓+;++;+++++·─││   ─┼││  ──
   │┼──   ││┼──·;;;++;+=+=+;:;;;;;;;;=+;;+;;=xx%=x=+;+#+++===*X++││───  │││───  
 │││ ───  │││ ──·;;+;;+;+=++;;;;;+*;;=;;++;;+;x+X+X#+;+;;++++*++│   ──·│││   ───
  │││ ───   ││  ──x;;+;;++++*+;;=;++=+;+;;+;=;+==X#=++x==+++;+*   ───  ││   ─── 
   · ││───      ││─x+;++=;;;++x;*:=;+x+++=++x=;;+++;=++*;X+;+ ───·    ││ ───    
        ─┼┼│        ─=+;+x++++++;+;=;;++%+*=+=;+=;;;;;+xx+∙      ·   ┼┼│        
   │││   ───    │││   ∙+=+x;;=+=;;;;=+++@#=X=;;;;;+++++:·│    ──    │││    ───  
          ─┼┼│          ─+x;;+++;=+=*xxxx==;=+;+++;+∙ ┼│           ┼┼┼          
      │││  ───       │││  ──++;;X=++;+;=;;+;;+++∙· │││   ──       │││   ───     
 │││        ───  │││        ───  │+x+;;;++∙· ──  │││         ─── │││         ───
       ·     ┼┼┼              ┼┼┼    · ·        ┼┼            · │┼┼─
