---
source: src/modes/_53_prismata.rs
assertion_line: 768
expression: text(&moving)
---
%-\\\\\\\\\|||%%|**+=|-:./  .-\\\\\\\\\\\|||| ..:-=+/##%%%%%#|#*|+\=-\.. ||||\\\\\\\\\\-  .-=+#%\|\\\\\\\\-%#*
|\\\\\\\\||%%#*+==-:..  |||||\\\\\\\\\\||| |:-=+|##%.||||||||||%%%#**|=-...  |||\\\\\\\\|| .:-\*\%|\\\\\\\\\%#
\\\\\\\||%#*+=|::|  ||||\\\\\\\\\\\|||| |:-=+*#%%|.||\\\\\\\\\\||||%%#*+|=|-:.  ||\\\\\\\\|\ .-=*#%\\\\\\\\\\%
.\\\\\/%#,+=-:|  |||\\\\\\\\\\|||||   .-=+*|%||||\\\\\\\\\\\\\\\\\\||%%%##**|=-:| ||\\\\\\\|\ .:=+#%\\\\\\\\\|
\\\\\/%#+=:.  |||\\\\\\\\\||||   .::-||*#%|||\\\\\\\||||||\\\\\\\\\\\|||||%%|*+=-:| ||\\\\\\\\ \\=+#%-\\\\\\\\
\\\\/%#+-:. ||\\\\\\\\\|||  |.|-==+**##%|||\\\\\\|||%'%%%%||||\\\\\\\\\\\\|||%##+=-.  |\\\\\\\\ \\=*-%-\\\\\\\
\\\/%#+-:. /\\\\\\\\||| ..|-=|+*##%%||||\\\\\\|||%|*+=|+**##%%|||\\\\\\\\\\\\||%#*+\\\ \\\\\'\\- :-+#%-\\\\\\\
\\-.#+=/. /\\\\\\\|| ..:-=+*#%%|||||\\\\\\\\||%|*+=-:.::--=+|#%%||||||\\\\\\\\\||%#+=:. -\\\\\\- .--*%-\\\*\\\
\-%/*=:. -\\\\\\\/ .:-=+*#%%||||\\\\\\\\\|||%#+=-.  |||  |:-=+****#|%%|||\\\\\\\\\%*+-. -\\\\\\- .-=*#--\\\\\\
\-%*--. -\\\\\.\- .:=*#%%|||\\\\\\\'|||||%%.+=:. |||\\\||| .:||:-.==+|#%%|\\\\\\\-%#+-: -\\\\\\- -:**-%-\\\\\\
-%-*=:- -\\\\\\- .:=+#%/|\\\\\\\\||||%##**+=:. ||\\\\\\\\\|||||*, |.:-=+#%-\\\\\\-%#+=: -\\\\\\--.:=+#%-\\\\\\
-%#+-: -\\\\\\\- .--*%/-\\\\\\|||%%#*+=|-:.| ||\\\\\\\\\\\\|\\|||||| .--*%-\\\\\\-%-*=-.--\\\\\\- :-+#%-\\\\\\
-%*+-. -\\\\\\-- :-+#%-\\\\\\-/%#*+=-:.  ||||\*\\\||||\\\\\\\\\\\\\- .--*%-\\\\\\-%-*=-. -\\\\\\- :-+#%-\\\\\\
-%*+-. -\\\\\\- .-=*-%-\\\\\\-%#+/:. ||||\\\\\\\\/ .. \||||||\\\\\\- .-+#%-\\\\\\-%-*=-. -\\\\\\- .-+#%-\\\\\\
-%#+-. -\\\\\\- .-=*-%-\\\\\\-%#+-. /|\\\\\\||||| :=|:   ||- -\\\\\- :-+#%-\\\\\\-%#*=-. -\\\\\\- .-+*%-\\\\\\
-%#+=: --\\\\\\- :=+#%-\\\\\\-%#+-. -\\\'\\-/  || -##=-|*+- -\\\\\- -:=-#--\\\\\\-%#+=: --\\\\\\- .--*%-\\\\\\
--%*=-. -\\\\\\- .-+*%-\\*\\\-%#+=: -\\\\\\- :=/##*#|#|#-: -\\\\\\- .-+*%\\\,\\\\-%#+-: -\\\\\\\- .-+*%-\\\\\\
'-%*=-. -\\\\\\--.-=*-%-\\\\\\-%*+-. \\\\\\\| .:=-/%-\%*--. |\\\\\\\ .-+#%-\\\\'\-%#+=: -\\\\\\\- .-+*%--\\\\\
\-%*--. -.\\\\\\- :-+*%-\\\\\\\\%*--' -\\\\\\- :+%||\-+|*+=: -\\\'\\\ :=+#%-\\\\\\-%*+-. -\\\\\\- .-=*%--\\\\\
\-%#+-. -\\\\\\\- :-+#%-\\\\\\\-%*+-. -\\\\\- :=+=-=##=.    |-\\\\\\- .--*%-\\\\\\-%-*=-.--\\\\\\- :-+#%-\\\\\
\-%#+=:.--*\\\\\- .-+*%-\\\\\\--#*=:- -\\\\\- ..   .|+: /||||\\\\\\\|-.:=*#%-\\\\\\-%*--. -\`\\\\- .:=-#--\\\\
\\-%*=-. -\\\\,\- .:=*`--\\\\\\-%*=-. -\\\\\\||||||| ../\\\\\\\\\|||  .:.*-%-\\\\\\-%#+-: -\\\\\\\- :-+#,-\\\\
\\-%#+=: -\\\\\\,- :=+#%-\\\\\\-%#+-. \\\\\\\\\\\\\\|||\\\\\\||||  .:-=+|#'%-\\\\\\-%#*=:-*-\\\\\\- .-=*%--\\\
\\\-%*\-. -\\\\\\- .-=*%\\\\*\\--#\=:\ |||||||||\\\\\\\\\\\\/ |.::-=|**|%%||\\\\\\\-%-*=:. -\\\\\\- .-=*#%-\\\
\`\-%#\=:\ -\\\\\\- .-+#%\\\\\\\-%#*|-::.    || ||\\\\\\\\\| /:=+**##%%|||\\\\\\\\\/%-*=:. -\\\\\\\- :-+#%-\\\
\\\*-%#+=:.\-\\\\\\\ :=+#%\\\\\\\||%%#|+==--::::. |||||\||| .-=*#%|||||\\\\\\\\\\||%%#+=:- -\\\\\\\- :-+#*-\\\
\\\\\\%#+\: \\\\\\\- .\=*\%||\\\\\\|||%%%##**|*+|:..  ||  .:=+*#%||\\\\\\\\\\\|||%%#|+=-:. -\\\\\\\- :-+*%-\\\
\\\\\\\%#+-. \\\\\\\- \:=+#%|||\\\\\\\||.|||||%|*+==-::.:-=+*|%||\\\\\\\\\||||%%#*++=-:| //\\\\\\\-- :-+#%-\\\
\\\\\\\\%.\-. \\\\\\\|| .:=+#%%|||\\\\\\\\\\\|||%,##**+++*#%%||\\\\\\\||||%%##*+|=-|.. |||\\\\\\\\- --=+#%-\*\
|\\\\\\\\%*+-. ||\\\\\\|| .:=+*|%||||\\\\\\\\\\\|||||%%%%%|||\\\\\\\||%%##|+|=-::.  |||,\\\\\\\\\|/ .-=--%-\\\
%\\\\\\\-\%#+-:. ||\\\\\\|| .:-=+*|%%||||||\\\\\\\\\||||||\\\\\\\\||%%#*+|-::..  ||||\\\\\\\\\\||  ./=+#%-\\\\
|%\\\\\\\||%\\=-. ||\\\\\\\||  .:-=+|##%%%|||\\\\\\\\\\\\\\\\\\|||%%#*=-:.  |||||\\\\\\\\\\\|||  .:-=+*#%-\\\\
|\%||\\\\\\||%#+=:. ||\\\\\\\|||  .:-|=++*##%|||||\\\\\\\\\\|||%%#*+=-:| ||||\\\\\\\\\\\\|||  ..:-=+*|%||\\\\\
=+#%\|\\\\\\\|%%*+=:. ||\\\\\\\\|||   |.|-=+|##%%|||||||||||%%#|+=-:.  ||\\\\\\\\\\\|||||  |.|-=+*##%|||\\\\\\
:-\*\%||\\\\\\||%\*+||. |||\\\\\\\\||||| ..:-=|+|*##|#%%%%#*+|=-:.  |||\\\\\\\\||||||  |.:-|=+**|%%||\\\\\\\\\
 .-=+#%--\\\\\\\||%#\\\\. --\\\\\\\\\\\|||  ..::--===+|++==-:.. ||||\\\\\\\\\\-   /.::-==+**##%%|||\\\.\\\\'\\
