---
source: src/modes/_40_moonwake.rs
expression: "grid_to_plain(&frame(80, 24, 42, 0.0, &defaults())).join(\"\\n\")"
---
                                                                                
                                                                                
                                         ⢀         ·      ⣠⣴⣾░░░░░⣶⣤⡀           
               ·         ⣀⣀⢀⣀⣀⣀⣀⢠⡦⠖⣾⡋⣀⣀⣐⠼⢚⣥⠕⠒ ⡀⣄⣀       ⣠⣾▒▒░░░░░░░▒▒⣦          
                 ⢀⡄  ⢀⠈⢔⠘⠛⠃⡳⣶⣭⣝⣛⣛⡿⢿⠈⣿⣿⣿⠉⣿⠙⠛⣶⣶⡶⠋⠁⡈⡀⠄  ⡀ ⢰░░░░░░░░░░░▒▒▒⣧         
                 ⠐⠚⢶⠆⢕⡪⣓⢮⣳⢮⣛⠶⣮⣝⡻⢿⣿⠄⣶⣮⣭⣝⣿⣿⣿⣿⣿⣿⣿⠐⠿⣯⣭⡑    ░░░░░░▒▒▒▒▒░░░▒▒⡆        
               ⢀⣄⠐⠵⡪⡮⢗⢽⡺⣕⡯⡳⣭⣛⢶⣝⠿⣿⣮⣛⢿⣿⣿⣿⣿⣿⣿⣿⣿⣿⣿⣿⣿⠉⢿⡟⠗⡦ ⠂▒⠈▒▒░░░▒▒▒▒░░░░░⠇        
              ⢀⠘⠛⡩⡫⣚⣞⢕⡭⡪⣖⢝⣮⣷⣯⣳⣽⡻⣮⡻⣿⣯⣿⣿⣿⣿⣿⣿⣿⣿⣿⣿⣿⣿⣿⢸⣏⣉⠙⠃ ⠸▒▒▒▒░░░░░░▒░░░⡟         
            ⣄⡀⠂⢪⢎⢜⢝⢕⣕⡽⡺⡪⣪⢗⢝⢮⡺⣟⢮⣻⣝⣿⣾⣿⡿⠿⠛⢠⣄⣀⣽⠛⠉⠠⣿⠁⣤⣌⠉⠛⠅   ⠙⢿░▒░░░░░░░░░⠟          
           ⠈⠙⠛⡱⣣⣫⢫⢫⢏⢞⢎⢞⢞⢕⢕⢵⢿⢯⣮⣻⣿⠟⠋⠉  ⠠⣄⣀⣻⣿⣀⡀⢄⣈⣠⡔⠋⠃⠉⠳⠂     ⠙⠻⢿░░░░░⠿⠛⠁           
        ⢀  ⠂⡽⡰⡱⡡⡳⣳⣣⣣⣳⣣⡫⣳⡻⡻⡷⡥⣞⠽⠋       ⠁⠉⠙⠋⠿⠿⣻⣫⠟⠘⡯⠄                              
        ⠩⢳⣶⠄⡔⡱⡱⢱⣱⢡⢳⢳⢳⢳⡱⡵⣝⣝⣾⢮⠋                                                   
   +     ⡜⡜⡱⡱⡡⢳⢡⢣⢣⢣⢣⢣⢳⢱⡱⡝⣎⢾⠃                                                    
     ⡀  ⠐⡰⡱⢡⢣⢣⢃⢇⠎⣏⠎⡎⣎⢇⢧⢳⣻⡼⡏                                               ▄▄▄▄▄ 
    ⠐⠻⠒⠶⠆⢣⢣⢃⢎⡎⡎⡜⡜⡼⡜⡸⡼⡼⡞⡎⣧⢿⠁                                       ▄▄▄▄▄▄▄▄▄▄▄▄▄▄
     ─⢰⢡⢣⢃⠎⡜⡜⡼⢸⢰⢱⢱⢣⢣⢣⢳⢱⢹⢸⡜     ──    ─    ──  ·──    ─    ──   ⡀    ·─    ─     
  ⡰⢤⣀⣀⡀⠈⡎⡜⡜⣰⢱⢡⢃⠇⡏⡎⡎⡜⡞⡜⡜⡎⡇⡇─         ──    ─     ─    ──·   ··  ⡿⣄─         ──  ·
   ⠁⠘⠓⠃⡞⡸⢰⢡⢣⢃⡎⡎⡜⡸⢸⢱⢱⢣⢣⢣⢳⢹⠁ · ──    ─     ──    ──     ─    ──  ⣟⣛⣣⡀ · ·── ·     
 ──⢀⢎⠜⡸⡰⢱⢣⠎⡎⡜⡰⣱⢡⢣⠇⡇⡎⡎⡞⡜⡼⡜  ──     ──    ──     ──  · ──     ⠙⠭▪⠭⠭⠝⠋─     ──    ─
⠠⣦⣤⢅⡜⡸⡡⢃⢇⠎⡎⡴⣱⢡⢃⢎⡎⡜⡸⣰⢱⢣⢣⢇⠇ ─     ───     ──     ─     ·──   · ━    ⢀⣀⡠⠤⠤⠤⠔⠲⠤⠤⠤⢤⣀⣀
─⢀⠉⠁⡔⣡⢣⢃⠞⣜⣰⣱⣡⣊⡎⡜⡰⡡⢣⢃⠎⡎⡜⡸──    · ─     ───      ──        ·   ⣀⡤⢴⣞⣛⣓⣊⣉⠉⠉⠑⠒⠒⠢⠤⢄⣀─⠈
⣲⣗⣞⣞⡽⢭⢯⢯⠽⡼⡴⢧⢎⣎⣜⣹⣩⢋⠏⡟⡾⡺⢥⠧⢄⣀⡀ ·───      ·─ ·    ──  ·   ─⣀⣠⣤⣖⠾⠯⠭⠭⠥⠤⠤⣀⣀⡈⠉⠉⠑⠒⠢⢤⣀  ⠉⠑
⡳⣳⢚⢞⡖⡳⡳⢞⠞⡖⡣⣧⢮⠮⣔⣡⣫⢋⠟⡽⡲⢳⠧⢤⣀⣀⠉⠉⠑⠒⠢⠤⢄⣀⡀ ───       ───⢀⣀⣤⡴⠾⠿⠛⠓⠒⠒⠒⠒⠒⠒⠤⠤⣄⣀ ⠈⠉⠒⠢⢤⣀──⠉⠓⠢⢄
⣝⣽⣩⣫⣏⣝⡭⣫⢛⢖⠷⡳⢯⢮⢖⣵⣡⢋⠟⡷⡳⠣⠤⢤⣀⣀⠉⠉⠒⠒⠢⠤⠤⣀⣈⣉⣉⣑⣒⣒⣒⣒⣒⣒⣶⣶⣶⣿⣟⣛⣋⡭⣍⣉⣉⣉⣉⠉⠉⠉⠒⠒⠦⢤⣀⡀━⠉⠑⠲⠤⣀  ⠉⠓⠦⣄⡀─
