---
source: src/modes/_51_terminal_stress.rs
assertion_line: 103
expression: text(&moving)
---
:  #x+#+%@. @%o@ %.:+ooxx%%#@:o#+# +++o%.x:#xo++
.@ %o. .o ###x:%:x# ::++ooxx#@+x.%+:..+x@o@%o+:.
++:@%o@o# ::.#x.   + xx%%# @.+x@o@%ooo  :%+@ xoo
::.#x+#+%@..@%o@o%.:+ oxx%%#@:o#+#x+  o%.x:#xo+ 
xxo:@%:%.+oo+. + .o %##@@..:+ #:%:@ %%  o@x:@# %
 x :@%:%.+oo+.#+ .o %##@@..:+x#:%: %%%#. @x:@#%%
 .@#x:#:x#@@@%+ +%@:+  oxx%% .o%:# + :o%.x.#xo+:
o  . x.x@: +:@%:%@+ x% ##@@.  %.x.#xxx%@+#o #%xx
xxo:@ :%.+oo+.#+  ox%##@ ..: x :%:@ %%#.o@x:@#%%
%% +.#+#:oxxo:@o@:x%# @. :: o%@+#+.### :x.%+  ##
##% :@o@+x%%x+.x +%#@..::++ x#.o@o:@@@.+%:#o:.@ 
..@ o:%: #@@#x+#+x@.: +ooxx #.+%:%o:::+ @o.%o ::
xxo:@%:%.+o + #+#.ox%##@  .:+x#:%:@%% #.o@ :@#% 
o +.#x.x : +:@%:%@ ox% ##@@.: %.x.#xxx% +#o  %xx
#%xo:#o# oxxx+@o@ x#@@.. :++ %.+#o @##. %:%o:.@#
xo+:@x:x@:   .%:%.+x%%##@ ..+ #.x:#%  #.o@o:@#%x
