---
source: src/modes/_101_p02_glm53f_max_b.rs
assertion_line: 995
expression: "text(&frame(80, 24, 42, 6.0, &knobs()))"
---
                                                                                
                              ,,,-----===------                                 
                           , //==================\=                             
                        ,===========================\\\.                        
                      ,//==(('==========OOO============\\.                      
                    ,//==((=='===========================\\.                    
                   ,//====(===OO,,,,,=====\======OO=======\\.                   
                  ,/((====(===,,==,.,./==-|!!-###########====.                  
                 ,,(==,=((=(((/,,,==)=/###\###\ii-#########===,                 
                ,,====,=OOO==/,,)|==)##########|il####OO####=|,                 
                .=|===,======|-=)===********#####/+#########=||,                
                .|====)======:-==))***@@@@***####\++|#######==|,                
                .|====)====-::\====***@@@@***####-+\#######===|,                
                .||====)OO===\/=====********#####-|#####=====||,                
                 .|====(======,,|======#######|#;:##=OOO=====|,                 
                 .=====(======-,,\===\===/====|,,//===========,                 
                   |===(==========-..|-==/.../==============/,                  
                    \\=((=====OO====--\===================//,                   
                     \\==,====================OOO========//,                    
                       \\,===========OO================//,                      
                         =,============================,                        
                           ..\\==================//.                            
               `````          ...--------==----                                 
               `````
