---
source: src/modes/_61_fma.rs
assertion_line: 265
expression: "frame(0.4, false, 100, 36)"
---
                                                                                                    
                                                                                                    
                                                                                                    
                                                                                                    
                                                                                                    
                                                                                                    
                                                                                                    
                                                                                                    
                    |                                                                               
                   ||   /                                                                           
                   ||  +-                        /                                                  
                  | | /  .               //    //                                                   
                  | |/   .             //  ////                                                     
                  | +/   .           //   //                                                        
                  | +    .          /   //                                                          
                  |/|     .   .   // ////                                                           
                  + |  \  .   . ++-+//+/                                                            
                  + |\  \\.  +++#+++++-+-                                                           
                 ++|| \\  \#####/ +++ \\ -+ \\          ///                                         
                 +|||   \ ####/ //++-+\\\  \  \        //                                           
                /+|||    ###/\ / ++++++++      \ |     /                                            
            ---   ++|  //#+\ .+\++--+-- ++\   |\+  +  +    ---                                      
               ---+++++/ +|.+++++++#######-\  | +  \\ |       -                                     
             ..... ++/---+++++++-+++####-##-+-+++---\\                                              
                 /++\\...\\++++++++++#######+/ /    \\\                         //                  
            .../++.+\\\ --+++++-+-+--+#####++++-------++--------------          /                   
              // ..+.\\+../\\\+-.\    \\\-++++--       \+---                / /+--                  
            //     |  \\\+ ..+----+-----++-\/...+++---- ++---------     -  /+--                     
           /       |    +\\..    --++----\++.      ....+++++------------ +++                        
                   |  // \\\\        \   /\\\........       \--       --+  ---                      
                   | /     \\\+-      \    \\        .......       --+//----                        
                   | /     . +-----    \    \                   --- /+---                           
                   |      .  .  ------      \                --------                               
                   |         .    -----------     |     ----------    -------------                 
                   |         .          ----------+-------------------                              
                             . -------------         --
