---
source: src/modes/_35_hyperloom.rs
expression: "plain(&frame(96, 32, 42, 2.75, &HyperloomParams::default()))"
---
╳╱◇─╱╲◆─╲╱◇─╱╲◆─╲╱◇─╱╲◆─╲╱◇─╱╲◆─╲╱◇─╱╲◆─╲╱◇─╱╲◆─╲╱◇─╱╲◆─╲╱◇─╱╲◆─╲╱◇─╱╲◆─╲╱◇─╱╲◆─╲╱◇─╱╲◆─╲╱◇─╱╲◆╳
│─○●●  ○○○  ○○○──○○○──○●●──●●●──●○○──○●○──●○○──●○○──●○●──○○●──●●○──●●●──○○●──○○●──○●○──●●○─╱●○○│
◆   ╲──╲  ────╲─────··────────✦ ╱───────────────────────────────────────  ───────────   ─╱──╱  ◆
┼   ∙  ─────╱──╲╲──╱──·━─────────────────────────────────────────────────────────│─╱───────────┼
│    ──╱  ╱───╱─╱───────━─── ────────────────────╲───────────────────────────╱ │─│╱─────╱── ──╲│
◇╲───  ──╱╱ ─╱╱╱│─│──────◀──────────────────────────────────····━━▶────────╱╲──╱╱─╱╱  ╲╱ ∙─╲   ◇
╳─────╱ ─╱╲─│╱─╱╲╲─ ╱ ─────────────────────────────────────··────◀───────╱──╲╱╱──╱     ──────╲ ╳
│╲    ─╱   ─╱────╲╲╱──╱ ───────────────────────────────────────━━──────╱╱╲╲╱╱──╱─╱╲─  ──╱───  ─│
◆─╲─────────│╲────╱╲╱───╲─╲──────────────────────────────────··──────── ──╱╲╲╱╲╱╱ ─╲──── ─────╲◆
┼──────╲───╲│─╲╲  ───◆  ╱╱╱───────────────────────────────···╳───────────│ ╱╱╱╱───│ ╲  ──╱     ┼
│──╱  ──────│───╲╲╱ ╲ ╲╱╱╱ ──────────────✦────────┼────────────◇────────│╲╱╱╱─│─╱─│──╲╲──     ─│
◇    ──╲ ╱──╲ ─╲╱╱│╲ ╱╱╲╲╳╱ ─╱╱───────────││────────────────────╱───╲─╱╲─╱╱╲──│╱  │ ╱───╲╲ ────◇
╳ ──╱  ──╲ ──╲╲╱──╲╱╱─╲─│╲╲╱╱╱────────────────────────────────────╱─╲╲──╳─╱──╳│╲✦ ╱│    ╱───╱  ╳
│╱   ──────╲  ╱╲╲╱╱────╲╲╱╱╲╲────····━───────────────╲──────── ╱──────╲╲╲╱│─│╲│ ╲╱╱│   ╲   ─╲  │
◆─────  ─────╱─│╱╲╲│  │──────╲╲╲╲│────━━────────────────────────────╱─╱╱╲╲╲──│╲  ╱─╱───╲───  ─╱◆
┼─   ──╱ ─────╲╱─╲╲╲╲ ╱──────╲╲────╱───····──────────────────────╱─╲────╱╱╲╲╲│╱╲╲─╱───────╲────┼
│──│──────╱   ┼╲╲─│╲╲──│─────────╱───────╲╲━━━────────╲╲───────╲╱─╲╱◇─── ╱ ╲╱╲╲ ─╲────╱ ─────│─│
◇ ────  ╱     ╱╲──╲╱╱╲◇─────╱─╲─────────╲────◀──────────────────╲◇╱─╲╲─────╱╱ │╲╲ ╲───     ───╲◇
╳───╲─────   ╲─╱╲╱╱╲╱ ╲──────╱╱─────────────────────────────╲──────╱╱╲╲╲╱╱╱╱╲╱╱──╲─╲   ──────╲─╳
│─────╲╱ ─────╲╱╱╲╲────╲╲──╱╱──┼─╱─────────────────────────────╱╲─────╱╱╱╱─╲╲╱╲  ╳╲│───╱ ──────│
◆─╱ ──╱─╲   ◆╱╱╲──◆╲╲╲─────╱╱──╲───────────────────────── ────────╱─╲╱──╲─ ──╱╲◇───│╱ ╱── ─╱   ◆
┼───     ─╲╱╱─  ╲╱╱─╲╲╲·│╲╱── ╲──────✦──────────────────────────────╱╲╲╱─╲╲ ╱─╲─╲╲│ ╲── ─╱    ╱┼
│         ──│───╱╱╲╲╲╲ ╲╲╱──────────────────────────────────────────────╲╱─╲╲  ╲──│──╱────  ─╱ │
◇        ╱ ─│─╱╱ │ ──╲╱╱ ✦╲ ────────────────────────────┼─────╲──╲╱──────╲╲╱ ╲╲│──│─╱─   ───── ◇
╳───╲  ─╱──╱│╱───│──╱──────╲──────────── ───────────────────◆─────────────╲╱╲────│ ╱────╲──╲─╲─╳
│╲  ───╲─╱  ╲    │ ╱ ─╲╲────◆───────────────────────────────────────╲━━▶─╱╱╲╲──┼─╲╱      ╱  ──╱│
◆╲─╱  ─────╲│╲   │╲╱ ───╲╲────────────────────────────────────────···─ ╱╱────╲╲│──    ──╱  ─╱──◆
┼ ──╲╱   ────╲╲╲─╲╱───────╲╲────────────────────────────────────···──╱──────╲──╲╲·╲───   ────╱ ┼
│    ──╲───╱─╲╲╲╲╲─────────────────────────────────────────────────────────────╲ ····──◀──╱    │
◇─╲──────╱─────────╲────────────────────────────────────────────────────────────╲│─╲·━━──╲    ─◇
╳··∙─╲·∙∙  ·∙·╱─∙··──∙··──∙∙∙─ ·∙∙──∙··  ∙·∙──··∙──··∙──·∙·─╱··∙──∙∙∙──∙∙·──···──···─╱···──∙∙· ╳
│╱◇─╱╲◆─╲╱◇─╱╲◆─╲╱◇─╱╲◆─╲╱◇─╱╲◆─╲╱◇─╱╲◆─╲╱◇─╱╲◆─╲╱◇─╱╲◆─╲╱◇─╱╲◆─╲╱◇─╱╲◆─╲╱◇─╱╲◆─╲╱◇─╱╲◆─╲╱◇─╱╲◆│
