---
source: src/modes/_100_p01_crazy_astra_high.rs
assertion_line: 450
expression: "plain(&frame(80, 24, 42, 0.0, &defaults()))"
---
                                                                                
                                         **+;\+*++;\                            
                                   /+*+++*++++/+++/++++=|                       
                               /*\+++|=/----------+++/*++===|                   
                 /**+++\++=+++=++===///;::|::,|;:/=\\+++---\\                   
              //**+++==\\;-/;--\;--//,:,,  ::: ,,|::=\*++++=;//                 
              \\\+--*+++-\,:,,,/,,|,|  /          \:;-+++====\/|                
               \\+++++++----::,,:,.               \---+==;\\//\                 
              /===\/+++++=;/--                  |\\*+++\;=//::                  
                ,/\\\|+/*++==|---    /-\/=\ /+++|*+++\==;-/,,                   
                 \::;\\++++/*++++/+++++++++|+++=++==---/-:,                     
                    \;;;\--==--+|==---==------;------:\,,,                      
                      :,/;;;;;=----;|;::::/:,,,:|,,,,,:::                       
                      \\/,::,:/,,,,::.,..|,\,,,/ /:://                          
                         |\\||  ||    |    \\ /|///                             
                         \\\/ \//     |   //\///  |                             
                           \|\ |      | /////\\|  |                             
                           \ \\\\\   /|\////  \|                                
                              |\\--//  \///   /|                                
                               -\     ///    //                                 
                                    ///      /
