---
source: tests/snapshot_modes.rs
assertion_line: 48
expression: "strip_ansi(&String::from_utf8(output.stdout).unwrap())"
---
 ─  ─══    ⚙▪▪▫▪┼─▪▪┄⚙·┼─γ┼ ·┊┊ ┼│┼│ ᛖ│──┼│·│ ·  ·      ││┼│┄         │┼  ─══   
──═─      ⚙ ▪ ▫──▫ ▫▪·─⚙│ · │┼┼│        ┼─ · ┼ │┼ᛗ┼ · ·    │┼ · ·      φ│    ──═
══  ─     ⚙ ▪▫─σ  ─·┼▫ ┄│┼ᛒ┼  ┊┊┊┊ ·│┼│·ᚾ┼ │┼│     │┼│   ┄   │┼♂ ∘∘  ·  ┼ξ      
          ⚙▪ ▫┼  ─    ┼│┼┄▪▪ ⚙┊ᚺ│┼│┼  ···♀✷·  ┼│┼│ᛁ   ┼·┼     ·│┼· · ┊┊┊ │││ · ˙
♏  ─      ▪ ─ ┼─·   ┼│ │ ▫┼─┼─⚙┊┊·    ░┄░~─· ·    │┼│─ ··┼     │ᛟ┊┊┊    │┼┼    
   ┄  ┄   ⚙▪·┼─     ─│  │ ┼ ┄ ▪▪⚙┊┊┊░░░·┄·░░─░   ·  ┄┼│┼  ─ᛚ ┊┊┊┊┼│ ·     ─ ─┄  
   ·─   · ⚙▪─ζ · ─·─ ── ᚹ─ ─░▫┄░▪┊⚙┊┊·─·░░░─·─░░─ ┄·    ┼·┊·─┼┊ ─ ┼│ ─  · ── ─  
          ⚙┄┼ ┄    ─  ░─░─░░░░░▫·▪·⚙┆┊░░·░░░░┼░··     ┊┊┊ᛃ┼┊ ─┼   ┄┼ ┄·   ─  ─  
   · ─    ⚙──▫·  ·┼ ┄░─░░─░·░░░░░┄▪┊⚙┆░·┄·░░·░─┄·░ ┊┊·┊┊ ·│┼· ─·   ─      ─   ─ 
┊┊┊┊┊┊┊┊┊┊┊─┼▫  ·░┼░░─░┄░─·░░░░·░░▫┄░┆┆░┄░░░░┄┼─░┆┆┊┊─·  ┄ ┼   ─┼  ─·     ─   ┼─
    ·─  ┊┊┼⚙─·▫┊┊┊┼┊┊─┊░░·─░░┄░░░░▫▪░░░·░░░░·░┆─┊░░┄░░·░░·  ·   ┼  ┼   · ˙υ    ─
─   ✧     ───·▫·  ┼ ─┊┊┊┊┊┼┆┆┆┆┊┄··░░░☼☼☼☼☼░░⚙·──·░░░─·░░·░░·   ᚹ─ ─      ┼    ┼
·─ ─·─ ─┄⌖─⌖──·▫─┄─ ─┄─░─░─┄─░─⚙─▪─░░☼☼·❂❂☼☼·░─▪─░─░─┄─░─░─┄─░─┄──·─ ⌖ ⌖┄───·─ ─
   ─    ─ ┼  ─·▪▫  ─ ─░░·░⚙▪▪⚙·▪▪▫·▪░░☼☼☼☼☼░░░·▫──⚙┆┆·┆┊┊·┊·┼  · ──┼   ✧·┼ ˙   ─
  ─·      ᛏ  ┼⚙·▪▫  ──⚙▪─▪▫─▫┄▪▫┄─┆▫░░░·░░░░·─▪░┄┼▪┄░─░░░░┊┼─┊┊┊┊─┼┊┊┊┊┊┊─     ─
   ─     ─·─  ─·▪▪⚙ ┼─ᚲ ·─· ⚙▪▪▫ ░░┄▪▪⚙░─░┆─▫┄☉·▪─⚙▪·░·░░··ᚠ░░  ──    ┊·┼─┊┊┊┊┊─
 ─    ─    ┼  ┼ ·⚙▪▪▪ᛉ┼│·┊┊─⚙▪·▫──┄─▪─⚙·┄·──·─┄─▫│▪▪⚙─░░░┄┼┄    ─┼   · ──      ┼
  ·   ─ ·   ─┼·─·▪·▪▪▫┊┼─┊· ─▪ ▫·· ▫▪⚙ ·┄─ ┊┆·┊ ··│▪⚙⚙░ ··░   ·─ ┄    ·─      ──
          ·· ┄│⚙┼♁▫⚙┊▪▫ ▫─┼│⚙─▪┄  ▫·⚙  ·· ··┊┊┊·▫┄│⚙▪▪⚙·─    ──    ┄  ─       ─ 
     ┄˙┄      ┼│││┊· ⚙▪▪▪▫ ┼ᛈ┼┼─▪▫▪▪⚙ ─ ·· · ┊▫▫▪▪α┄┼ᚢ┼·   ─┼─ ˙   · τ   ┄ ┄ ─┼▫
  ♍      ✦ ┊⚙┊▪┼││ ─ ⚙ ⚙▪▪· ┼│┼│┼▪·☿▫ ·┄ ▫·▫▫▪▪▪┼│┼··· ⚙─┼┼ ✧      ─┼       ─♉
─═     ─ ┊┊┊·⚙▪ ▫ ┼│·· ─┄ ┄▪▪▪▫▫┼│┼│┼┼│┼·┼│·│ᚦ│┼│┊│  ▫ᛚ──        · ─     ˙▫ ─▪⚙═
 ─══   ─     ⚙▪ ▫─ ─│││┼── ─⚙─▪▪▪─▫  │ᛃ│┼│┼┼│┼│┼ᛁ·┼──· ▪⚙·       ─┼·  ▫ ▫▪▪─⚙══ 
│   ═──  ·   ⚙▪▪▫ · ✧┄││·┼││ᛖ▪▪⚙⚙─⚙▪▪▪▫ ┄··  ┼││┼─│┊·▫▪▪⚙  ┄ · ┼──▫ ▪▪▪▪⚙ ═──
