---
source: tests/snapshot_modes.rs
expression: "strip_ansi(&String::from_utf8(output.stdout).unwrap())"
---
       ~                              .                                         
                                     .                                         .
                                    .                \\          .             ~
         ~      .                  ~             . +/++\        ~~.           ~ 
          .      .                 ~             ~/**+++\\            .      ~  
                                    .           *##*+**=+||            ~~       
 ...                  ~    .   __*|+**|+___   +**##**#*+//||                    
             ~              //#\***|%#|##|*+\ \\+/////***=+|                    
       ~       ~          ||\#*#\#%#___#**#//*\\|=+***#**=+||                   
                   ~~~   |*#**\#*/ _*#|*__++*#/|||++*****++||                   
                        |---***| *#%*__+/* =*+*| |=+***---=||       ~.          
             ~          |#*#*-|||#-|#\_*|-||+++| |==+****+=||                  ~
                        |--*#*||**+|*__/+=|==--|||=--***+++|..           ~.     
   ~~~~                 |###*+=||#*+_____/+=\+|||-==++*---||     .              
          .             |+**////\.**|+|+|+==//||=--=++++++|                     
                ~~      ~|**###*+___________//\==++\++++=|.                     
                      .  \\+**/****+|_____+|++=\=++++\\||             .         
                           \\++***|+**+|+==|=+=\\+++++|        ~       .        
                             __++|+++=|===+|==+=\\+//                           
                              ~___===||==++|=+=+_//                       .     
      ~~.                     ~    ___________  ~.                        ~.    
            .                                   ~.   ....          .       ~    
           ~~.                                 ~.    ...           ~            
                                ~  ~          ~.    ...    .
