---
source: tests/snapshot_modes.rs
assertion_line: 1417
expression: "render_t(&[\"1701\", \"reef\", \"moss\", \"6\", \"2200\"], \"9\")"
---
--~~~~~~~-  --~~~-     -~==--~~~~~~----        -~~~=======~- -----      -~==~---
    ><>     --~~~--    -~===~-                  .    --      ----- ` o  -~~~~-  
               ---      -~===~-      ---           ><>          -o       -~=~~- 
 -----                    --~--      -~~~--                      .  o     -~~~~-
 -~===~-  o   ---    .   .             ----        ----  ><> .                  
   --~~-o     -~==~~-                               ----       ----            `
               --~~-      --~~~-                             o  ----       --~--
   -          o             ---        ---- o                              --~~-
 -~~~~-   <)))><   .                   ---                  o                   
-~~~-   .o.o.--                              o   ---       .                    
~~-   o@@-O--..    ...:o                       --                               
     o#%-@-   @@ .#@    O.      o  .         --                                 
    . @O@@    o#oo%# . .@ O                    .                                
    .:    @   O.@ #%O   O#oo                                                    
   :     ><>   ##Oo%#   o @                                          .          
   .o      .#  @%# @@@     #.       .                       o:.     : ..        
  .  O  o.   #@# @o #     @O.    <><    .             oo:  o  #@. .#@  @@       
  .@@####@   #%  oO @    @     .. . ..o.    .  ..    @%#  .o@@%% O.@@O @#O      
  O @##%@ O@@ %.  Oo#   # . O.o# O O # :   oO   OO  .#%@   O @####O  @# @.      
  :.  @ # %%%%   .:.#   @% @#@o#%@ @%@O    o@    #O O @@   O  % @@.. ##@        
       @@#   _ ::_   %###@O O. o@@@##@      :O@@O@. .o  @@@%###:  .:o  .  `  ___
   ` `. `    _     ____ ..     `           ______ _          .` , _    _______  
             _______          _      ______       `.      ,  : __________ _ . . 
_    _________, _   ,          _______    .  _            ______          .    `
