---
source: tests/snapshot_modes.rs
assertion_line: 779
expression: "render(&[\"7\", \"poincare\", \"ember\", \"5\", \"4\", \"24\", \"0.05\", \"2\", \"0\", \"2\"])"
---
 {5,4}.:::.\\\\\\\:::~:ooo::::::··· ·            ····             ·····:::::::::
   .........\\\\\\\::~ooooo::o:::····           ·   ·   ·      ·   ····:··------
     . ... . \\\\\\\::~oooooo::::··· ·       · ····:··:·:······ · ·  -----------
          .   \\\\\\·:~:::::::::::····· ······:··:::::::::····· ·---------------
               \\\\\\·~~··:::::·:·····  ······:::::oooo::::···-------------... .
       .        \\\\\--~----------------- ····:::ooooooo:::-------------:::::...
     ..        --+++**-~----------------------::::::::::://------------:::..... 
  ....... .------+++++-~ . ...::---==-------------:····////---..:-::--::.... .  
 .......--------- \\\\\~~......::---====---:---------//////- ..::.:...... .     
..:.:://-----·:·:··\\\\ ~ .......::::--:--:.....---+****/   . ..... .   ...     
::::///---··:::::::·\\\|~.:.   .. ............. .  ++***\   . .     . .::::.:.  
.:///// · ···:::o::·\\\|~:::.   ...:...  .  .....////*\\\\\......   .::=+*==--:.
.////·    ·· ···::·:·\\|~~-:.  .::-+=-:..   ..:.////····\\\\::.:.. ..:=++**+*+-.
///::··     ··      ·\\||~-:: :-=**##+=-: ..:--////·::::··\\\\--:.. :-+++***+-:.
+/·:::·· ···:::·      \||~-:. :-+###*##=:..:-=////···:···· \\\\--:. ..:-*+=+=-..
++·:::·  :o•••o:··  ·:\||~:..  .-*#*#*-:. .:-////            \\\:.    ...:......
+-\\··   ·:••••o:··:::\||~ ...  .:::::.  ...:///·    ····   ··\\\    ....    .::
  \\\\    ···:·    ··-+++~+---::..    ....  ++/··   ·::::·  ··\****------.  . --
    \\\\          ----+++~+-------  ------+++***     ·       -**+++-------****--
     +++++-----++/--   \+|     -+++++---   +***--\\       ///--++++      ++++++ 
    /+++++----++++     \||      /++++\     |//  -\***----**//   \\||     ///+\\\
---//--\\| o |//-\\  o -||--   /// \\\| • ||//oo //-\---|/-\\ o  \|--  -|///  \\
--|/\\-/------/\//------\|-----/-\-/-\-----|--\--//\\|--|//\\--/--|--\---/-\-//-
--=--=====--=-=-=-=-===--===---==--=--------=--===-----=----=-==-==--=-=---=---=
