---
source: tests/snapshot_modes.rs
assertion_line: 669
expression: "render(&[\"42\", \"mahoraga-5\", \"deep\", \"8\", \"7\", \"1.5\", \"0.45\", \"5\", \"3\", \"0.4\",\n\"3\"])"
---
  O                 :                  O/   ·  ·           ·          ·         
   ···    ·                            O│+  O              :  ··       O        
 --==-~--~-  O                           %@*\ *·      :    ·   :  ·           ──
  ~----==========~----      ·       *◆ ##**·* &                              O │
           · · -~---~========~----*══+\%*│/##│*═════│═════════   · O  ·|     · │
                    │  ·  ·· ·-~~-*=*=%%◉/─*#─#\  · │  ·             :·   :    │
       O  O     : · │    ·    │  /** /*│+ -*-..&#           :   O  O           │
                    │         │//* //+*│ *#====*#\ │      · ·          O       │
             :  ·           //  //*//│#*//=--..//:·│         ·     O           │
   : ·    ·   ·    │      /  // // @*// \-\\──·= | │ · *              ·        │
   |           o   │   //  ////  ///.│\  @@+ ·:-  │ %      · │ ·               │
    ────────────────//──////  //@%│*.│:= ──────.·-   %  · O  │ ·            ·· │
    O     O  O &  /   / /  //@@%─────││++++ %://:%           │· O    ·         │
            &  ##*-&-//────** ./ ·.·─────────│  *%│  ·   ·O  │·                │
 O           @%&%&%#=/────────────────────.-     ││    ·     │     %··         │
 :        //*\ %#&#         │ ·   @#==~----\   ·│     ────       %    O   ·  O:│
 O       /│   \─#│ │       ·│    │#=~==..  -          ·    ││  · * · :       · │
        │ │     &────\      │ ·  /\=~~~   .\          ·O  ·│    :        O     │
        /─ │─\/  /│         │· o/@%=~~~   │-\·        O   ││  :O   : ·         │
       / //── \─ ││          · /@% \=~~  .+·-\··  ·     │││  ·        O        │
      \│ //                    │% ·│#~.  -%─.─        O   :·· ·                │
    :   / \ │\──/│ /          @%%.│ \~--/ %*·-│           · ··:      ·         │
 O         \ │ o │ ~-~-~:-~    ·─·│       │%·│+-        ·         :    :     ·  
                  :  ─        ~-·· /   \ \ \─     ─  -~·-··          OO      O
