---
source: tests/snapshot_modes.rs
assertion_line: 1385
expression: "render(&[\"42\", \"prismata\", \"moss\"])"
---
 :+#%-\\\\\\||%#*+/:/ -\\\\\.|| .-+*%--\\\\\\\-%#+-: ||||\\\\- .-+#%||\\\\\-%*\-
:=*%/\\\\|||%#+=|| |||\\\|||| .|+|%|||\\\|\\\\\|||#*.-: |||\\\|| .-+#%||\\\\||#+
/*%/\\\\|/%*|-. |||\\\|||| .-=+#|||\\||||%||||\\\|.|%#*|-. ||\\\|| .-+#%|\\\\-%#
.#/\\\\-/,+-. ||\\\\||| :|+*%%||\\\||%|||=+*#%||\\\\|||%#+|. ||\\\|| \=*%-\\\\-%
#%-\\\\//+-./|\\\||| .-+#%||||\\|||%*=:|  .|=+#%||||\\\||%#+-\\|\\\\\ -+#-\\\\-%
%-\\\\/#+-./\\\\||.:=|%|||\\\|||%%*|. |||||| :=|*#%||'\\\||%*-. -\\\- :=#%-\\\-%
|\\\\-%*/./-\\\- .=*%||\\\|||%*+=:. ||\|\\\\||  .|=+\%-\\\\-#=: -\\\- :=#%-\\\-%
\\\.-%#=: -\\\- .=*%/\\\||%*=:| ||||\|| |\\\\\|||| :---\\\\-#=: -\\\- :=#%-\\\-%
\\\\-%+- -\\\\-.-*%-\\\-%#=. |||\|||| |-.|||\\\\\- :+%-\\\-%#=. -\\\- --#-\\\\-%
\\\-%#=: -\\\-.:=#-\\\\-#+: -\\\- |'.-%*-==.-\\\-/.=#%-\\\-%----\.\\-.-+%-\\\\-/
\\\-%*=.-\\\\- -+%-\\\\-#=: -\\\- -*%||-*- |\\\--.-/%-\\\\-#-- *,\\--.=*%-\\\-%*
\\\-%*-.-\\\\-.-+%-\\\\--+: -\\\| -#|*%##*- -\\--.=#--\\\-%*-.-\\\\- :+--\\\\-#+
\\\-#+- -\\\\- -+%-\\\\-#=.--\\- ::.:*+.   /\\*\---*%-\\\-%*- -\\\\---*%-\\\\--+
\\--#=: -\\\- .=*%-\\\-%*- -\\\\|||| :./|||\\\||/--*%-\\\-%----\\\\-.-*%-\\\\--+
\\--#=: -\\\- :=#--\\\-%+: ||||||\\\|||\\\||||| .|=*%-\\\-%--.-\\\\- -+%-\\\\--+
\\\--+: -\\\- .=#%-\\\-%\-:.   | |||\\\\'| ::--=+*#%/\\\*-%--.-\\\\- :+#-\\\\-#+
\\\-%----\\\\-.-*%-\\\\|%*#*+===|: ||||| .-+#%%%||||\\\\\-%*---\\\\- :+#-\\\,-#+
'\\\-\+: -\\\- .=*%||\\\|||||||%||||::.:=+#%||||\\\\\\|||%#+: -\\\\- :+#-\\\\-#'
|\\\-\#=:.\\\\- :=|#||||\\\\\\||||%%'#*#%|||\\\\||||||%%#*=-. -\\'\- -+#-\\\\-#+
%\\\\-%#=. |\\\|| :-+*%%||||||\\\\||||||||\\\\|||%%|#|+=-:. ||\\\\\---*%-\\\\--+
*%\\\\|\#=* ||\\\|| .:-=+*#|%%|||||\\\\\\\||||%#*+--|:.  |||\\\\\|| .=*%-\\\\-#=
-*%||\\||%*=: ,||\\|||` ..::-=+*|%%||||||||%|*+=:. ||||||\\\\\\||| :=+.-.\\\-%*=
 :\#%|\\\||%*=|.,||\\\\|||||| |:--=+*|*##|+=-:. ||||\\\\\\\||||  :-|*%||\\'\/%*-
||\-+--\\\\||%#+-. -\\\\\\\\*||||   ...::.  |||||\\\\\\\\\-- ..:=+*%||\\\\\-%*=:
