---
source: tests/snapshot_modes.rs
assertion_line: 1479
expression: "render(&[\"42\", \"isfahan\", \"mitla\"])"
---
           '      '.   .                                                        
                                      '                 :                       
                                                    '                        '  
                                .                           :.    :           ' 
            '                          .         .     :                  :  .  
                                   '                                            
                                       ''                                       
                                     %%##%%  :                                  
  :                              %#   #|||#  #%|                                
                              %#       ##|#++- ##%#             :               
  :         :               #       x\|+-###   ||###-                      .:   
             .            #  |  #/ #◇# ·  \    +- \# #             :      .   : 
  '.                    %   ##||#+++  ·  · ·  · · ·    %                        
                       #    ||###+-- ·     ·  ·    ·  |##                       
                      #/     +  \# x\· · ··   ·     · ##|#         .            
      '              ###|+  || #/ #◇#  |/      · · ·   +###:                    
                     ##+-- ###|#+++ #||##|   · · ·      # x\                    
 :      .             \#   |++##|    ###+-+  ·    ·   ·   ··                    
                  '.· ·        \#   |+-###   ·    ·· ·     ·               :    
                   ●●  ·   · · ··    |||\ #◇# · ·     ··  ·●●                   
          '        #    · ·     ·  |#|||+# |· · ·       |/ ##                   
                   # · ·   ·   ·   ###◆-#+ ·     ·  #|||#| |#       .      .    
                   #        · ·     +###+   ·    ··  \#\+-+-#     '             
 .  .  .  .        #                         · ·    |+--##  #.
