---
source: tests/snapshot_modes.rs
assertion_line: 714
expression: "render(&[\"42\", \"tree-of-life-6\", \"moss\"])"
---
                                                                                
                                                                                
                                                                                
                                                                                
                                                                                
                                        ┆┆            ─────                     
                      °                  ┆       ────/                          
·        ··        ··   ∙   ∙ ·    ──────·──────/ ·         ··        ··        
···················∙···········∙▓···∙·∙······░··································
·························°····∙··▓▓·°·····░░░···································
··············  ···∙·········     ▓··▒∙─·░∙▓▓▓·     ·············  ·············
··································▒▓▒▒▒║░\·──▓▓▓▓·······························
········ ······· ·· ·········· ▒▒▒▒▓▓··░─────\·▓▓▓▓▓▓········ ·· ······· ·······
··· ······················  ∙▒▒▒▒  ·▓░░░──────     ▓▓▓▓▓▓···················· ··
······ ·····░· ·······   ░░░▒▒▒░···▒▒▒─\─· \\│░··\\\···▓▓▓▓▓····\· ·────·· ·····
···········░ ····· ·░░░░░·▒▒▒▒  ░ ░░│─▒───────│ ·   \\\\\·▓▓▓▓▓··\··  ··───────·
····  ····░░░░░░░░░░·   ▒▒▒▒  ··┆░▓░──/░░░░·│─│  ··    ··\\──────│▓········  ··─
   ·······  ······   ▒▒▒▒▒  ·· ┆┆▓ ░/   ·   │· │   ··    ·     ··▓▓▓▓▓▓·······  
······ ·········  ▒▒▒▒▒    ·  ┆  ▓·░    ·   /\·\     ·    ·      ····▓▓▓▓▓▓·····
······· ····  ▒▒▒▒▒▒ ·        ┆┆│──░    ·  │─\──\\         ·         ····▓▓▓\\··
·    ···   ▒▒▒▒▒               ──┆/░─      │  │ \·\                      ··· ───
 ····   ▒▒▒▒▒                   ▓▓▓        │   │ ──\                        ····
·   ▒▒▒▒▒▒                     ░░▒▒        │   \    \                           
▒▒▒▒▓▓                        ░ / ░        │    \\   \
