---
source: tests/snapshot_modes.rs
expression: "render(&[\"77\", \"forest3\", \"ocean\"])"
---
                  ·    ·   · ··                   ·                    ·    ··  
·                                   ·                                           
·                     ·    ·       ·  ╷                         · · ·    ·      
                      ·  ╷   ╷ ··     ╷  ╷ ╷╷ ╷  ╷  ╷ ╷╷  ╷   ╷    ·         ·  
    ·                     ───┼───────────╭┼╮  ╭─┼╮╷ ╭─┼╮ ╷╭─┼─╮     ·     ·     
                     ·  · ╷  ╲      ──────│─────│─┼───╭──┼──╮        ·          
·             ·        ╷  ╷╷  │        ╷  ╭─┼───╮ │      │ ·     ·    ╷         
         ·     ·        ──────┼─────────────│─·   │   ╷  │  ·      ╷  │    · ╷  
       ·           ·     ─────┼─────────────╭────┼┼──────╮      ╷ ╷╷  ╱·     ╷ ╷
      ·         │     │ · ╷  ╷ │   ·    ╷   ╷╷╷  ││      ·     ╷ ────┼──────────
 ·            · │     │  · ────┼──────────────   ││ ·╷·╷        ─────┼──────────
  · ·           │╷    │        ╲      ╷  ────────│┼────           ───┼──────────
    ·  · ·   │ ·─│─┼─╭╷  │ · ╷  │     ╷  · ╷    ·││      ·    ╷╷╷ ╷ │ ╷ ╷ ╷     
             │   ├───╶   │    ──┼──────────      ││           ─├───├│├───├──────
·        ·   │╷╮ │  ·    │      ──────────────────┬──────────────├──│╭─├─╮      
       │ ·   ──╴─┤─┼──────    ·│              ·  │┃│          ·     │      ·    
       │   ·     │ ╭╷ ⠁⣤⠈      │       ·         │┃│ ·  ◠  ·    ·╭──├──╮     ·  
╌∿╌╱∧╲·─╌─╌╱∧╲╌╌╌├─┼╌─⡇⣿⢸──╌─╌╌─╌∿·╌~·╌╌╌~~·╌·╌╔╥╗┃│~╌·◟◉◞~∿~╌~·~╌╌╌│╌∿~~╌·∿╌∿·∿
~╌·⟨✧⟩·╌╌╌∿⟨✧⟩╌∿∿│╌│~╌⢀⣶⡀·~╌·╌╌╌··∿~∿∿·∿·╌╌╌◠╌∿╟╬╢┃│╌╌∿╌◡∿·∿·~·∿~╌·~│╌·∿╌╌╌~··╌╌
·╱·╲∨╱╲·╱··╲∨╱·╲··╲╱╲╲◆·╲·╲···╲╱╲··╱·╲╱╱···◟◉◞·╚╨╝╲╱╱╱··╱·╱·╱·╱╲╱·╱╱│╲╱╱╱·╱╲·╱╱·
╱╱····╲╱╱··╱··╲╱··╲·╲◇✦◇··╱·╱╲╲·╲╲·╱╱····╱∧╲◡·╲╲·◆·╲╲··╲╱╲╲··╲·╱·╲·╲│╱·····╲╲╱·╲
╱··╱╲╱╲··╲╱╱·╱·╲·╱╱·╱·◆╲╱╱·╲╲·╲╲╱··╱╱·╲╲·⟨✧⟩···╱◇✦◇·╲╲·╲╱·╲·╱╲··╱╱·╱╱╱╱╲··╱╲·╲╱╱
╱·╱╱·╲╲╱·╱·····╲╱╲··╲╲╱··╲╲·╱╲╱···╱·╱····╲∨╱╲╲·╲╱◆╱·╱╲╱╲╱·╲╲╲╱··╲·╱···╲···╲╱╲╱╲╲
╲·╲╱╲·╲········╲·╲·╲··╱╱··╱╱·╱╱·╲··╱··╱···╲·╱·╲··╲╱·╲╲··╲╱╲·╲╱╲·······╲·╱╲╱·····
