---
source: tests/snapshot_modes.rs
assertion_line: 1484
expression: "render_t(&[\"42\", \"moongate\", \"ember\"], \"9\")"
---
────┐   ,  :└───────┐  :'   └───────┐       └───────┐  '    └───────┐       └───
    ┌───────┘    ,  ┌───────┘       ┌───────┘       ┌───────┘   ,   ┌───────┘   
         '     · ,               ,         '     ,  .               '        .  
             ──+*++───────────────────────────     ,        ..────────  ╱╱╱   . 
            . ╱╱╱,       ───────────── '         :     ───────         ╱╱╱╱  :  
          '  ╱╱       ────────     .            ────────      .     ,╱╱╱╱       
     ·╲,   ╱╱ ────────        ──     @@@@@@   ─── ' .               ╱╱╱╱        
      *+──+───────────────────   @@@@      @@@@    '           '  ╱╱╱╱          
  .  ·─,'  ──────────────────  @@@ ⌒⌒⌒·       @@@       ,       ╱╱╱╱            
                 : ,          @@ ⌒⌒~·~     ~ ⌒⌒ @@  ─────     ╱╱╱╱╱             
 ,:        ,:    .           @@·~· ≈≈≈≈≈≈ ≈≈~~~  @@     ──  ╱╱╱╱╱          :.   
      ,      : '    '        @@ ≈≈≈      ≈   ≈≈≈ @@,      ╱╱╱╱╱    :,    ,.'  . 
  ..   ,      ,  :   '     ─ @@                  @@  :  ╱╱╱╱╱╱ ,                
             '       ──────  @@         ·        @@   ╱╱╱╱╱╱     ,              
               ──────         @@             ·  @@' ╱╱╱╱╱╱         .         ,  
      :  ───────     .   '───  @@@            @@@ ╱╱╱╱+╱╱  :                    
      ────'            ───       @@@@      @@@@ :╱╱╱╱╱╱─── '        '    '      
 :      :   ,      ────              @@@@@@ .  ╱╱ ╱*╱╱   ────            ╱╱     
                ────      ,   .             ╱╱╱╱╱┼╲*┼        ───        ╱  .    
             ───         :'              ,╱╱╱ ╱╱╱' ╲╲ ,       ,───,    ╱╱       
'        ────                    '       ╱╱╱ ╱╱╱    ╲.         . '─── ╱╱     '  
         ─   '       ,  '          '    ╱ ╱  ╱ ╱    ╲╲              :─╱    : ,  
┐       └───────┐       └───────┐'' .  ,└───────┐       └───────┐ .     └───────
┌───────┘ :     ┌───────┘       ┌───────┘     : ┌───────┘ :     ┌───────┘     .
