---
source: tests/snapshot_modes.rs
assertion_line: 749
expression: "render(&[\"42\", \"braid-2\", \"ember\", \"4\", \"6\", \"16\", \"5\", \"5\", \"0.6\", \"48\",\n\"12\", \"30\", \"9\", \"0.1\", \"0.9\"])"
---
                                                                                
                                                                                
                                                                                
-----              ----------                ---*------                       --
#####----      ----##########----           /###*######----      ---\\\     /-##
======:::::***o==================~~~:     //****o==========~~~~~~===\\\\+  //===
#####----      ----##########----    ::\+    ###*######----      ---\\:\+\\  -##
------             --------  --        :X\\\*----------      ---     \\:X\\\\---
######----       --- \     //##----   /\+**\*#######\      //###---- \\\+:*\\#*-
==========~~~~~:::::\\   ////======~//   \\*o=======\\   ////=====:::  \+\\***o=
######----       ---* //+////##----        \*#######\\//+////###----     \\\\#*-
------               ///+////--            \*-------  //+////---           \\-* 
                    ////X////-                      ////X////      -\\       -  
  --\\\\         -*-////+//  #----         /      --////+//    ----#\\\\  ///#--
~~==\\\\+\  ::****o=////+  \\=====~~\\    /*o~~~~~==////+    ~~===::::\\+\  ::::
  --\\::+\\\     -*- /     \\#----    \\ \        --           ----#\\:*+\*\ #--
----  \\X:\\\-*-             -------//  X\\\ --------*             -\\\\X**\\-  
####//\\+\:*\#*#----      ----######/::/ \\\\########*----       ---  \\+\o\\---
====//  +\\\**o=====~~~~~~==========:///  \\\:::::***o====~~~~~~~===//  +\*\\===
####///   \\\#*#----      ----######///     \########*----       ---///   *\\---
----/       \-*-              ------/        --------*                      \
