---
source: tests/snapshot_modes.rs
assertion_line: 704
expression: "render(&[\"42\", \"tree-of-life-4\", \"moss\"])"
---
                                                                                
                                ·∙···○○°°·*♣♠**♠∙                               
                           ·∙°○°°∙° ○°○○∙·*♣♣**♠♣♣♣*♠·                          
                         ∙·°○°°○°°∙ °°· │───││─ ··♠♣♠♣♣·                        
                       ∙∙∙··░∙∙°░░···   · │─│ │─│─··*♠♣♣♠·                      
                     ·○°○░░░░░  ░       · ·│─/│─│ ·♣·─♣***··                    
                   ··° ○∙░░ ░░░∙░       ·  ·││···─/││──··♣♣♠♠·                  
                  ·○°     ░░· ··░░      · ·/│───//─│ ────♣♠♣*··                 
                  °°∙▓░░░░░░░░░ ·░   ·····▓│/·  ·      ···    ·                 
                 ·○○∙░·········░░░░▒▒·  ·▓▓▓▓ ··         ······∙                
                 ·°°··  ··∙  ··    ▒▒▒▒ ▓▓▓  ·  ··    ··· ···  ∙                
                ···  ·     ······   ·▒▒▒▒▓▓··   ······ ···      ∙               
                ···  ·  ∙    ·   ··   ·▒▒▒·   ··    ·····       ·               
                ∙  ··∙      ·   ·  ··· ║║║  ··       ·   ·····  ·               
                 ∙·····················║║║·······················               
                 ∙    ···· ·     ······║║║······    ·     ··   ·                
                  ·      ········  ·· ·║│║· ··  ······    ·  ···                
                  ··   ····    ·  ·  ·  │  ·  ·    ·  ··· ·  ··                 
                   ···°··      ░░·   ·  ▓   ·  ···············                  
                    ··∙· ··  ·░░░░░···▓▓▓▓  ··· ·····     ∙·                    
                      ··°  ·····░░░░░·▓ ·│──│· ─/   ··  ∙∙                      
                        ·····∙ ░░░░   ∙──\/·───│·······∙                        
                           ···∙∙ ∙░···░░/──//··· ·····                          
                                ∙∙∙∙∙············
