---
source: tests/snapshot_modes.rs
assertion_line: 291
expression: "render(&[\"42\", \"eyes\", \"neon\"])"
---
     ╭ · ╮     ╱─╱│ ╱─╱─│─╲─ ╲   ╱  ╲   ╱       │  ˙        °    · ╲     ╱│   ╭╭
  │ ╱◇∙ ∙◇╲ · ╱ ╱∙│╭·╱ ˙┃◇ ╲·│╲ ╱ │ ╲ ╎ ╱──˙◌ ╱╱│∙ ·◆· ∙ ·╲◍ ˙──   ·╲   ─╱◎˙─ ╱╱
∙·│·╱ ·╱· ╲· ·< ╎┃<∙ │╲╱   ··│◆◆╱·│  ╲ ╱∙ ◎◎◎ ╱ │··╱╲╱··· ·╱◎◎◎· ╲· ·◌  ╱╎┃┃┃╱< 
   │╱◇╱◎◎◇╲ ───╲─∙│╰╱│ ╲│╲  │╯╯╱  │° ╲ ╱───╱─ ╱╱│─╱─│╲ │ ╲╲  │── ───── ∙───·─ ╱╲
 │╱│──╲◎ ╯╭╭·  ╲·╮│─╱│──╲╲──│   │  │──╱───╱  ╱╱╭│ ∙ │╮╲│╲    │ ╭╭ · · ╮╭˙·╎╮╲ ╰╰
╭│ ∙ ╱╮╲─╭╭∙  ╱ ╲╭│╱ ∙  │╮╲╎  ˙ │╭╭│ · · ╱╮╮╱ ╭╭  · │╮╮│╲────│╭╭ ∙  ˙∙╭ ◎ ∙ ╮╲╭╭
 │˙╱   ╲ ╱ · ╱ ╲╱╱ │ ╲  ╱╱  ∙ ◌◉╱╱◍◇∙╱  ╲◇ ╲│ ╱  ∙ ˙ │╭│─╲──╱│╱│ ·  ◐·╱◎◎◎·╎╲╱╱ 
│┃╱┃∙  ╲ ╱───╱─╲───╱──╲│╲╲  ·◌◉│╱   ·╱˙◍╲   ││╱  · ┃ │╭│ ◇ │╮│╱││  ◐◐◐<∙◎  ∙ ╱╱ 
│────────│ ˙╱╭││╲˙╱∙   │╮╮╲ ∙ ╱│╱╱ ◇╱◍◍◍◍╲ ╲││───∙╱┃┃╭╭  ╎˙│╮╮╱││· │◐·╱╎· ·╎╲╱╱ 
 ∙   ·   │╮╮╮╮╮╮·╱┃┃◐  │∙╲───◑───────────╲╭╭││˙│ ╱╮┃·╱  ◇∙┃│ │─│─│────────╲˙───╲
◑·•   ∙   ·◌  ╲◍╲╲╲ ∙  │╭╭─· ˙○╭╭─  ·˙◐  ─╲╮│●●│╱ ╲·─<  ╎┃┃│╭│ •╭╭─ │   ◌ ╲◎────
  ∙   ·    ∙   ╲╲╲╲·──╭╭╭ ∙  ╭╭╭   ∙ ○◐◐   ╮╮╮●  ╯╯──╱  ◇∙╱╭╭ ╭╭╭  ∙│  ╭╭╭╭╲  ∙ 
 ·    ∙   ·   ╲╲╲╲╲╭◇∙╱╱  ··•╱╱    ·○◐◐◐◐ ╱ ˙   ╲  ─˙╱────╱╱  ╱╱   ˙╭◌╭╭ ∙   ╎·˙
 ∙   ·    ╯╯╯─────────◑─────·╱╱   ∙  •◐○∙ ╱│◉   ╲  ◑╱◎◎◍∙╱ ╱╱ ╱╱  ◉╱╱╱╱ ╎·   ∙◌◍
─────────╭╭╭╭──╎·   ∙   ·╎──╮╮╮╮  ╲·  ○· ╱╱│◉◉  ╲╲ ─╱─·─╱╱╱╱  ╲╱  ╱╱<╱  ∙   ╎◌•█
  °   ╭╭╭╭╭·   ˙ ◍ ╎·╎   ∙   ·╮╮╮╮╮╲────╱  │╯╯   ╲──────╱─────╲╰╰╱ ╱╱╱╱ ╎·   ∙◌•
 ˙  ·╱╱╱╱ ∙   ◑◐◍●◌•·∙   ·╎   ∙ ╲╲╲╲·∙ ╱╮╮╮│·  ╭╭╭╲───·   ·────╲╮╮──╰╰╰╰ ∙   ╎· 
   ·╭·<╱ ╎·  ◑◐●●●●●◑·╎   ∙   ·╎ ╲>·•· ·  ╲╲─╭╭╭╭·   ∙     ∙   ·╮╮╮╮·  ╰╰╰╰─  ∙ 
  ◆·╱╱╱╱╱ ∙   ◑◐◍●◌•·∙   ·╎   ∙ ╲╲╲╲─── ·╱ ╭╭╭╭ ∙    ·     ·    ∙ ╮╮╮╮───╲──────
    ╰◐╰╰╰╰╰·   ∙ ◍ ╎·╎   ∙   ·╯╯╯╯╯ · ─╮╮╮ ╱╱╱  ·   ∙ ˙ •   ∙   ·  ╲╲╲      ∙   
─────│─◌─╰╰╰╰──╎·   ∙   ·╎──╯╯╯╯◍    ∙◇  ╮╱╱╱╱ ∙    · ◌•·•◌ ·    ∙ ╲╲╲╲ ˙ ◉ ·╎  
 ˙◐ │·  ╱╱˙╮│───────────────◎◎◎◎○◍◇  ·    ╱╱╱  ·   ∙ ◌•·█·•◌ ∙   ·  ╲╲╲○◉◉◉◉◉◐◑ 
◍◐◐◐│ ·╱ ◉◉◉│ ╱<∙·◎·╱╱·  ◇•·◑◎◍○◌·    ∙◇  ╱╱╱╱ ∙    ◍○█████○◍    ∙ ╲╲╲╲   ◉ ·╎  
 ·◐  ·   ╯·╯   ╱╎· ╱╱╱╱    · ◑◇∙ ∙◇  ·    •╱╱╱  ·   ∙◍○◌█◌○◎∙   ·  ╲╲╲      ∙
