---
source: tests/snapshot_modes.rs
assertion_line: 453
expression: "render(&[\"42\", \"effigy\", \"ember\"])"
---
··· ∙·∙∙·       ∙· ······  °°                 °                 ·····       ·∙∙·
·    ·°°°······          °°               ··· │   ··          ··  ···  ∙∙∙∙∙∙···
···   ··         ∙∙∙∙∙∙∙·°°∙∙∙∙∙∙∙∙∙∙   · ··╱·│·╲         ····    ······· ······
·     ····    °∙∙∙∙ ··········        ··  ──∙● ◉ ──  ·······      ·      ∙   ···
   · °°°°∙∙∙∙······                 ···       │          ∙∙∙│∙∙∙      °°°°·     
    ···°°°        ·· ··∙··∙····      │  ∙     ◡   ·  °°°  ╱·│·╲·········        
· · °       ····    ········   ··· ╱ │∙╲∙∙∙···│···∙∙∙   ──·● ◐ ──│           ·  
    ∙∙∙ ··                 ··    ── ●∙◉·──··∙ │  ·····    · ▲  ╲ │ ╱   ·········
°°°°°°°      °°°∙  ·········         ◆          ·  ·    ··· ╭──·○∙◒ ──    ∙∙∙∙∙°
             │·°·        ∙···· ° ··  ▪· ∙∙··   ···       ∙  │····╱··            
 °°······· ╲ │ ╱·          ·····∙∙∙··│·       ··∙  °°°° ∙·  │    ─      °··     
  ···   ·── ○°⬤∙── ∙∙∙    ·∙∙∙∙∙∙∙   │∙∙····     ·  · ·······°°°°│°°  ·         
           ∙ ╲     │    ·         ∙∙     ∙··  ·····      ··      │ ······∙∙∙∙   
   ∙         ◠∙····│  ······  °       ····· · ···  ·°··∙∙ ∙··  ······ ·         
   ········  │   ╲ │ ╱  °        ∙       ∙∙∙∙∙····°    ····       ······        
            ·│─── ○∙◒∙───··          ··········              ··        ·· ∙∙∙∙∙·
··        ····   · │  ∙∙∙····   ·                   ··    ·····    °°°          
∙∙∙   °   ····             ∙∙·           ······ °°°°°°°°°    ···       ∙∙∙∙∙∙∙··
·······∙∙∙∙········◡··     ···∙                    ····∙         ··    ∙∙∙∙∙∙∙  
      ∙·····   ∙  ·│·   ·····      ·∙∙∙∙∙∙····       ∙∙··∙∙∙∙                   
         ··        │·····    ···     ·······  ∙∙∙   ∙   ···            ···∙∙∙···
   ∙∙∙··∙∙∙∙∙∙     │       ···· ·   °···    ·      ···     ·····                
 ···  ······                     ·           ·    ····                ∙         
         ·  ···  ∙∙      ∙    °°              ······              ∙∙∙∙∙····
