---
source: tests/snapshot_modes.rs
assertion_line: 709
expression: "render(&[\"42\", \"tree-of-life-4\", \"deep\", \"9\", \"0.6\", \"0.2\", \"1.4\", \"120\"])"
---
                                                                                
                              ∙∙∙∙∙··∙░∙····/··─/··                             
                           ···░░░░    ░░··  \│─│ │····                          
                         ∙·······░░   ░·· · │─│ ─│││ ···                        
                       ∙∙          ░░░· · · ││─/        ··                      
                     ·∙··         ··▓░▓ · ·▓│/         ·····                    
                   ····°··········   ▓▓▓· ▓▓▓         · ··  ··                  
                  ∙·    ····         ▓▓▓· ▓▓▓    ········    ··                 
                  ∙°     ·· ·         ▓▓▓▓▓▓· ···   ·   ·   ···                 
                 ∙         · ··       ▓▓▓▓▓···    ··    ·   ·· ∙                
                 ·      ∙   ·  ··    ··▓▓▓    ····       ·    ·∙·               
                ·         ···········  ║║║    ···         ···   ∙               
                ··········   ·     ··  ║║║  ··   ·        ·······               
                ∙° ··· ·······      ·· ║║║ ·      · ·············               
                ·°·   ·  ∙  ········· ·║║║· ·········· ··      ·                
                 ∙°·  ·∙     ·       ····║··         ···       ·                
                 ··  ∙∙  ··············║║║··················  ·                 
                  ···········    ···· ··│║· ····   ·    ·······                 
                   ··      ······ · ··· │ ···   ····   ···  ··                  
                     ··  ∙·∙·∙  ····  · │  · ·· ··· ···· ·∙·                    
                      ∙°·····   ········│  ······· ·····∙∙·                     
                        ····∙∙···∙· · ∙▓▓▓···   ···  ··∙·                       
                           ··°·∙ ░░░░∙▒··▓─│··········                          
                                ∙░∙∙°∙░∙//───/····
