---
source: tests/snapshot_modes.rs
assertion_line: 886
expression: "render(&[\"7\", \"fable-1-trees\", \"ember\", \"0.8\", \"0.6\", \"1.2\", \"1.1\", \"1.0\",\n\"0.5\"])"
---
                                                                                
                                                                                
        ░◦░ ░       ▒▒◦▒◦▒▒▒                                                    
   ◦░ ▒│──▒▒◦░      ░◦◦◦◦▒▒▒▒◦▒          ∙                                      
 ▒▒│▒▒▒│ ●▒▒╱▒▒      ◦▒▒▒▒▒▒▒◦◦      ░ ▒▒▒▒▒░░∙                         ✶       
   ╲▒  │ ░╱╱▒         ──╲▒●▒▒▒▒    ◦ ╲╲▒▒╱╱╱─ ░       ╵╵╵               │       
   ▒╲  ┃──▒          ∙∙∙∙∙─────     ◦ ░╲┃╱▒ ░ ∙      ∙╲││               │       
     ──╲                 ╱───┊∙       ╎ ┃             │░│○              │•      
        ┃               ┃∙∙ ∙┊        •─┃             │░│               │───✶   
        ┃              │┃│  ╱          ╱ ─             │░│              ┃       
       ╱┴╲╌╌╌         ╱│┃│╲ ┴         ┴┴┃┴┴         ╌╌╱│┃│╲╌╌╌        ◦╱┃╲ ◦    
··············∙····∙·∙················∙·∙·········∙·∙·········∙·······∙·····∙···
    colonize         banyan         mangrove         baobab           coral     
                                                                                
                                        ◦                                       
                         ◦▒▒░░░     ◦░ ▒│ ╱                                     
    ░             ▒▒░▒▒ ◦▒●▒▒▒░    ∙ ▒▒╲│╱╱ ░                                   
   ░◦░  ░◦░        ▒▒●░▒▒▒●╱─▒       ░░▒┃▒░░          ╵╵╵               ✶       
  ▒▒╲▒▒│──▒▒      ◦◦─╲▒▒▒▒╱╱─▒▒         ┃            ∙││╱∙              │       
    ▒──╲           ▒┊░╲◦●─╱┊╲▒          ┃             │○│○              ◦       
        ┃           ────┃────          ╱ ──            │░│              ┃       
       ╱┴╲          ┴∙╱│┃│╲┴∙         ┴┴┃┴┴┴         ╌╱│┃│╲           ◦╱┃╲◦◦    
·····∙·····∙∙··········∙··∙∙·······∙∙··∙··∙···∙∙··∙···∙··∙·····∙∙·········∙∙··∙∙
    colonize         banyan         mangrove         baobab           coral
