---
source: tests/snapshot_modes.rs
assertion_line: 1529
expression: "render_t(&[\"42\", \"cutup\", \"nerv\", \"6\", \"3\", \"1.5\", \"10\", \"0.8\"], \"7\")"
---
. ''                      : :                %   :@  :  ::%:                    
...'                    '     '             ''%:::@:%..''%:'..:'%%:     :.'.:  :
...' :       '... '.''.':.        :   :.'.::'. %     .       +#% '      '   :   
 .......::.....%.         @             %%  ..   %%%%@@OO###OOOOOO@'oo  . ''''. 
........::....%..                   .       %. %%   @@OOOO@@##@OOO##%  .. ......
         '.......                     : .':   %%    @@OOO@@@@@#@OOO.   .:.......
   ':    .......::       .'.+#+% :    '       %  :  @@OOO@@@@@##OOO' ..:  ......
      ..........'             % '             %     @@OOOOO@@@%#OO#%%%%   ......
      .:'.:'':..'               .    . *   .  %%        :.':'O##OO'       ......
' '                       ':--''.          %   %%            %%@@@':      ......
         .       :  '.--'--------:      % :..'   %%        %%     %%%     .     
                :+=++...++-------:'    '@...*       %%%%%%                  :   
                +++++++++++------'     .-@***%                %           :++:: 
.          .    ---+++++++.------.    @----+%@@@'. %     %     %%          :==++
                :-------++.------.    @+=@--:@@@@@#@.    %                 .=== 
 .....:.:       :---------'::::++     @===@@:@@@@@@@.                      ==== 
 *.......:'     :---------' '::.+ . . *@=-==@@**+**** '         .:::::::oo:OOOOO
 ****....:--...: ::------='     '   : *@@@@@@oooo@o'.:.:::''::' oooooooooooo :. 
++#######%##%##%%% .=####=%%%% %%%%  %########%%%####%%:%%-##%%%#o###*####@##%% 
........+::''::'            ***+=+++====.:::::::::::: ....-==== **'=*********   
:::.::::+'                  :-----=====-=:@@@@@@:-==:::: .::--::--==*********   
::::::::@@                  :==-++====-='               '===-======-***++=+':   
::':.:'.                    .-----------'               :******=++==@@@.+++== : 
                               .   :                              @O@:  ====
