---
source: tests/snapshot_modes.rs
assertion_line: 689
expression: "render(&[\"42\", \"tree-of-life-2\", \"ember\", \"9\", \"3\", \"1\", \"60\", \"0.45\", \"9\",\n\"0.5\"])"
---
✦              ∙    ∙               A                                           
       ∙    ✦     ·     ✧°°°°°°°◦·°····· ·R··~ ♠*♠♣♣ ♣♣♣♣    ·                  
 ·   ·   ○∙    °  °°°✦°°       °° °∙°°°° °    B  *♣♣     ~~~~·                  
         °∙∙∙∙✦✦∙°°° °∙ ° °· ∙·············∙  O♠·  *   ♠♠     ·····             
   °       ✧✦✦°   °·······°░·······░°░░·····░· · ·   ♣   ♠♣  ♠* * v··v          
        ○°°°  ·········░░░  ░·░·····░░░▒░▒░ · ──·· ···· *    ♣♠ ♠ ♣*  ~~v       
·  °°°·◦◦·°  ··░░░░░°░░▒░░▒▒▓▓▒·°▓▒▓▓▓  Vv═──═──═── ···· *·'···♣~       ♣♣~ ~   
    ··  ° ·······░░░░°░▒▒░▓▓▓°  °   ▓▓°▓I\·v*♠─═─══──♠/─═──═··~··♣** *     ♣~   
   °······░░░▒▒▓▒▓°▓▓▓▓▓▓▓▒▓▓▓▓▓▓▒▓▓▓▓▒  T─╱/╱v     \/   ╱─ ♠ ─═♠ ─══       ~~  
  ·°   ····░ °  ∙°°°°    ▒∙░░░  ∙░       A ╲       ═╱──═/═────`──/─    ♠*    ·· 
  ◦°°   ° °          ∙        ░░░░     E  , \─═════        ══──═──═─═·  ·*♠   · 
  ○        °∙°°°                  ·  \\     /                     ─   * *     · 
  ✧ ∙             ·     ∙   M         \\ //              ·                    ~~
  ✦     ∙          ∙    E  ✧           ▌╲▐       ·        '                   ♣·
  ✦✦          ·        M               ║║▐                      '    '    ·  ♣♣ 
   ✦✦   ·         ·       E            ║│▐·                 ✧     ,'    , · ~~  
    ✦✦                       ·N        ▌│║                     ✧        · ◉·~   
∙∙∙············∙∙∙∙∙∙············∙T────▌│▐──────────────────────────────···─────
        ○○○               ·          ,"∙│,,"·∙·∙""·,""~"""·,·"∙~,"····~···""·"··
·          ◦··         ···           ═────═·~·~"∙,·∙∙,"··∙·∙,·"","·♣~~,~∙,,·""∙~
              ·····     ·····░▒▒▒▒▒░ M·,··∙═────────···∙·"·∙~·♣♣♣♣♣·,,~··,∙∙∙·∙·
               ·   ·········░░▒░      ∙∙·~·∙/═──═·═·"~··~·~~~~∙··,··"∙···∙∙~~·~·
                        ◦◦◦○ ······░░···"♣♣····~~·········",···"~··,~·~····,"·,·
        ·····                        ˙˙ ·   ""···∙∙~"~··"~·"·"~,,······,","···~,
