---
source: tests/snapshot_modes.rs
assertion_line: 421
expression: "render(&[\"42\", \"skyline\", \"deep\"])"
---
                                                  +                          ·  
                ▓▓▓ +               ·          ✦+                               
               ▓▓▓▒▓                              ·                             
                ▓▓▓                                                   ·         
                                                                                
                                                            ·         ·         
                          ✦                                                     
       ·                  │                 ·   ✦                               
                     ▄▄▄▄▄▄▄▄▄▄          +      │                    ·        · 
           ▄▄▄▄▄▄    ██████████                 │                    ++         
·          ██████   ·█▪██▪██▪██           ▄▄▄▄▄▄▄▄▄▄▄▄▄ ▄▄▄▄▄▄                  
          +█▪██▪█    ██████████▄▄▄▄▄▄▄    █████████████ ██████  ·             · 
▄▄▄▄▄▄▄▄▄▄▄██████▄▄  █▪██▪██▪██▓▓▓▓▓▓▓    █▪██▪██▪██▪██ █▪██▪█▄▄▄▄  ✦          ·
██████████▓█▪██▪█▓▓  ██████████▓▓▓▓▓▓▓  ▄▄█████████████▄██████▓▓▓▓  │▄▄▄▄▄      
█▪██▪██▪██▓██████▓▓  █▪██▪██▪██▓▓▓▄▄▄▄▄▄▓▓█▪██▪██▪██▪██▓█▪██▪█▓▄▄▄▄▄▄▄▄▄▄▄   ▄▄▄
██████████▓█▪██▪█▓▓  ██████████▓▓▓██████▓▓█████████████▓██████▓███████████ ▄▄███
█▪██▪██▪██▓██████▓▓  █▪██▪██▪██▓▓▓█▪██▪█▓▓█▪██▪██▪██▪██▓█▪██▪█▓█▪██▪██▪███ ▓▓█▪█
██████████▓█▪██▪█▓▓▄▄██████████▓▓▓██████▓▓█████████████▓██████▓███████████ ▓▓███
█▪██▪██▪██▓██████▓▓▓▓█▪██▪██▪██▓▓▓█▪██▪█▓▓█▪██▪██▪██▪██▓█▪██▪█▓█▪██▪██▪███ ▓▓█▪█
██████████▓█▪██▪█▓▓▓▓██████████▓▓▓██████▓▓█████████████▓██████▓███████████ ▓▓███
█▪██▪██▪██▓██████▓▓▓▓█▪██▪██▪██▓▓▓█▪██▪█▓▓█▪██▪██▪██▪██▓█▪██▪█▓█▪██▪██▪███·▓▓█▪█
██████████▓██████▓▓▓▓██████████▓▓▓██████▓▓█████████████▓██████▓███████████·▓▓███
────────────────────────────────────────────────────────────────────────────────
·  ·  ·  ·  ·  ·  ·  ·  ·  ·  ·  ·  ·  ·  ·  ·  ·  ·  ·  ·  ·  ·  ·  ·  ·  ·  ·
