---
source: tests/snapshot_modes.rs
assertion_line: 535
expression: "render(&[\"42\", \"arboretum\", \"moss\"])"
---
        ·       ╷ · ◍ ╷         ·   ·                                          ·
      ·    ·    ╷╲ ├ ╱●        ▒▒▒▓                        ▓▒ ▒  ▓▓▒▓▒    ·     
                 ┬─│╱▓▓▓▓▓▓▓▓▓▓▓▓▓▓▓▓▓               ▒▒▓▒▒▒▒▓▒▓▓▓▓▓▓▓▓▓▓▓  ·    
                   ├   ⠂      ▒▒▒▒▓▓▒·          ▓▓▓▓▓▓▓▓▓▓▓▓▓▓▓▓▓▓▓▓▒▒▓▒      · 
         ·         │    ·  ·    ╷░╷░~ ❉          ·▒▓▓▒▒▓▓▓▓▓▓▒▓▒▓▒     ·        
             ·     │✶╷           ├ ╲ ├✿╷          ⠂    ·  ~      ⠄            · 
  ·            ·   │╱●           │╲ ╲│╱╷   ╷                  ╷·   ╷      ·     
·        ·     ╷  ·╱ ·    ·     ╷│ ╲❉├· ╲ ├✦                  ⣿├  ╱             
    ·         · ├ ├┬  ╷          ├╲╱├│ ◍✳╲╷✳            ·    · │ ╱            · 
             ·  │ │    ╲   ╷·    │╱╲╷│╱·╲╱├             ·   ╷   ├               
                ╰╮│   ╷ ╲ ├      ·  ├╱─ ╱╲│        ╷    ·╷   ╲  │               
            ,    ╰·  ╱   ├╯ ❉     ╲ ├  ├ ╷├         ╲  ·╱     ╲╷│               
    ,    ▒  ·   ╷   ╱  ╷ │─┬       ╲│·▒│├ │"·  ༊ ◆   ╲ ╱ ╷w ▒; ├├❀ ╷            
  ",∙",∙∙" ~∙▒▒╭─┬─· * ✦╲├          ├,╱"│∙│,",··"│    ├ ╱ ·"·· ││─┬ ╷  ╷        
·∙~·∙,▒,,·,"~,▒│∙,··"  ▒"╲∙╷    " ◜◟│╱◝,,,│∙,·,·,│ ∙~,│╱·~",∙,├ ├   ◉┬─╮        
∙··,"··∙··,·∙·,│~∙,"··,~,·├~   ∙~◜│◟├◞│,~╱∙∙·~"···∙",,├·,,~~,∙╭─╯   ╷  │ ╷      
,,·~∙·,∙,,·,,~"│·,"·,,~,""│"∙ ·,",·∙│"∙,├··~~",~"~~""·│~,·,·,,│,, ,~│  │├●  ·  w
∙∙∙·,·,"~"·~─╱╱│╲─,∙·,,··,│·~,·~,·"∙│◠◉◠│◠◝"·"∙~,,∙·",│···,·,"│·"∙~"│,∙││∙·,~··,
·,,~,··,",,─╲╲╲∨╱╱─~∙"∙""∙│"",,∙∙╴╮═│═╭╶◡◡◡◡◡◞─╴~~,,,·│··,··,·│,,∙·∙∙"·│·,,~"··~
∙"~"∙~,·╴───═══┴══─╶~·"·""│·,"·~·,│",·│~,·,∙·~·~···"·∙,,","~∙╭╯,·,,···,∙~·~∙∙,,·
∙,~,·~~∙~~"·~",·~"·"~···""│",,,,,,╵,""╵∙,,,·,~~"·""·,··∙,·,·,,∙∙∙~·"∙"·~·~,╷∙,·,
~,∙∙·~,,",,··~·,∙,,·"~··,··,,"",·",,"",,~~··"∙∙,·"·~∙·",·~~"·,,··~·,··,··,,│∙···
,~,···"··,·,~,,,""·,,∙~∙∙,,,∙,···,·~·",·,∙~∙,~∙,···",∙~"∙∙"~,,",∙∙"∙··,∙,"·~├",·
··,~,~,,,∙,·,"~·∙,·""∙"∙··∙∙∙·~,"∙,∙·,∙,∙~",~·"·"∙,,∙~,∙∙·,∙∙~·",·,∙·∙"·",·~~,"·
