---
source: tests/snapshot_modes.rs
assertion_line: 1544
expression: "render(&[\"42\", \"moire\", \"moss\"])"
---
. : .   ==   : :  .   .*    . :  .. .:       .:*=.  +...*+.  ..    : .. :   #.  
. : .   +=   :..  .   =+.   :..  :  ..  ..  ...=.   :   =+:. ..    : .. :   *.  
: : .   ==  .:..  .  .+.   ..:  ..  .. .... .:. .   .    +.:. .    : .. .   *.  
: : .   ==   :..  .  .*    :..  :   : .:::. .:. .   .    = .:..    . .....  +.  
. :  .  .+   :..  .  .+   . :  .   ...:..:. .:. .   ..   : ..==   .. ...   .=.  
.... .  .*   ...  .  ==   :..  .   .==..... .:...   ..   .  .=+   .  ...   .=. .
 ... :  .*   ...  .  =.   =:  .   .:=.   .: .. ..  ...   .   -*   .  :..   =.. .
.... :  .*   ...  .  =   .=.  :   .==.   ..-:.  .    .   .   .#   .  .=.   =.. .
 ... .  .*   ...  . .=   .=.  :   :==      *.   :    .   ..   #.  .  .=.   :.. .
. :  .  .+   ... .. .=   .=.  :  .:=.     .*.   .    :   ..   *:  ..  :+   . :  
. :  .  :=   ...  . .=.   =.  :  .:=      :.:   ..   +   ..   =:.  .  .*    ... 
:.. .   ==   ...  . .-.   +.  .  ..=    ... .    ....#.  .    ..:  :   .*   . : 
... .   =.   .-.  . ...   +.  .  ..-    +=   .   *:::@:. .    . .. ..   #    ...
.:  .  .=.   .=.  . ..:   +:  .. ..:    %=   :  .@...*.:..    ...:  .   =+   : :
.:  :  .=.   .=.  . ..:   ==   . ..:    *    : .:*   = .:+    .. :. :    #   : :
-:  .  .=.   .=.  . ..:   ==   . ...    :    . ..+   :  .*    .. .. :    #   : .
=:  .  ...   .+.  . ..:   ==   : ....  .:   .. :.=   :  .#.   .  .. .    *   : .
=:  .  ..:   .+.  : ...   .+   . .. :   :   :  :..   :   +=   .  ....   ==   . :
=:  .. ..:    +.  : ...    #   .... ..  :  ..  :=    :   =+.  .  ...    +.  .. :
-..  . ...    *.  . .. .   @    ...  .. = ..   :=    .   .=.  .  ..=    *.  .  :
.=.  . ...  . #.  . .. .   #    :..   .=#+.    +-    .   .-:  :  ..=   .+.  :  :
.=.  : ...    #.  . .. :   *.   .+.     +..    # .  ..   . :  :  .=.   .=.  :  :
.=.  : ...    %   .... :   +.    *.     ..    .#    .    . :  :  .=.   .=.  :  :
.+   : ....   #.   ... :  .=.    #.     :.    =+    =-   .... :   +.   .=.  :  :
