---
source: tests/snapshot_modes.rs
assertion_line: 311
expression: "render(&[\"42\", \"fullmetal-alchemist2\", \"neon\"])"
---
                                        ·    °    `                             
    `                                                ∙    '                     
       ∙    '                ───╲   ╭───╮   ───────╲         ·    °    `        
               ·    °───────╱ · ×♄ ╴│ △ │────────────────╲                ∙    '
                   ─╱  ─╲──╲─────   ╰───╯───    ────╲───── · ╭───╮              
              ╭───╮   ╱ □──△───╲       │    ─────+──╲ ♄   ──╴│ ▽ │╶─│           
`        ───·╴│ ♃ │──────────   +      │        ────   ≡   ✦─╰───╯⌬·───│        
   ∙   ──│ ─╲ ╰───╯──✧─      ────────────✦──  ───────────────╱ ──────│ ──│      
     ──│ ╲☽│ ─╲        ───  ─────────────────────       ─╱╱ ╱   ♃─── ─╲╲╭───╮   
    ─│  ─│ ⌬─│      ────────                     ───── ╱╱ ╲╲   ♄  △╲   ╴│ □ │╶· 
     ╭───╮  ────────              ──────║─────       ╱╱──── ╲  ─────✦─≡ ╰───╯   
    ╴│ ♄ │───────                ╱ ─··╳·║·╳··╲     ╱╱   ╱  ─────    ♄╲       │  
   │'╰───╯     ○                  ╱═════⊕═════╱ ╲ ╱    ╱       ╲───── ╲│ □╲ ·│  
   │ ·╲─ ♄╲                     ╱─ ╲··╳·║·╳··─ ──╱   ╱╱          ╲   ─── │♄· │  
   │─  │─ ∴─◇                        ───║───── ╱╱  ╱╱             ╲╲  ♃ ╲╲· │─ °
    │─  △─ │    ⌬                             ╱  ╱╱        ────∵  ✦╭───╮ ╲ ╲─   
     │─·         ▽ ☿                         ╱ ╱╱               ──╴│ ◇ │╶       
'          ·╭───╮  ────                    ╱╱╱╱          ✦  ♁│──▽ │╰───╯        
   ·    °  ╴│ ☿ │∴─│──────✦      ╱        ╱╱╱  ∴╲         ╲─── │╲──'│──         
            ╰───╯□╲♄──╲─ │ ☉╭───╮ ✦  ♁╲──╱╱───  ╭───╮ △    ☉───│·╱─── ·    °    
                ╲────  │─  ♃│ ☽ │╶     ╱╱ ♃    ╴│ ☉ │╶    ∵ ╲────               
                     ╲───  ·╰───╯    ╲╱────▽──∵─╰───╯                           
                                   ╲──────────────°    `                        
    °    `                                                ∙    '
