---
source: tests/snapshot_modes.rs
expression: "render(&[\"42\", \"boles2\", \"ember\"])"
---
                                                                                
                                                                                
      │            │            │            │            │            │        
      │            ⡇         ╒══│══╓       ─◇│◇─        ─╱∧╲─       ┌──╭╯─┐     
   ◜◟┴│◝         ⡇⠶⡇⠛        │·░│·░│      ◁══◆══▷      ─╲╲∨╱╱─      │∙·│∙·│     
Low ╮═┴═╭        ⣤⣤⣿⣷⣷       ╘══╧══╛       ─◆╨◆─      ╴─══┴══───╶   └──┴──┘     
                                                                                
                                                                                
                                                                                
      │            │            │            │            │            │        
      │            ⡇         ╒══╭╯═╓       ─◇│◇─        ─╱△╲─       ┌──│──┐     
    ◜◞┴◠◝        ⠛⢸⡇⠿⠿       │░░│░·│      ◁══◆══▷      ─╲╲∨╱╱─      │∙∙│ ·│     
Mid╮══┴═╭        ⣿⣿⣿⣷⣷⣿      ╘══╧══╛       ─╳╨◆─    ╴───══┴══───╶   └──┴──┘     
                                                                                
                                                                                
                                                                                
      │            ⢸            │            │            │            │        
      │           ⡀⡇⢀        ╒══╭╯═╓       ─╳│◇╳◇─      ─╱▵╲╲╲─     ┌─╰╮──┐     
  │◜◠◟┴◞◝      ⠿⠛⠶⡇⡇⡇⠛⠛      │░·│▒▒│      ◁══◆══╳═▷    ─╲╲∨╱╱╱╱─    │··│·∙│     
High══┴══╭     ⣷⣾⣾⣿⣿⣿⣶⣷⣾     ╘══╧══╛       ─◆╨◆─◆─   ╴──══┴════───╶ └──┴──┘     
  ╯                                                                             
                                                                                
                                                                                
  Crescent2    Braille2      Frame3      Diamond2     Chevron2      Frame4
