---
source: tests/snapshot_modes.rs
assertion_line: 1442
expression: "render(&[\"42\", \"fairy-ring\", \"deep\"])"
---
                                                                                
                                                                                
                                                                                
                                .*                                              
                        .                 .                .                    
       .                                                                        
                                           *            .*                      
                     * * *                  *           *  *      *             
        *  . *          **         *  *      *                                  
            **     *     *             .        .             *  *              
         *          .                                         .*  .             
         *                                                                      
                                                                       .        
          .                                                                     
                                                                                
 -- -      -- -  -  -  -        -  -  - -    -  ----    -   -- -- --- --        
    ;          ..     ~  ;    , ,         ~     ;           .;     ~   ~    .   
        ;       ,,   .  ,       ,;  .  ; , . ; .       ~ .  . ,~ ~    ;   ;     
             . ~  ,   .  ,  ;   .             .        .                      ..
      ~             .             ,   , .      . .. ;.            . .  .    ~   
   .     ~               .                                     ~    .           
          ,                      ,       ~~                                 .   
         ~                           ~                ~        .              .~
                             , ,         ~     ;  .     .      .      ~
