---
source: tests/snapshot_modes.rs
assertion_line: 426
expression: "render(&[\"42\", \"hive\", \"ember\"])"
---
            /  \__/▒▒\__/  \__/▒▒\__/  \__/  \__/▒▒\                            
             __/▒▒\__/  \__/  \__/  \__/  \__/  \__/·   ·                       
               \__/▒▒\__/  \__/▒▒\__/▒▒\__/  \__/ ø · · · ·   ·                 
               /  \__/  \__/· \__/▓▓\__/▓▓\__/▒▒\_ø   · ø   ·                   
               \__/  \__/▒▒\__/▒▒\__/▒▒\__/· \__/  \_                           
              _/· \__/  \__/  \__/· \__/  \__/  \                               
               \__/▓▓\__/  \__/▒▒\__/  \__/▓▓\__/  \                            
                  \__/▒▒\__/  \__/▒▒\__/  \__/▓▓\__                             
                 _/  \__/· \__/  \__/  \__/  \__/                               
                  \__/  \__/▒▒\__/▓▓\__/  \__/                                  
                __/▓▓\__/  \__/▒▒\__/▒▒\__/ │\                                  
                  \__/  \__/▓▓\__/· \__/▒▒\_∙/   ·   ·                          
                     \__/  \__/· \__/  \__/ ∙  ø   ·                            
                        \__/▒▒\__/▒▒\__/  \__                                   
                           \__/· \__/· \_│/          ··  ··                     
                         __/  \__/  \__/ │         øø  ··                       
                     ·   · \__/▒▒\__/  \ ∙                                      
                       ·   ø  \__/ │\_                                          
                              /  \_│/                                           
              ·   ·            __/ ·\_ · ·   ·                                  
                ·   ø            ø__/· ø   ·                                    
                                    \
