---
source: tests/snapshot_modes.rs
assertion_line: 515
expression: "render(&[\"42\", \"ink\", \"deep\", \"5\", \"1\", \"1\"])"
---
                                                                                
                                                                                
                                                                                
                                                                                
                                                                                
                                                                                
                                                                                
                                                                                
                                                          ░                     
                                                                                
                                               ·                                
                  · ···                       ∙░                                
                 ··∙∙·                                                          
                 ···∙·                                                          
                   ··                                                           
                                                                                
                       ·········                                                
                       ··∙░░∙··                       ···· ·                    
                          ∙∙·                          ··∙∙····                 
                         ·····                          ·∙∙····                 
                                                        ····                    
                                                          ··
