---
source: tests/snapshot_modes.rs
assertion_line: 356
expression: "render(&[\"42\", \"eyes3\", \"ember\"])"
---
    ·                 │     ╱ ╱ ╱  ──╲╱ ╲△╲╲╲╲                             ───  
  ───── ·             │    ╱  ╱╱     ╱─╱╱╲╲ ╲╲╲                           ╭   ╮ 
╭   ●   ╮   ·         │   ◇╱ ╱╱     ╱ ╱  ╲╲╲─ ╲╲    ◇                    ╱  ●  ╲
   ●˙●   ╲      ·     │  ───────│  ╱ ╱     ╲╲───╲╲╱╱                     ╱ ●˙● ╲
╰   ●   ╯           · │╭─    ╲·│─╮╱╱╱────────╲╲─────                     ╱  ●  ╲
  ─────              ╭╭     ╲────────  │ ╲ │────────────╮       ∙         ╰   ╯ 
                    ╭    ────˙╯●╱│╱╱╮──╲╲╲─│─╱╱╱╲╲╲─────────╮        ───◇  ───  
      ◇────      ╭──       ──│●●●│─────────────╱╱╲╲╲╲─╲╲╲╲ ────╮─────           
           ────╭─╯─<       ··╭╭╭──   ───╭╯●●●╰╮──╮╮╮─╲╲ ╲─╲╲─────╮          ∙   
             ╭─╯   ╭      ╭╭╭       ────│●●◉●●───── ╮╮╮╲╲╲╲╰╲╲   ────           
            ╭╯    ╭╯╰    ╭           ───╰◆●●●╭╯───     ╮╰╲╲╲─╰╲╲── ╰╮───        
            │  ──╭╯──╰╰ <            ·╱╱·╰───╯·╲╲·      >╰╮╲╲╲╰╮╲╲  │   ────    
            │    │   ╱│╰─╰             ╱╱╱·│·╲╲╲       ╯╲    ╲╲   ╲╲        ─◆  
            │    ╰╮─╱│╰╱╱─╰╰╰            ╱ │ ╲      ╯╯╯──╲╲───╭╲╲───╲╲─ ────    
   ◇────────╰╮────╰╱╱│╱╱╮   ─╰╰╰──             ──╯╯╯  ╮╲╭╯─╲·╭╯ ╲╲╲╭╯─────────◇ 
             ╰─╮  ╱╱─╱╱─╰──╮      ──────────────       >╲  ╭╲╯──·──╲╲   ╲╲      
           ∙   ╰─╱─╱╱│╱─╮  ╰────╮── ╱ ╰   ╰───╯       ╯ ╭╲─╯ ╲╲──╯ ──╲◆   ╲╲    
                ╱╰△──────────── ╰──────╰╰╰ ╱·╲     ╯╯╯──╯ ╲────╲───  ╲  ·───△   
               ╱  ╱ ╰╱──╮──  ──────────────────────────────╲────△────────   ·   
              ╱  △───────────────────────│   ───────────────△───────────◆       
             ╱  ◇╱─ ╱│         ╰──────────────────────────────  ──◇             
            ╱   ╱  ╱ │───────────────────────────                               
           ◆────╱──╱─│────────    ──────────                                    
               ╱  △───    ────────   ────◇
