---
source: tests/snapshot_modes.rs
assertion_line: 236
expression: "render(&[\"42\", \"forest8\", \"moss\"])"
---
             ·                       ⠂╰╮⠈⠄              ❉╲                    · 
  ·            ·                     ╒═╤═╓▓▓▒▓▓           ╲ ▓▒▓▓▒               
·        ·           ·    ·         ▓│░│░│▓▓▓╷▓▓▓        ▓▓─╲▓▓▓▓▓▓             
              · ╷  ╷╷               ~│·│·│▒▓▓│▓▒    ╷╷  ··▓▓▒──╲▒▓▓           · 
             ·  ├───╭       · ╒╰╮═╓  ╘═╷◆╛   ├─╭     ╭  ·   ⠂ ▓ ╲               
             ◆· │ ·     │   ✳ │·│▒│ ╷ ╰╮─╷───│  ─────╰  ┌┬┐     ·╲              
             ╮──·✦     ✳✳  ✳✳ ╘═╧═╛╭│╱────╷⠈╯┤⡀    ○ ╮┴╭│││       ─┴╭      ╱─❉  
             ⠁  │ ╮───────────╷────┤┌▒│▒▒│⣿⣿·│⠂⠈◆    ╲ ╱└┴┘       ╲ ╱──────     
      ·       · ├─────✿✳✳╲✳╱✳╷────╲╯│▒│▒▓◆╷⣿⣤├──╭     ╳  ❉╲○       ╳     ╷      
   ·      ╷     │╷   ✳✳✳✿╲│ ││╱✳─═│╲│░│░░╮·⣿⣤│⠂⠈ ·   │ │╸○┬────╲ ✦│⠁│⠁⡀⠂⠄│      
"·╲˜··'··∿│˜˜❋─~│╱╮──────────────┤╯═┐╓╧══╯─╷─┤∿~"·╱·╱╲˜╱◉╲│∙───┤─╲╲✦╱◉˙˙◉├─╶╱∿˜∿
˙~˜˜╲·╲·‚˜│╲~╱˜╲│╷·●╱❋──❋│╱──▒▒▒││▒░││╱─────╷│──────╷◆╳·"└─╱┘~~◉╲✧─╳~╷╮✦○│·˜✦╱~∿
·∿·╔╦╗╭───────┼·│─╷╱╲∘╱─∘╱─╲▒✿✳✳╭╯░▓│╱·~╲˜╱╱~├╰│∿'∿╲∿╭│┌──┬──┐◉│✧││╱│✧╴──┤╲∿˙·╱╷
∿˜╱╚╩╝┊┊│┊┴┊│˜│·│││╮────────╷───┤░▒▒┌│~~╷◆··˜│╲˜‚'˜╲~‚╲│  │ ·│'││╲╲·╱✦◆│·│˙~✦·╭●
~╲╔═╦═╗·˜╎~╎˜·˜❋││││◆◉│╌│∿~╷──────╲═│╛╱✦╮────┤∿╲╲∿~∿╲˜╱│╱·│··│∿╲∙╷│╳○·˜○~├────╶"
˜~╚▒╩▓╝∿~┆˜·∿~╱╱│·✦◉∿╱❋╱│╱╱∿·╲││╲·˜╲│╱○·○╲∿˜∿│··╷˜·˜╲╲∿╱──┴──┘~∿╱●│╱│╱·│~│·╲~╲╱˜
~╔══╦═══╗│╲˜˜╲˜││~◉╮──────────┤╯∿╱∿✦┐╲╲◉·∿✦∿╷├──╭˜╲╲╲✳│╱∿∿··∿~∿╱╲∿╲─╱◆───┤·╱╱˜╱╱
╱╚··╩░░▒╝╲∿╲˜~╰─┴───╯●╱─│╲˜~╲~│◆·◆○~│✦╱──────╷∿"‚·˙✳‚╱│╲˜╱╱╱∿∿╱∿~╲~╳◇✦◇~·│╲˜˜~˜∿
╲╲∿·~╱╱∿˜╱╲˜~╲║▒│░░╱────│─╲╱✦✦│˜◉◆○∿│╱╷╷✧○╱╮─┤·˜∿╱∿╲──╲∿╱╱·╲∿∿∿╱·╲│││◆··~│˜╲˜˜·˜
··~∿╲╲∿╱╲∿╱∿∿╱╱───────✦─│────╱│╲◉∿╿╌┌○╮────∿˜│··˜∿·╱╱──╲∿∿╲╱~~╲╱~·╱│╲·~∿◉∿◉∿╱╱˜˜
~∿~∿╲╱˜∿╱˜·˜~╱╚░░░··░✦░●✦▒░░◆╌∿⢀│╱◆╱│~╲·∿˜∿·~│˜~·˜✳✳✳✳˜╲│╲╱~~∿∿··˜⡀⡇⢀˜╲╱∿╲∿╲·∿╱~
˜╲·∿˜╲∿·∿~╲∿˜∿∿╲~╱∿~╱~∿˜··⢸⢸⡇◆⡇⠿⠶⠶●⡇│╱~˜╲∿●╲∿│╱~╱╱˙╱╱∿˜~│∿∿··∿⢸⠿⠿⠿⠿⡇⢸⠿⠶⠿··∿~·╱╱∿
~╱˜╱·˜~∿~~╲╱╱∿˜∿╱╲˜~╲╲∿╲⣿⣿⣷⣷⣶⣶⣿⣷⣤⣶•╌│⣤╱∿~~╲˜~∿∿╱·~╲╱·"╲∿│╲╲~˜⣤⣾⣶⣷⣾⣾⣿⣤⣾⣷⣶⣤⣶⣷··╲╲·
╲╲╱~∿˜∿╲∿╱·˜·╲~╱∿˜~~˜~~~·╲∿╱∿∿∿╲∿╲~•│∿╲~╱╱╱·∿∿∿╱╲╲╱~╱∿˜╱˜╲˜╲~~╱·╲∿∿~˜˜╱╲~~~╱~˜∿∿
