---
source: tests/snapshot_modes.rs
assertion_line: 595
expression: "render(&[\"7\", \"qwen-cathedral\", \"deep\", \"7\", \"3\", \"16\", \"24\", \"1.2\", \"0.9\",\n\"12\", \"4\", \"0.8\", \"1.1\", \"0.85\", \"6\",])"
---
╔═══◇═══◆═══◇═══◆═══◇═══◆═══◇═══◆═══◇═══◆═══◇═══◆═══◇═══◆═══◇═══◆═══◇═══◆═══◇══╗
║           ··   ·    ·       ·                                           ·· · ║
║        ···  ·· · ·    ✚     ·   ·     ✚                       ··    ✚     ·· ║
║·        ✚   ·         ▲         ·  ╱ ·   ╲                  · ☾ ·   ▲      · ║
║▲        ▲ ·        ▔ ▔▲▔ ▔       ···╱   ╲                    ··  ▔ ▔▲▔ ▔   ▲ ║
║▓█╲   ▔ ▔▲▔ ▔       ▓█████▓         ◆▓▓◆▓▓◆                       ▓█████▓   ╱█║
║▓█▔╲╲◆▔▔▔▔▲◆▔▔▔▔▔▲▔▔▔▔▔▲▔▔▔▔▔◆▔▔▔▔◆▓▓✦▔◇▔◇▓▓◆▔▔◆▔▔▔▔▔◆▔▲▔▔▔◆▔▲▔▔▔◆▔▲▔▔▔◆▔▔╱╱▓█║
║▓█   ╲   ╱│╲    ╱│╲   ╱│╲        ◆ ◇✦∙╲│╱∙∙─◇◆        ╱│╲   ╱│╲   ╱│╲    ╱  ▓█║
║▓█ ░     │▯│    │▮│   │▮│░      ◆ ◇∙──⊙◉⊙──∙◇ ◆       │▮│   │▮│   │▮│ ░     ▓█║
○▓█  ·   ·│▯│·   │▮│ · │▮│  ░·   ·◆◇─∙∙╱│╲∙∙✦·◆ ░·   · │▮│   │▯│ · │▯│   ·   ▓█○
║▓█    ░░────    │─────│▮│  ────░  ◆▓▓◇░✦░✦▓▓◆·──── ░  │─────│▯│  ─────      ▓█║
║▓█    ─╱────╲─ ──│───│── ·╱───··─ ··◆··◆▓·◆··╱─·──╲─ ·─│───│── ──│───│──    ▓█║
║▓█ ░·─│╱────╲│·│─│───│─│─│╱···─╲│·░ ·∿ ░··░─░·────··─│─│·──│─│─│─│───│·│─ ░ ▓█║
║▓█  ─·│────│──││─│───│·─││·───│░·│─··✶▒·~▒▒▒│··░─··─·░─│───│──││─│───│─││─  ▓█║
║▓█  │││  ▨   │││ ░ ▩  ··││  ◆ · │──·✶▒~░▒·▒·── ··░ │││···▩   │││   ▩   │││  ▓█║
║▓█  ·║  ·▩  · ║ ·  ···  ║   ·░ *─║·▮▯▯▮·▯▮▯▯·║─✦▧   ║   ·░··· · ·  ▧·   ║   ▓█║
║▓█   ║  ▧     ║  ·░·    ║  · ▩╱│─║·▯▯▮▯│▮▯▯▮░║─│╲◆··║  ·◆  · ·║  ░░◆░   ║   ▓█║
║▓█   ║  ▽  ░ ░║    ▽ ░  ║·· ───│─·▯▯▮▯▯·▯▯▮▯▯·─│─── ░   ▽░    ║   ▽     ║   ▓█║
○▓█  ·■· ·   ··■ · ∙ ·   ··  ││││░║  ·  ··· ■·║│││││ ■·· ·   ·░■··   ·   ■   ▓█○
║◆  ·✦·│·◇··· │ ·✦·│ │  ·░··✦· *▔··✦·▔▔▔·∙│▔▔▔▔·▔  ▪◇ ◆░··▪··*✦·│*◇✦  ∙  ·▪◆ ·▪║
║ ◆▪◆│▪│ ◆·│· │  │ │ │  ▪│·▪│ ─│░──│────·││────│░──◇  ·│▪◇ │ ││ ││ │ ▪│◆ ◇    ▪║
║ ◇  │◇│   │◆ │  │◇│◆│▪· │ ◇│  │  ·│   ··││·  ·│ ▪     │◆◆ │ ││ ││ │ ◆│▪◇ ▪▪   ║
║▪ ·▪ ◆ ▪◆ │▪· ·    · ◇    ·     ······  │·····│◆  ◆◆◇·│   │◇│  ·│ ◆       ◇ · ║
╚◆═══◇═══◆═══◇═══◆═══◇═══◆═══◇═══◆═══◇═══◆═══◇═══◆═══◇═══◆═══◇═══◆═══◇═══◆═══◇═╝
