---
source: tests/snapshot_modes.rs
assertion_line: 866
expression: "render_t(&[\"42\", \"haiku-1-torus\", \"moss\"], \"10\")"
---
|------------------------------------------------------------------------------|
|                                                                              |
|                                                                              |
|                                                                              |
|                                                                              |
|                                                                              |
|                                                                              |
|                                                                              |
|                                                                              |
|                                                                              |
|                                                                              |
|                                       *                                      |
|                                     :***:                                    |
|                                       *                                      |
|                                                                              |
|                                                                              |
|                                                                              |
|                                                                              |
|                                                                              |
|                                                                              |
|                                                                              |
|                                                                              |
|                                                                              |
|------------------------------------------------------------------------------|
