---
source: tests/snapshot_modes.rs
assertion_line: 336
expression: "render(&[\"42\", \"weave\", \"ember\"])"
---
          │                  │                │    │                    │       
          │                  │                │    │                   ╱        
         │           ────────│──────           │   │                  ╱     ────
         │      ─────        │      ─────      │   │                 ╱  ────    
        │    ───             │           ───   │   │                ────        
        ─────                │              ────│   │           ────            
────────                     │                  ────│───────────   │            
       │                     │                  │   │             ╱             
      │                     │                  │    │            │              
 ─────│───                  │              ────│─────│           │              
─    │    ───              │             ──    │     ───        │               
     │       ──            │           ──     │      │  ──      │               
     │         ──         ╱         ───       │       │   ──    │              ─
    │            ──      │        ──         ╱        │     ──  │            ── 
    │              ───   │     ───          ╱         │       ──│         ───   
    │                 ─────────            │           │        │─────────      
    │                  ╱                   │───────────│         │              
    │                 │                 ────           │───      │              
    │                 │              ─── ╱              │  ──     │             
─   │                ╱             ──   ╱               │    ───  │             
 ───│               │           ───    ╱                 │      ── ╲            
    ──              │         ──      ╱                  │        ───           
     │───          │       ───       ╱                   │          │──         
     │   ───       │    ───         │                     │          │ ────
