---
source: tests/snapshot_modes.rs
expression: "render(&[\"42\", \"gem-aetherium\", \"cathedral\", \"6\", \"7\", \"4\", \"12\", \"0.75\",\n\"0.45\", \"0.7\", \"0.8\", \"4\", \"0.85\", \"1.0\", \"3.0\",])"
---
⚙ ▪▫─══─┼    ·   ✧─ ┄  ┼││┼▪⚙·┊     ─ ※     ─  ✦· │   ┼││┼ ·┄✦       ·─┼  ─══   
 ─═─  ─ρ         ┼· ··│  · ▫▪▪⚙┊   ✷  · ┄│·┼│┼││ᛖ┼─│·     │·┼   ·      ──    ──═
══ · ─    ·     ── ᛟ   ┄     ▫▪▪⚙┊· ┼│┼ᛒ┄     ·   ┼  ┼ᛗ· ┄   ─┼·        ┼─    ─ 
⚙▪ ──  ─       ·┼│┼· ·   ┄ ─ ·┼·ᛁ┼┼┼│ · · · ─     ─   ┼│       γ┼  · ┊┊┊ ν─·   ─
♏─┼ · ·· · · ·─┼♄ ∘ ~ ~~  ··┼┼┊│·▪││ᚾ  ┄      ·  ─  ··─┼ ·      ─·┊┊     ─   ·─
·▪─┄  ┄─    · ┼─ ··       ~ ~┼─※※▫┊▪⚙ ┼│┄·    ✧  ·ζ·┄   ─   ·┊┊┊┊┊┼─ ·   ·── ┄  
 ─ ▫· · ·   ┼─ᚠ┼·─   ──   · ──┄─ ─✷┊·⚙─ │┼│·  ·  ─┄   ─ ─·┊─┊┊┊  ─ ┼· ─ ·  ─·   
⚙─ ▫   ─  ·┄─ ─·  ─      · ─┼┼─·· ┊▫┆▪⚙░·░┼│░░  ·─·   ┊·┼┊┊┊  ·   ┄ ┼┄· ✦  ─    
┼ ▪▫       ᛞ  ─ ··  ┄░░░·░─░░·┼░░┄░┊▫┆▪⚙┄░░░ᚺ─░┄ ┼ ┊┊┊┊┊┼   ┄  ·    ─·˙    ─ ·  
─⚙▪┊·┊┊─┊·┼─  ─    ░░░░·─┼·░░─┼─░░░┄░▫▪░┄░░░░┄─░──┆┊┊ ·─ · ·   ·     ─ ·   ·┼   
σ ⚙▪ ▫˙ ┊┊─┊┊──·┊┊┊┊┊┊┊·┼░░·─┄░─┼░░░░░░░░░░░░░┆──░░┄░· ᚹ   ˙ ·       ─·    ─    
  ⚙ ·─  ─ ──░░─░░░░░░┊·┼┊┊┆┆─┆┆┊┼░·░░░☼☼☼☼☼░░⚙·⚙──░░░░─░░░· ·      · ┼  ·  μ  · 
┼─ ─·─═─┄⌖═⌖∘──·─┄─░─┄─·─░─·─░───┼─░░☼☼❂❂❂☼☼░░───┼─░───░─░─┄─ ─·─ ·──⌖·⌖┄─ ─·─ ─
─    ▪▫ ═══┼ ·┼░░░░░░┼─░░░░┼⚙⚙▪▪▪▫┼ᚢ░░☼☼☼☼☼░░░·─▪▪┼┆┼┼☉┊┊┊┊┊·░      ─   ·  ┼  · 
─   ⚙─▪▫─· ─  ─ · ░░░┼·░·▪─▪·┄▪▫┄┆▫┼─░░░░░░░▫▪──┄⚙⚙┼░·░░░·┊┊┊┊·┊┊┊┊─┊·┊┊┊ ─    ▫
ζ  ─· ⚙▪▪▫▫ ─ ─┼    ┼⚙⚙▪▪▫·▫─▪▪▫░░░┄░─│▪─░┆┆░┄┼░▫─┼▪┼░·░░░░░      ┼─  ┊·┊──┊┊┊▫▪
──     ⚙▪▪▪· ─ ξ·─ ⚙┼┄▪┄··─┊⚙─·▫──┄───┼│┄─░───┄──┼─·┼─⚙·░┄ ┄··   ┼─ ·   ──  ▫·▪⚙
 ┼   ·  ⚙ ⚙▪ ▫┼─┼ ·─ᛉ▫▫┊┊┊┼ ⚙▪─▫·░·░▫▪▪⚙│┼░───│─·▫░▪⚙─▪⚙   ♀  ·┼─┄      ─  ▫▪ ⚙ 
  ──     ─·⚙▪┄▫──·┊▪─┊┊  ─ ·⚙ ▪┄─░░▫░▪·░·░┼┼─┼┊·▫┄▪⚙·┼ ▪⚙ ·· ┼──  ·┄  ┼─▫▫▪▪·   
  ·─ ┄ ┄ ─   ·▪▪─┼─▫ ──  ─   ┄·▪▪─▫▪▪⚙░░┄─│─│ᚨ│▫·▪⚙┄░┼▫▫▪⚙ ┼││   ˙  ·λ─▪▪┄ ┄    
  ♍─       ┊┊┊⚙⚙─·ᛚ───  ─ ·  ⚙ ⚙▪─·▫▫ ·┼│──·▫┼│││││┼· ▫ᛒ┼││    ·  ▫──▪⚙ ⚙    ♉
─═ · ┼─  ─┊┊   ·⚙▪│⚙▪·┼─┼─┄ ─  ▫▫·⚙│┼ᛁ│┼·│┼▪▪▪⚙⚙┊┊┊ ┼││┼┄▪⚙    ✦ ▫┼─▪⚙    ·    ═
·─══  ─┼══♃═∘∘∘⚙ ▪·│·⚙─·┼││┼││┼ᛗ│┼│┼ · ─┼│──⚙─│┼│┼││─  ─▫·⚙▫·▫▪▪││ ⚙         ══─
    ═── ─η─  · ·⚙▪▫ │┄·⚙ ·▫▪▪▪▪▫ ││┼││┼││┼││ᛖ│·  ┊┊┊ ▫ ▫▫·▪┄▪⚙│┼│         ═── ─
