---
source: tests/snapshot_modes.rs
assertion_line: 1504
expression: "render(&[\"42\", \"wada\", \"moss\"])"
---
==---------------::::::::::::--:::::----::....................:::::::::==-=--=+-
====-------------::::::::::::::...::==::............:::::#::::::::::::::-@=-'o-+
======-----------::-::::::::.....:===-::............::---:-+--::::::::::-=+-----
=====-==-+-=-o-=-:--::::::.:.....:::--*:-=:..........:-=:---*+-----:::::--==*=--
=+*++o===+-+-*-+--+::-=:::::..........:+:--:..........:-:=--+-:----+=----=+O==--
+Oo=====+=-+==-=-+=:-+-::-=....... .#:-=-:....    .....:-:::+=-*:-----=+===-:--+
***+*++*=+=====+--=-+-:--=:..:-:...#::::-.....#........::--:--::::==-=:----::--=
*o*+@=====+=+====--=:-=*:=:--:::.##:*.--.+..:*:=-:#....:--::=:::::::----:=--:-==
++o=+===--==-+-----::--:--:-=:=:=.:-::::=:::-:=+:-::=-=-+-=:+:::::::::---+:==+-=
+++=====--==-=-*:--:-=::-::.-:=-#-.:-+--:-#-:.-=::-==-.:::---::.....:::--=--:::=
+=======------:-:-::::..@:..-=::::.:-::::::::-.--::=-::-:-:--::......:::--=-=--+
+=====--------::::::::.... .:-=::=:--::::-:...+.:-#:::::+:=*::........:::-+----:
=+=====-------:::::::.........:-::::++:::-####:::....:*::::+:.........::::-=-:::
*=====--=-----:::::::::...::#..=:::::::::-:::-=#.....::---*::..........:::-+=-:-
+*++=o+*-=-=-=:--:-=::+-..:-::-:-::=::=::-=-::........:=--:............::::-==++
==+*==+==+===*-=+-+=--+:--+.##....-:.::-:#::..........::::.............::::-+=*+
===-==-+-=-+--=----:-+:..::.....#.-.::-=::::..........................:::::--*--
=------------:-::-:::::.......:-:-::::-=:#............................:::::----:
-=----------:::::::::::.::.....---#.......   ........................:::::::::::
==--=--------:::::::::::::-::..:--:.....· ..........................::::::::::::
*=-+--=------:::-::::-::::---:=-:+--:..............................:::::::::::::
=+=-=*------=-:-=-::-==-::=--:::----=::...........................::::::::::::::
+==+++-==--++---==-:---+:----:::..::::::........................::::::::::::::::
=++=*=+==-=*=+-=+=+----:-:@-==::..............................::::::::::::::::::
