---
source: tests/snapshot_modes.rs
expression: "render(&[\"42\", \"trees2\", \"ember\"])"
---
                                                                                
                                                                                
                                                                                
                                                                                
                                                                                
                                                                                
      ╷                       ╷─├─╷╷─├─╷ ╷  ╷ ╷ ╷         ╷                ╷    
      │                  ╷─├─╷  │    │   ╭┼─╮ ╭┼╮       ╷ │        ╷   ╷  ╮┬╭   
    ╴─┤                    │    │    │    │    │        ╮─┤       ╮┬╭ ╮┬╭ ╎│╎   
      │                    │    │    │    │    │          │ ╷╷    ╎│╎ ╎│╎ ╎│╎   
      ├─╶           ╷      │    │   ╭╯    ╭──┼─╮          ├──╭    ╎│╎ ╎│╎ ╎│╎   
   ╷╮ │             │ ╭╷   ╰╮   │   │        ││         ╷ │       ╎│╎ ╎│╎  │    
    ╴─┤             ├─╶     │   │   │        ││         ╮─┤        │   │   │    
      │ ╭╷    ╷╮   ╭╯       │   │   │        ││           │ ╷╷     │   │   │    
      ├─╶      ╴───┤        │   │   │        │            ├──╭     │   │   │    
 ╷╮   │            │        └───┴───┘        │        ╷╷  │        ╭───┼───╮    
  ╴───┤            │           │┃│           │        ╮───┤            │        
      │            │           │┃│           │            │            │        
      │╷          ╱│╲         ││┃││         ╱│╲           │ ╷          │        
    ◜═│═══◝      ⠁⣿⣿⣶⣷⣾⡀      ╘═│═╛        ◇═╨◇     ╴────╱│╲╲╲──╶   ╴╮═│═╭─╶    
                                                     ╵         ╵     │   │      
                                                                     ╵   ╵      
   Spiral    Spiral+Wobble Candelabra   Split+Sine      Birch      Drooping     
 +SqCrescent  +SqBraille    +SqFrame    +SqDiamond   +SqChevron   +SqButtress
