---
source: tests/snapshot_modes.rs
assertion_line: 694
expression: "render(&[\"42\", \"tree-of-life-3\", \"moss\"])"
---
✦    ∙ ·                ∙          ∙    A                                       
   ·           ·        ✧✧✧°○°°◦◦· ····· ··R·~ ~~~♣♣ ♣♣♣◠                       
         ○         ✦✦✦✦°°°○ ◦ ○°°°    °°°    B◠       (°◉▒)*~·                  
     ·   °∙∙  ✦✦✦✦✦  ·°°°°°°○   ·· ······°··(°◉▒)♠ ♠♠  ♣◡♣ ♣* ·····             
       ·   ✧✦✦ °°°○°°°°  ·····  ······░·  ░° ░◡·  ·  ♣♣♠* ··     ◠v··v          
        ○○○○ °  ○·◦ ○···°·····░░░░    ░░▒░▒·╱═══·· ·· ◠═ · · * (°◉▒)  ~~v       
  °°○°°°°○ ◦·○····○·····▒○·░░░▒▒▓▓    ▓   V    ♣♠─═╲(°◉▒)// *·♣♠~◡♠     ♣♣~ ~   
  ○ ◦·○° ° ○·······░░░°○▒◦▒○   ▓        ▓▓▓v▓   ♣  ╲╱ ◡╱══──═'~·· *  `     ♣~   
 ° ·○·········░░°▒▒▓▓▓▓▓▓○▓▓      ✦     ▒  T  v    ╱───═  ──══╱     *♠      ~~  
 °°··∙····∙░░▒░▒▓▓▓▓▓▓▓▓▓▓▒ ▒           ░  A ══─═──     ──═══─══ ·◠          ·· 
  ◦°  ○  ░░░░░░▒▒▓▓▓▓▓▓▒▓▒▒░░░░░∙        E ╲·         ·       · (°◉▒)         · 
  ○ ○ ◦ ○∙°····∙○░░ °                 ░░░/╱                     · ◡           · 
  ∙ ∙ ○° °°°°°○·◦°○                ∙M══──▐                                    ~~
  ✦     °°°∙    ○ ·· °      ✦    E     ▌║▐             ✧  "            ✧     ·♣ 
  ✦✦         °°°°°°  ·           M     ▌║║                            '      ♣♣ 
   ✦✦                             E    ▌║▐ ·                              · ~~  
    ✦✦                              ∙N ║║▐                         ,    · ◉·~   
∙∙∙············∙∙∙∙∙∙············∙∙∙∙∙∙▌║▐──────────────────────────────···─────
        ○○○     ·          ·          ˙ │,~∙····∙~··,·,···,·""·,·~··,·~··~··"∙~"
           ◦··          ·          ░░░˙˙ ·─,·,·,∙~·",·∙∙,""·"~·~~·~♣~~,,···∙",∙·
   ·        ·······     ····∙▒▒▒▒░░░░░˙ M·~═══──═─····∙·",··"~♣♣♣♣♣∙·,~·~·····∙∙
      ···     ··  ·········▒  ▒▒▒░ ··· ˙˙O═\╲"······∙,·∙··~~~~∙·~~··""·,·"~·∙·∙·
        ·······  ···    ◦◦◦○ ····· ✦✦·····R♣········~·····~·"∙"·"·∙··"·~·~,~"~",
       ·     ·····                 ˙˙˙    ˙˙~"~·,·",~·······∙"·""∙∙·∙·",····,"··
