---
source: tests/snapshot_modes.rs
assertion_line: 256
expression: "render(&[\"42\", \"fullmetal-eyes2\", \"nerv\"])"
---
                                                                                
                                                                                
                                                ·       ∙                       
      ·       ∙              ─╲──⊗───────╲✶─╲────╲◈│                            
                      ───⊕───│         ─────       ─╲────△│                     
                  ∵───│        ──────╱╱─·───╲╲───╲        ─╲─╲╲          ·      
              ──╲─│      ──────│    ╱ ·˙◉◉·   ╲   ─────╲       ╲▽╲│             
            ─∴│     ─────       ─────╲╲──◉──╱╱──│       ─────     ──│□          
          ╲─│     ╱╱─·˙◉◉╲╲─────│   ──   ─  ╲╲  ─────│╱╱˙◉◉·─╲╲     ╲─│         
         ✦│      ╱│  ·◉◉◉·─╲─────────────☉────╲╲─────╱─·◉◉◉·  ─╲│     ─│        
        ─│    ·─╱ ╲╲──◉──╱╱     ─╱╱╱·╎·╎·····╲╲──╲    ╲╲──◉──╱╱ ╲│     ╲∴       
       ♃╲      │      ─│ ╲╲─────╱···˙˙╎·········╲──╲───◇ ╲─      │      │       
        │      │      ◇    ╲───╱··╎╎◉◉◉╎╎········╲────    ☽      │      ╲∵      
       ♄│      │    ───── ── ╲╲─╲╲··╎◉╎········╱╱──   ───────    │      │       
     ∙  ╲─     │─ ╱╱ ·˙◉◉╲╲    ╲╲╱╲╲─────────╱╱──     ╱╱───· ╲╲ │─     │⊕       
         │╲      ╱─  ·◉◉◉·─╲─────╲╲──────────────│───╱─·◉◉◉── │╲─     ╲─        
         ☿│╲─     ╲╲──◉──╱╱│─────  ╲╲˙─────── ──◇│────╲╲──◉──── ·   │⊗─ ∙       
            ╲──      │───     ∙ │──╱╱◉────╲╲────│       ╱───      ╲──           
              ☽───    □  ╲──────  ────◉◉·   ╲   │ ╱─────  △   │──✶              
                  ╲☉───       ─────╲╲─────╱╱────│─        │─╲──                 
                      │─╲─◇───         ─       ·   │─╲────◈                     
     ·       ∙               │────□──╲─▽──╲▽─╲──╲──△                            
                                                                                
                                                                        ·
