---
source: tests/snapshot_modes.rs
assertion_line: 846
expression: "render_t(&[\"42\", \"sonnet-1-spirograph\", \"moss\"], \"14\")"
---
|------------------------------------------------------------------------------|
|                                                                              |
|                                ...............                               |
|                             .... ....   .... ....                            |
|                          ..:::======     =********..                         |
|                        ::::   ..   =======   ..   ****                       |
|                      :::.    ..    . .=. .    ..    .***                     |
|                     ::..     . . .         . . .     ..**                    |
|                    :: ........                 ........ **                   |
|                    : ...    .                   .    ... **                  |
|                   : ....   .                     .   .... *                  |
|                   :.   .. .                       . ..   .*                  |
|                   ::    ...                       ...    **                  |
|                   .:   .. .                       . ..   *.                  |
|                   . ::..   .                     .   ..** .                  |
|                    . :::    .                  ".    ### .                   |
|                    .. .::::::.                 ~~#####. ..                   |
|                     ....     . . .         ."~"@~ ~  ....                    |
|                      ....    ..    . ... ... .~. .. ....                     |
|                        ....   ..   ... ....  ./   ....                       |
|                          ...........     ...........                         |
|                             .... ....   ..........                           |
|R8:r3 out d0.85                 ...............                               |
|------------------------------------------------------------------------------|
