---
source: tests/snapshot_modes.rs
assertion_line: 956
expression: "render_t(&[\"7\", \"sonnet-2-forest\", \"ember\"], \"18\")"
---
                                                                                
                                                      ·                         
                             ·           ∙         ·                            
                                                                      ·         
                                         ·                                      
                        ·                                     ·      ·    ·     
                                        ▪╯    ▪┼┼┼┼    ∙                        
                                    ╲ │  ╲╲ ╲  ││╱│ ┼▪      ··                  
                 ·               ∙  ┼ │  ╱ ┼╲╲ ││ │ │                           
             ·                       │  ┼▪   ╲ ┼┼ ┼ │   ╱▫                      
      ·             ╲   │╱         ╱ │  ╱    ┼╲││ ││   ╱             │╱        ·
                   ░│░  ┼    ▓▓▓▒░░│░┼ ╱      ╲││ ││ "╱              │╱         
   ╳ ●│╳╲╲       ░░░│▤░ │   ░│││░▤▤│▤│╱        ┼│ ·  ╱╳╳             ┼         ·
    ╳ ╳╳─       ░░∙░│├◍∙││   ││·╷◍┤│├│╱        ╲│ │╰╱╳╳             │││      ╲ ╷
     ╳╳        ▤◍░░▤│░◍◍▤╲  ∙░·╷│ ∙││┼│╌╌╌╌     │, ╱╲╳       ; ;    │││     ░│░│
  ╌ ▒╱░╲▒ ╌ ╌╌╌╌▤◍◍┤│▤░░  ─│╷╱╷╲│ ╌╌│││"  ∙╌╌╌╌│┼│╱╳╳╲╌╌╌╌╌ ╌╌ ╌╌╌  ╱╌╲ ╌ ╌░▤│▤░
~·╱──   ─╲·∙  ▤▤◍◍◍┤│├◍▤▤·,·╱  │·   │││    " ·,│││╳╳╳   ·∙    ∙· ∙ ·│  ──╲▤◍┤│├▤
 "     ·     ·     │││ , ,     " ·  ╱ ╲  ,     │││ ╳   ·   , ~ ·"        ░░▤▤│░░
 ,   "              ╌, ,   ,   ∙" ·∙  │·   ·   │┼│╱▒╲░· ∙,              ▤◍◍◍┤│░░
∙;   " ∙   "  ∙      ∙,  ;  ∙ ;   ;,          "▓││   ╲·w"   " ,         ∙  ∙││"∙
    , ,  ·   ∙  "   ·,              ~         ∙▓││"  ∙    ·       ·      ·  ││├◍
  ·      ∙                       ·  ·          ╱ ╲·  ·               ,      │││ 
                  ,  ,       ∙   ·       ,     ,"│  ,            ,  ·    ,  ·╌, 
             ,  ,   ∙   ~ ,,  , ,         ,, ·   │·╲·                  · ·     "
