---
source: tests/snapshot_modes.rs
assertion_line: 241
expression: "render(&[\"42\", \"forest9\", \"deep\"])"
---
            ❉─────╲         ◇╲ ·╱·╱  ╲╲╲││ │                  ·  ◆  ·  │·╱╱ ··  
                  ╮┴╭ ·      ╲╲··╲  · ╱ ╲│ │                  │ ╱   │  ╱╱◆   │··
   ·              │ │  ╲░  ░ ░░╱ ╲░·░╱░░ ░││ ░  ░░··· ░░  ░░ ·░·░░ ░░╱╱      ··◆
        ░         ╲ ╱   ╲─❉  ╱╱ ╲ ╲╲· ╲   ╲◆│     ·╲│     │╱──○│   ╱│╱       │ │
      ·          ░·╳──── ·  ·░╲  ╲ ╲╲╱ ╷   ·│      ⠄·╷ ⠄  ┌   │   ╱·   ⠁⠄   │╷│·
          ╱╱░░╲   │╲││    ╲·░  ·  ╲ ╲╲ ├─╶╱  │      ╷│───╲│  ░░░░╱·░░╷░░⠈░░░││  
░░░░░░  ❋     ─╲  ╲ ╲│    ╱░ ·     ╲··╱│ ╱    │      │    ┐   ·    │░░░─░──│░░░╱
            ╱╱─╲│ │╳─╲   ╱╱ ╲ ╲  ───·╴╲┤╱❉╲   │╱─❉  ╷│    │░─│░ ░░░░░░░·   │╱╱  
·     ░    ╱    ╲││░░░╲░╱╱─❉░◇✦╲░──╱░·░░░╱ ──┴╱░   ╷░░─░░░┌░ │░ ░░░░   ╮─░·┤╯ ╱·
          │      │╲ ╱──·╲     ╱╲╷ ╱╱│ ╱├─╲╲╶ ╳  │    ╷╲  ╲│││ ⠈⠁⠂│⠄    ╷ ╱ │╱  ─
        ·❋      ──░╳────╲╲┬──·─╲●╮╱──╱ │ ⠄✦╲│⠄╷⠂│⠂●  │ ╲ ⠂│⠁○·╷⡇⣷░╷    ░╱─┤─── ─
      ░   ╷ ░░░░░░│░│   ░░░│░   ·╴░────┤╲ ●⠛│╲◆╮─│──┤╯  ╲╲│╱──╷╱─│─╷⠄◉╱ ╱─·─┬───
·∼╱˜˜·╱∼╱∼│╱··╲∨╱˜╲˜╱╱·∼·│╲╲‚╱·╱·╲╲╱╪│┤│∼╲··│╷˜╭──│✧│◆··│·╲╷◆˜┌∼│·╱╱╷·╱╱─┤╯│◆│˜·
˜·˜∼╱·˜·˙˜──╱∧╲╲──│╳·˜╷╱‚│┃╲╲˜∼·∼◁╲╲───├────│──╶╮─│─╯─╮────┬───╮────┬────╭╱│┃│∼∼
╱··˜˜'╭──────╲∨╱˜∼│││"│∼˜│┃│╷╮◉˜··─╲╲│││··│'│││··✧·│◉✧╎·─∼─│╲◆│╎╎╱∼╱│◉˜·╱╎∼˜╷··˜
‚·˜·∼·┊┊│───╱∧╲╲╒═╤╓·⠿│⠿╱│┃│◉╴─────────┤·˜│·│·∼·✧╱˜│││╎◆··││╱╲│╎╎‚'‚│˜╒╮────┬──╮
˜˜╱∧╲·╎╎·╴──╱╱∧◜│░││─⣾·⣾─·────◆──◆───────◆───────────│╎─╱─┬│◜─┴╎╎··╱│╲│╎·╎··│·˜╎
˜·╲∨╱··┆╱˜┆┆·◜◠│╘·╧·│·│░║·┬···──··◁◇╱╱═│◞├╪┤│∼∼╱╮══┴═│╭·└─┬││◟┴││·∼╲│╱╘╎═╧══│˜∼╎
∼·╱▵╲·˜│˜∼││·╒════╤══╓─═◆──···╱│◆∼˜╱╱˜˜│══┴╱│╭˜·∼╱╱·╱│╱└──┬│∼·∼│·∼·╱│╲∼╎·∼∼·│··╎
˜∙╲▽╱˜∼·∼╱··˜│▒░▓▒│▓░··╱══◆══╱─│╲·╱╱·∼│││∼╱─│∼˜·╱·─◜└│────┬╭────────╭───────┼───
∙∙╱△╲╲─··∙·˜∙│▒░·░◆··│╲╱╳◆╨╳╱──│─╲╱╱∼│·│·╱──│╌•◜◠◠◠│◠│◠◠◠◟┴◞│˜·│·─╱╱▵╲╲─∼··╱│╱·╱
─╱╱┴╲╲╲∙·˜˜·╱╘∙═══╧══╒══╱──────│───╰───┴╱───│╲•╌╱·∼╱·│˜·∼∼·˜∼·∼│─╱╱╱┴╲╲╲─╱·╱│·∼·
∼·╱·╱·╱∼╱˜╱✧∼··˜····∼│░▒··░░░░▒│▒··╱────────│──╲◡◝·˜∼│∼∼·∼∼∼·╱╱│╱·╱˜·╱·╱╱╱·˜│˜··
˜╱╱∼˜╱··∙·∙∼∼∙˜·˜·∼∼·╘════════─╮◠◠◠◠◠◠◠◠◠◠══┴══◠◠╭─·∼│˜·˜·∼∼∼╱˜│·∼╱˜∼·╱˜∼˜˜∼│···
