---
source: tests/snapshot_modes.rs
assertion_line: 779
expression: "render(&[\"7\", \"opus-1-quasicrystal\", \"ember\", \"1\", \"40\", \"4\", \"7\", \"0.05\",\n\"3\", \"1\", \"8\", \"3\", \"0.1\", \"0.4\", \"0.2\"])"
---
--     /   -/   \\    \......\./,,,,,,,/,,,,/,,,,,,/-\......\   ----    \\  /   
 ----//---- \   / ---- \..----/---,,,,/,,--o-,,,,,,/:\.......\    \      \ /    
\\    \      \  /     ----,,//;;;;--//---@@\;----,/:::\.----/\--- \\    --o--   
-\-   \      \ /       /,,,,/;;;;;;;/\@@@#@#\%;%;/\::::\,,,,/,,,,-------   \ ---
/..----\ -----/----  //,---/--;;;;;/@\@####@@\%%;%\:://,,,,/,,,,,,,/\      \    
/......----       --o---::::\@---//@#@\@-----@----%\/,----o---,,,,/  \     -\   
......//   -------,,,\::::::\\@##@\@@#/\---@@@@#@--/--;;;;;;;;--//   \\----./---
----./       /\,,,,,,\::::::-\-@@@\@@/@#@@@------##/\;----------,\   /...../    
..--o--     /,,\,,,,,,\-----#@#----\/#@@##@@/@@@#//@#\;;;;\,,,,,,,\ /....//     
--...\.----/,,,\,-----/:----@@@@----*--@@#@/@#@-/@@@##\-;;;\,,,,,,\/----- ----  
......\....\,,,/\..../::::::----@@@@\\#---/----##\@@@/@#---;\,----//--        --
......-\-...\,,/..../:::::://@\@@@@#@\@@@#\@@@@@##\#/#@@@@@---.../....--------,~
\-----/.----\,/-----o---:::/@#\\##@#--\--@#\@@@@#@\*/@@@##@/..../......./%\~,~~~
,,,,,/......//-,,,,,,\::--/@@##\----#/@@@---\------@---#@@/.----o--...../%\~~~~,
,,,,/....../  \,,,,,,\::::\@@@/#@##@/@##@@#/-----@#@@@------#%#%\\#---//%##\----
----,----../   \,,,---\--::\#@/@@@-/-#@@#@@/@@@@#-----##%%\%%%%#%\%##%#\###/....
--,,,,,---/    \---,,,,,,---//----#@@---@@/@@@#@@#/\%###%%\\##%%--\-#%#\#%/..../
..-----,,,,\   /,,----,----/.-----@##----*---@@@//##\%%##%-\----    ----\/----- 
....\,,,,,,\\//,,,,,,/-..../......---:::::\##--/#%##\\----,/.----   ----o\---   
---.\\,,,,--o-,,,,,,/...../......//\:::::::\%#%#\##%/,,,,,/......---     \   ---
   -------./..-----/-----o\---../,,,\:::::-\--#%%\%/,,,,o/......//\\      \    \
     /...../......//-.....\...-/,,,,,\----./,,---\/----- -----./   \    ---\-   
    /...--/....../ \\......\....\,,,/....//,,,,,,//      \    -/    \--- //  ---
---o----  \----./   \...---\---..\,/...-/-,,,,,,/..\      \    \   /    /
