---
source: tests/snapshot_modes.rs
assertion_line: 881
expression: "render(&[\"42\", \"fable-2-trees\", \"moss\"])"
---
                                                                                
                                           ∙∙◆│                                 
     ••                           ◇           ╱                                 
    •●──│· •                       ╲ ◇       │╱          ∙          ╲∙ •∙• ○    
   ●╲•••│··│●                      ◇─╲   ◇ ∙∙╱─   ──╲│──∙•          ─╲◆●◆ ◆╱──  
 ••· ╲· │·•│•                      •  ─╲ ◆╱───◆   ○•∙│∙•∙∙         ─────●──◆ •  
  ──╲ ──┃··╱·          •••              │─── ╷◇     ─╲•∙           ─╱ ─╱●╲╲─    
   •·╲··┃── ·      ╴──╲ ●· ╱╶           │─   •     ∙• ╲∙ ∙∙          ╱• │ •╲╲─  
    ··──│           ╴───│──╷╶            ╲╲        ∙∙  ─│∙              │       
 ──────╱│╲─────  ──╱│╲∙╱│╲─∙───  ─────────│·───  ──────╱│╲─────  ──────╱│╲───── 
   ·╱──   ──╲·      │    │╲·               │╲·      ··╱            ·╱──   ╲·    
    Colonizer        Banyan         Mangrove          Coral         Sunburst    
                                                                                
                                                                                
                                                                                
                                    ◇ ◇∙∙ ◇◇                                    
                                  ∙ ◇╲╲◆◇∙╱◆                                    
      · •·                         ─╲──╲◆╱◇◇∙            ∙           ─╲•◆◆╱     
     •·╲──·•             ·        ◇◇◇───│ ∙          ○╲   ∙•         ─◆─●─•─    
    •●──┃●•           • ●•••           ─│─             ╲ ╱            ∙◆│╲──    
     •••│·           ╴──│─╷─╶         ╱╱  ╲             │               │ ╲     
 ──────╱│╲─────  ──────╱│╲∙────  ───··╱────╲───  ──────╱│╲─────  ──────╱│╲───── 
    ·╱─  │·         ·╱·│             ·│    │·            │·╲·      ·╱──   ╲·    
    Colonizer        Banyan         Mangrove          Coral         Sunburst
