---
source: tests/snapshot_modes.rs
assertion_line: 774
expression: "render(&[\"42\", \"poincare\", \"moss\"])"
---
 {3,7}                                                                          
                               ▒▒▒▒▒░░░░░░░░▒▒▒▒▒                               
                           ▒▒▒░░░░::.:.::..:..░░░░▒▒▒                           
                         ▒▒░░:::.-/-\\|///\\|//...:░░▒▒                         
                       ▒▒░░..---||---/\-----/\\-|~\:.░░▒▒                       
                     ▒▒░░.://\\\||-///\\\•///|-~~-/--::░░▒▒                     
                    ▒▒░::\----\\|--//oo\\\//|-~---|----::░▒▒                    
                   ▒▒░.:-||\---//\-------\\/~~--o|\\///\:.░▒▒                   
                  ▒▒░.:\\|||--//|\\ o----/~~------\\//---::░▒▒                  
                  ▒░░:---\----••||| oo//~~\\\ ----------||:░░▒                  
                 ▒▒░::|---|----- |||//~~~ \\\\••////\\----:.░▒▒                 
                 ▒▒░:---o|||•-----|//~~ ooo\\\ ////•\\\///\.░▒▒                 
                 ▒▒░:/\\\//-------~~~-------\\\///---\\/---:░▒▒                 
                 ▒▒░:.----------~~/\\ --------/-------/\--..░▒▒                 
                  ▒░░.--||\\\o~~// \\\ oo ///-|--\\o///\\\.░░▒                  
                  ▒▒░.:\//•\~~///•••\\\ //// ||| ---\|---.:░▒▒                  
                   ▒▒░.:-~~--\/------\\/// oo|||•----\--..░▒▒                   
                    ▒▒░:.\---/\\--------------\|/---||\:.░▒▒                    
                     ▒▒░░.:\//\\\//--||\\\•----|----|..░░▒▒                     
                       ▒▒░░.:---\//-|||/\\\///||\\/..░░▒▒                       
                         ▒▒░░....\---|----\---|..:.░░▒▒                         
                           ▒▒▒░░░░::::..:..:.:░░░░▒▒▒                           
                               ▒▒▒▒▒░░░░░░░░▒▒▒▒▒
