---
source: tests/snapshot_modes.rs
assertion_line: 961
expression: "render(&[\"42\", \"haiku-2-forest\", \"moss\"])"
---
            · ˙          ∙                               ˇ         ˙  ·         
                                                                                
                                                                                
                                                                                
● ●       ◇◇        ● ● ●       ◇                      ▓                     │  
 ●         ◇   ◇◇◇  ●●         ◇ ◇◇        ◇◇◇         ▓                     │  
│●         │   ◇      │●●       ◇◇◇        ◇│         ▓│        ◇ │         ├│┤ 
 ╱              ◇◇                                             ◇◇               
               ◇               ◇◇ ╱                              ●  ●           
 ╱               ◇             ◇◇◇╱                            ◇ ●              
│              ◇│              ◇│◇╱            ├│┤              │● ●●           
                                                                ●●●●            
 ╱                                                               ● ●            
                                                                  ● ●           
                                                                 ●              
│                                │                               ●│             
                                                                                
                                                                                
─▒▒─▒▒─▒▒─▒▒─▒▒─▒▒─▒▒─▒▒─▒▒─▒▒─▒▒─▒▒─▒▒─▒▒─▒▒─▒▒─▒▒─▒▒─▒▒─▒▒─▒▒─▒▒─▒▒─▒▒─▒▒─▒▒─▒
▒▒─▒▒─▒▒─▒▒─▒▒─▒▒─▒▒─▒▒─▒▒─▒▒─▒▒─▒▒─▒▒─▒▒─▒▒─▒▒─▒▒─▒▒─▒▒─▒▒─▒▒─▒▒─▒▒─▒▒─▒▒─▒▒─▒▒
▒─▒▒─▒▒─▒▒─▒▒─▒▒─▒▒─▒▒─▒▒─▒▒─▒▒─▒▒─▒▒─▒▒─▒▒─▒▒─▒▒─▒▒─▒▒─▒▒─▒▒─▒▒─▒▒─▒▒─▒▒─▒▒─▒▒─
─▒▒─▒▒─▒▒─▒▒─▒▒─▒▒─▒▒─▒▒─▒▒─▒▒─▒▒─▒▒─▒▒─▒▒─▒▒─▒▒─▒▒─▒▒─▒▒─▒▒─▒▒─▒▒─▒▒─▒▒─▒▒─▒▒─▒
▒▒─▒▒─▒▒─▒▒─▒▒─▒▒─▒▒─▒▒─▒▒─▒▒─▒▒─▒▒─▒▒─▒▒─▒▒─▒▒─▒▒─▒▒─▒▒─▒▒─▒▒─▒▒─▒▒─▒▒─▒▒─▒▒─▒▒
▒─▒▒─▒▒─▒▒─▒▒─▒▒─▒▒─▒▒─▒▒─▒▒─▒▒─▒▒─▒▒─▒▒─▒▒─▒▒─▒▒─▒▒─▒▒─▒▒─▒▒─▒▒─▒▒─▒▒─▒▒─▒▒─▒▒─
