---
source: tests/snapshot_modes.rs
assertion_line: 734
expression: "render(&[\"42\", \"braid\", \"moss\"])"
---
 '      `              |#|     |#|     |#|     |#|.   |#|  . '           `      
      '                |#|     |#|     |#|     |#|    |#|             '         
                       |#|   '  \#\  /:/         \#\ ./   '                     
`                  . ` |#|        +X+              +X+ '                `  '    
                      |#|   .   /./  \#\   '   /:/   \#\      '                 
                      |#|     |#|     |#|     |#|   '  |#|                      
                `     |#|     |#|     |#| .   |#|      |#|                      
              .  '    |#|     |#|     |#|    .|#| .    |#|               '      
'              ''       \#\ /./.      |#|     |#|      |#|                      
                  `       +X+         |#|  '  |#|     .|#|`        '    .       
     `  `               /./ \#\    '  |#|     |#|  `   |#|`                     
`                  '  |#|.    |#|     |#|     |#|`     |#|     `                
         `       `    |#|     |#|     |#|     |#|     |#|                       
                `     |#|     |#|     |#|     |#|     |#|                       
                      |#|      \#\  /./  .      \#\ /./   `                     
            `         |#|         +X+           ` +X+              '          . 
               '      |#|      /:/  \#\   `     /./  \#\       `.               
                      |#| '`  |#|     |#|     |#|     |#|`.                     
                      |#| .   |#| `   |#|    .|#|      |#|   `                  
 .                    |#|     |#|     |#|   ' |#|      |#|                  `   
                     . \:\  /#/      .|#|   . |#|      |#|        `  `          
                          +X+    `    |#|  `  |#|      |#|                      
   '          .         /#/ \.\  .    |#|'    |#| '    |#|          `           
                      |#|     |#| '   |#| `   |#|      |#|
