---
source: tests/snapshot_modes.rs
assertion_line: 1519
expression: "render_t(&[\"42\", \"wada-v2\", \"nerv\"], \"7\")"
---
      ·                    ⠻⣀⣆ ⠏                        ⢉⣳⣛  ⠛⣟⣻ ⡟⠛⣾⣀⠉⣻⣿⠿⣤⠿⣶⣿⣯⣿⣿
                            ⢈⣉⣦✦⡾⣻⠿⣤⠷                    ⢟⡿⣾⣀ ⠿⠁⣯⣀⠛⠋⣦⠉⣽⣿ ⣟⠛⣿⣿⠙⣿⣿
                               ⠈⠙⡶⣻⡁⠘⡀ ⣸           ⣤⢻⣰·⢀  ⣫⠉⠋⣾⣴⠛ ⣿⡿ ⢻⠿ ⣿ ⡿⠉⠛⣿⢿⠈⠻
                                    ⠈⠻·⣠⡀           ⣰⣮⡍⠉⢛⢿⣤⣛· ⡻⣫  ⣿  ⣿ ⣿ ⣿  ⣿⣿⣿⣿
                                   ⢰⢟⡵⣛               ⣟⠷  ⣹⠟⠛  ⡝⠛  ⠉ ⠿·⠛ ⠿  ⠿·⣿⣿
                                   ⣧⠝⠙        ⢀⣀⡇⢃⠟⠖⡾⣆⣸⣩⠿   ⣷   ⠉  ⠉        ⠉⠻⠿⠻
        ·                         ⠛⠈⡈ ✦⣠+⠟⣀⡀   ⣠⠝⣭⠟⣍  ⠈⢝⢵⠉   ⠃                 ⠈
                     ·             ⠉⢉⣤⢟⢿⢻⣧⣜ ⠙⡄ ⢰⠃⠁⡶⡯⢹⠆   ⠈   ·                 ·
                    ·            ·    ⠘⠸⣇ ⡄⣆⠘ ⡇ ⠇⢠·⣠⡎⠻⠃                     ⢀⢀⣠⣿
                                ·        ⣦⠈⡈⡀⣄⣇⡇⢸⢀⣰⣴⣠⣀⠛               ⣀ ⣤  ⣿   ⢀
 ⢀⢀  ·                              ⢀⢽⠋⠋⣦ ⠉⣤⣉✦⣦⣧⢟⣥·⠛⣤⣀ ⡀⡄⣠   ⡄⢀  ⢿  ⣟ ⣾ ⣷⢀⠿⣤⣿⠛⠛⠿
⣾⣿⣿⣤       ·           ⡀           ⣤·⣀⣤⠿⣠ ⠉⠋⢉⡬⣭⢯⣧⡛⠻⣉⠋⣙⣄⢫⢻⠛⢽⡀⣤⠏⠛⣠⣠⠉⡾⣴ ⣿⠿⠉⣿ ⠿⠛ ⠿⠿ 
⣿  ⠙⣻ ·              ⢀⠿⠉⠙⣦⠘⡟⢀     ⢠ ⣧⠾⣶⣤⣤⣠⢁⢁⣁⠟⠁⢸⠘⡈⡉⠈⣀⠻⣠⠋·  ⠈⠈  ⠙⠈  ⠛  ⠈ ⠉       
⣿ ⢰⣴⣹⡛               ⣷ ⣤⠉⣉⠟⡙⢸⣦⢀    ⣦⢚⡺⣍       ⢰⡇ ⢹⠈⠙⠈⢹⡀⡀      ·         ·       
⠙⡄⣇⢀⢀⣷⣦             ⣄⡭⣤⣀⠋⢀⣴⣴⡕⢾⢨⡛⣰⣠⣀⣤⠽⢹⡛⢥⣙⠟⠋⠃⠁   ⢸⡀⠈⣦⠯⣹+⠻⣍                     ⣴ 
⣦⣬·⣯⠁⠃⡿⣤            ⢿⠚⠿⢤ ⡿  ⠘⡌⢷·⣶⣀⢀⢀⠛⠊⠘⡙⢥·⠁·    ⠈⠈⠙⠉⠈  ⠙⢞  ⢀✦⣛   ⣤   ⣤  ⣶ ⢀⢀ ⣿ +
⢛⣴⡿⣻⣸⢡⡟⠙⣣⢀          ⣤⢛⢫⡫ ⡞    ⠛⣉⣭⣋⢽⣠⣠⡇ ⡇⠙⠻⠟⠃     ·     ⠛⣶⣥⢳⠉ ⠿  ⣥⣟⡄ ⣶⡿  ⣹⣀ ⣶⢀+⣿⣿
⠋⠏⢸⠈⡸⢿⠿⠟⠇⣝⢛           ⡠⣯⣁⠿       ⠁⠃⡝⣟⣤⣰⣸⡇⡀ ·            ⠈    ✦⣸⡝ ⠈⣣⣠⣼⠁⣿⣴⠉⣿⣤⠉⠛⣿ ⣿
⢀ ⢸⡄⠙⡘⡛✦⠿⢋ ⠟⣶        ⢾⠘⣇⣛⡶⠛                                  ⣣  · ⣭⡛  ⠿⣿  ⣿⠋ ⠿⠿ 
⢠ ⠘⣿⡀⠈⣤⣦⣤⣛⢛⠿ ⠃⣶       ⠻⣈⣮⣛⠳⡍                                      ⠘    ⠻   ⠋  ⠛ 
 ⠇ ⠹⣿⣦⡀⠈⣤⣦⠛⣭⣴⣽⡀ ⠛⣶⣀    ⠈⠛⣷⡝⠿⢪                                            ·      
⠁⣿  ⠙⠛⠻⠿⣿⣴⢩⢷⣉⣁⢛⣠⠋⣠  ⠛⣿⣤⣄⣀⣤⣶⣱⣎⡙⣁⠃                                                
⢀ ⡇        ⠉⣷⣷⣯⣷⣀⠃⣶ ⠁⠟⣠⢀  ✦⣴⢡⠘⡈⠻⣤⠟⠁                                             
⠟⡿ ⡇    ·       ⠇⣭⡿⢰   ⠃⡟⣜⣸⣼⡇  ⠹⣆⡀
