---
source: tests/snapshot_modes.rs
expression: "render(&[\"42\", \"flowers\", \"ember\"])"
---
                                                                                
                                                                                
                                                                                
                                                                                
        ◆              ◠             ╱∧╲            ╔╥╗            ⠁⣤⠈          
       ◇✦◇            ◟◉◞            ⟨✧⟩            ╟╬╢            ⡇⣿⢸          
        ◆              ◡             ╲∨╱            ╚╨╝            ⢀⣶⡀          
                                                                                
                                                                                
      diamond        circle         star           box            braille
