---
source: tests/snapshot_modes.rs
expression: "render(&[\"42\", \"trees9\", \"moss\"])"
---
                                                                        ╱──❉    
                                                                       ╱        
                                                                     ╮┴╭        
                                                                     │ │        
 ◦ ◦       ✶  ✶                               ╭╮╭╮ ╭╮╭╮              ╲ ╱        
 ✶ ✶      ✶ ╱  ✶                             ╭╯╰✦╯✦╮╮╯╰╮              ╳         
   ╲     ✶  ╱             ✳   ✳   ✳          ✦╯╰╮ ╭✦╯╯╰✦             │ │        
    ✶     ╱               ✳╲ ✳✳✳ ╱             ╭╯ ╰╯╰╮ ◉             ╲ ╱        
      ╲  ╱              ╲ ╲╲✿✿✳╲│  ╱✳         ╭╰╮   ╭╯╮               ╳───❉     
        ╲               ✳✳ ✳│ ╲││ ╱╱         ╭╯╰╯   ╰╯╰╮             │ │  ○     
         ╲               ✳✳✿╲  │╱──          ✦╯╰╮╭┴╮╭╯╰✦             ╲ ╱        
          ╲              ╱✳──╲ ╱   ╲           ╭╯╮╭╯╰╮                ╳         
          ✶             ✳✳✳╱─╲│     ✳          ╰╯╰╯╯╰╯               │ │        
          │             ✳✳╱╱  │                   │                  ╲ ╱        
          │             ✿✳✳   │                   │                   ╳───❉     
          │                   │                   │                  │ │  ○     
          │                   │                   │                  ╲ ╱        
          │                   │                   │                   ╳         
      ╶───│               ─╲╱╰┴╯╱──             ◜└┬┘◉◠◝              │││        
          ┴─────╴        ╾─╱╲──╱╲──╼       ╶─◟◡◡◡◡◡◡◡◡◡◞            ╮╱│╲─╭      
          ╷  ╷                                                     ╱   │╲       
                                                                   ╷   ╷╷       
                                                                                
       Fractal            L-System             Dragon               Helix       
                                                                                
                                                                                
                                                                                
                                                                                
                                                                                
                                                                                
                                                                                
                                                                         ╱─❉    
                                                                     ╮┴──       
                                                                   ❉╲│ │        
                           ✿✳   ✳                   ✦                ╲ ╱        
                            ✳  ✳✳                   ╰╮                ╳         
        ◦                 ✳─╲  ✳╱✿✳           ╭✦    ╭╯╮              │ │        
        ✶                ✿✳✳─╲ ╱             ╭╯╮ ╭╮ ╰╯╰╮             ╲ ╱        
         ✶                 ─✳╲│              ✦╯╰╭╯┴╮╭╯╰✦              ╳         
          │                   │                ╭╰╮╭╯╰╮ ◉             │ │        
          │                   │                ╰╭✦╯╯╰╯               ╲ ╱        
          │                   │                 ╰╯│                   ╳         
       ╲╱╰┴╯╱─            ◜◠◉└┬┘◝                 │                  ╭┴─╮       
      ╾╱╲──╱╲─╼          ◟◡◡◡◡◡◡◡◡◡◞─╴          ╮╱│╲╭             ╶──╯  ╰──╴    
                                               ╱╱│                    ╷         
                                               ╷╷╷                              
                                                                                
       Fractal            L-System             Dragon               Helix
