---
source: tests/snapshot_modes.rs
assertion_line: 649
expression: "render(&[\"42\", \"mahoraga-3\", \"ember\"])"
---
  O                        ·           \/   ·  ·           ·          ·         
   · ·    ·            ·        ··      O\\ O              :  ··       O        
 O        O   O                          O \\  ·      :    ·   :  ·           ──
             +      ═══·════:══════════════◆══\                              O │
               *\:     ·:              ##    ## \\══│═════════   · O  ·|     · │
              #      │          │     # ·─\/  #   ·\│  ·             :·        │
             :       │          │·    #  /│\  #      \\     :   O  O           │
         ·         \\│:        │   ·| ◆/# │ #\◆      │ \\ · ·          O       │
                &   │\\·       │ o ·      ◆─     :· │     \  ·---%=@: /        │
   :         %%     │  \\      │·  ·   │@@-:│    |  │·      \--..-·/  ·        │
   |                     \\    │ o   /@@%++--+\     │    ======                │
               o ·        ·\\  │/@%****%+*-..++++++@@@%*==.. │ %%   *       ·· │
    O     O  O    │           \/@-& ..=*+*  .·.·.. ···:-   %%│· O    ·         │
                  │    \ ··  &@#\:& │%+*+*   .:   ·  ·   ·O* %·                │
 O                      \\ /@@ ·/ \ │*+--&   ·/    │   ·/    │     #··         │
           ·   · │       -\\-..│·   \\\%~~.#.-│·   │ // ·   │ ·      #O   ·  O │
 O           /─\ │  //  │===\\.│    ##\~%\   .     // ·     │  ·   * :       · │
        ─\──│  │─//     ---..│\\·   @%=~\= \\ \  /    · ·O·│ /· :        O     │
          : │ @│─│     │--...·  \ o @%.~~ \\ ://\\        //│ :    : ·         │
         // │  │:───   │===.│  ·  \│@* =  *.\\·  \\\\   /O │ ·                 │
            │@ │  :    @*..-│     @*\ ·--//│ ·\\    \\\     ···                │
O           ││││ -~~~--~   /   · │@*.│\// ·  ·  \\//   \\\  ··       ··        │
           :││o││ ~~-~-~-      · \=-//@=\·:     /·\\   ~--\\~     :          ·  
O  O     O  ││ ││          ~~~~--·//~-·~~~\  //-~---~\~--~-- \\       O      O
