---
source: tests/snapshot_modes.rs
assertion_line: 941
expression: "render(&[\"42\", \"sonnet-1-trees\", \"moss\"])"
---
                                                                                
                                                                                
                    ●∙                                   ││                     
                                                          │                     
                 ∙▒ ▓ ●         ◇                         ┃           ▓▓▒       
                 ▒ ├│           ◇                      ▒▓▓██▓▒       ▒▓▓▒ ·     
        ▒▓∙        ●│          ∙∙◆                     ░██▓██▒         │        
      ╱╱▒▓▓∙       ╲╲          ──              ·∙ ∙    ▒▓████▒         ┃        
      ╱╱∙         ││╱╱        ◇ │        ▒▒▓∙ ▒▓▓▒     ░▓████░         │        
      ─           ╱╱╱╱          │        ·∙∙─┃▒▒∙ ∙     ▒▓█▓░        ╷╱│╲╲╷     
     ╰┃╯         ┴╱┴▒░░       ∙·┴ ∙         ╰┃           ╰┴╯      ≈~┴┴╱~╲╲┴  ~  
─╴─────────────────╴╶─╴╴────╶────╶───╶───╴──╴──╴───────────╶─╶╶─╴──╶───╴──────  
   · ·        ·                   ·       ·   ·   ··         ·  ·  ·    ·       
  krummholz       fig       colonist     proproot      bottle        stilt      
                                                                                
                                                                                
                                                                                
                    ·                          ∙·∙·       ││           │        
      ─╱▒∙         ▒▒           ◇◆      ▒∙▓▓∙·▓▓▓∙        │          ∙ ▓▒       
      ╱──∙        ▒ ▓▒         ∙∙       ▒╲▒▒─┃∙▒▒      ▒▓▓██▓▒       ▒╱▓▓╲      
    ░ ┴┃░        ▒▒▒▒░·        ╰──∙      ● ░ ┃░░ ●      ░█┴╯░     ≈≈┴╱  │╲┴     
───╴─╶─╶─────╴────╴─╴─╶───╴──╴────╴─╴────╴╶───╴──╴───╴──╴─╴─────╶──╶────────╴─  
    ·          ·     ·         ·  ·  ·    ·         ·   ··    ·         ·       
  krummholz       fig       colonist     proproot      bottle        stilt
