---
source: tests/snapshot_modes.rs
assertion_line: 966
expression: "render_t(&[\"42\", \"haiku-2-forest\", \"moss\"], \"12\")"
---
                                                                                
                                                                                
                                                                                
                                                                                
● ●       ◇◇        ● ● ●       ◇                      ▓                     │  
 ●         ·  ◇◇◇   ●●        ◇ ◇ ◇        ◇◇◇         ▓                     │  
│●         │  ◇       │●●      ◇◇│◇        ◇│         ▓│       ◇  ˙         ├│┤ 
 ╱             ◇◇                                       ˇ     ◇◇                
              ◇               ◇◇ ╱                              ●  ●            
 ╱              ◇       ∙     ◇◇◇╱                            ◇ ●               
│             ◇│              ◇│◇╱            ├│┤              │● ●● ·          
                                                               ●●●●             
 ╱           ˙                                                  ● ●             
                                                                 ● ●            
                                                                ●               
│                               │                               ●│              
                                                                                
                                                                                
─▒▒─▒▒─▒▒─▒▒─▒▒─▒▒─▒▒─▒▒─▒▒─▒▒─▒▒─▒▒─▒▒─▒▒─▒▒─▒▒─▒▒─▒▒─▒▒─▒▒─▒▒─▒▒─▒▒─▒▒─▒▒─▒▒─▒
▒▒─▒▒─▒▒─▒▒─▒▒─▒▒─▒▒─▒▒─▒▒─▒▒─▒▒─▒▒─▒▒─▒▒─▒▒─▒▒─▒▒─▒▒─▒▒─▒▒─▒▒─▒▒─▒▒─▒▒─▒▒─▒▒─▒▒
▒─▒▒─▒▒─▒▒─▒▒─▒▒─▒▒─▒▒─▒▒─▒▒─▒▒─▒▒─▒▒─▒▒─▒▒─▒▒─▒▒─▒▒─▒▒─▒▒─▒▒─▒▒─▒▒─▒▒─▒▒─▒▒─▒▒─
─▒▒─▒▒─▒▒─▒▒─▒▒─▒▒─▒▒─▒▒─▒▒─▒▒─▒▒─▒▒─▒▒─▒▒─▒▒─▒▒─▒▒─▒▒─▒▒─▒▒─▒▒─▒▒─▒▒─▒▒─▒▒─▒▒─▒
▒▒─▒▒─▒▒─▒▒─▒▒─▒▒─▒▒─▒▒─▒▒─▒▒─▒▒─▒▒─▒▒─▒▒─▒▒─▒▒─▒▒─▒▒─▒▒─▒▒─▒▒─▒▒─▒▒─▒▒─▒▒─▒▒─▒▒
▒─▒▒─▒▒─▒▒─▒▒─▒▒─▒▒─▒▒─▒▒─▒▒─▒▒─▒▒─▒▒─▒▒─▒▒─▒▒─▒▒─▒▒─▒▒─▒▒─▒▒─▒▒─▒▒─▒▒─▒▒─▒▒─▒▒─
