---
source: tests/snapshot_modes.rs
assertion_line: 251
expression: "render(&[\"42\", \"trees10\"])"
---
                                                                                
                                                                                
   ╷                                        ╷                                   
   │          •  •             ╷         ○─╲│                                   
   ├─╶    ╷─••╷••╷ ╷•╷  ╷      │─╭ ╷╷   ╭╯  ┐      ╷                            
   │╷─├─╷   │╭┼─╮┼─╮╮╭┼─│ ╷    ├╰ ─╭ ╮──┤   │╱──╷ ╮┬╷╷                          
╷╮ │  ╷─├─│ ◇ │  │╭─┼─╮ ├─╭ ╷  │      · │   ┌     ╎╮╮┬╭                         
 ╴─┤  │ │ ◇ │ ╭┼─╮  │ ╷ │   ╮──┤  ╷  ✦  ╷──╲│    ╷╎╎╎│╎╷              ───│──    
   │  │ │   │ ││    │ ⡇─┤      │──╭   ╮─┤   ┐   ╮┬╎╎╎│╮┬╭          ✦╲╲╲╲╭──╱╱╱╱ 
   │ ╭╰╮│  ╭╯╭╯│    │   │ ╷    ├╰    · ╭╯   │╱──╎│╎╎╎│╎│╎         ✦✦╲╲╲ │  ╱╱╱╱✦
   ├─╶ │╰╮ │ │ │    │   ├─╭    │   ·✦  │    ┌   ╎│╎│││╎│╎         ●✦╲   │     ✦✦
   │   │ │ │ │ ╭─┼──╮╷╷ │  ╷  ╮┤     ╮─┤○──╲│   ╎│╎│││╎│╎  ▲      ✦     │     ● 
╮  │   │ │ │ │   │   ╮──┤  ╮── │  ╷    │    ┐    │ │││ │ ▲▪│▪▲          │       
╴──┤   │ │ │ │   │      │ ╷╷   ├──╭╷   │    │╱─╷ │ │││ │ ◆ │      ┼─────│─╮     
   │   └─┴┬┴─┘   │      ├──⡇   │    ╮─┤╯    ┌    ╭─╭┼──╮   │      │  ┊  │┊┊     
   │     │┃│     │    ╷ │  ⡇   │      │     │       │     ╭───────┼  ╎  │·╎     
   │     │┃│     │    ╮─┤      │   ╷  │     ╰╮      │     ┊┊┊  ┊  │  ┆  │ ┆     
   │     │┃│    │││     │      │    ╮─┤      │      │   ╒├╎╎╎┤╓╎  │  │  ╰╮│     
 ◜╱│╲◝   │┃│   ╰─┴─╯    │     ╱│╲     │    ◜└┬┘◝    │   │░┆┆·▒│┆  │  · ◜╱│╲◝    
·│◟┴◞│····│···╱╚·╩░╝╲···│···─╱╱┴╲╲─···│····╮═┴═╭····│···╘═·│══╛···│···◜│◟┴◞│····
················································································
················································································
················································································
················································································
