---
source: tests/snapshot_modes.rs
assertion_line: 281
expression: "render(&[\"42\", \"harbor\", \"arctic\"])"
---
         ·         ·             ·          │     │     ●                       
·      ·    ·                               │  ╲╲ │●╱╱◉│●●●●●●             ·    
               ○ ○○○─○○○ ○               ╲╲ │ ╱──╲·╱──●│●●●●●▄▄▄▄▄          ·   
            ▄▄▄▄ ▄▄▄─     ○○○            ▄▄▄▄▄▄╱╱●│●╲╲●│●╱╱●●████▪ ·   ·       ·
          ━━━━━━━━━━━│━▄▄· ╱╱○▄▄▄▄▄▄▄    ███▪██╲ ●│◉──╲+╱──●━━━━━━━━━━━│━ ▄▄▄   
         ○┃ █▪██ █▪█─│█▪█ ▄▄▄▄███▪███    ██▪███   │●╱╱●│●╲╲●┃██▪██     │  ███  ·
▄▄▄·▄▄▄▄▄▄┃╲▪███╱▪██─│▪██ █▪████▪████▄▄▄▄█▪████▄▄│▄▄  ▄▄▄▄▄ ┃█▪███▄▄▄▄▄│▄ ███   
█▪█ ██▪███┃ ████ ███─│███ ▪████▪████▪████▪██╱█▪██│█▪  ██▪██ ┃▪████▪██│█│█ ██▪▄▄▄
▪██ █▪████┃ ███▪─███◉│███ ████▪████▪████▪██│█╱███│▪█ ╲█▪███ ┃██╱█▪███│▪│█ █▪████
███ ▪████▪┃ ██▪█ ██▪─◆██▪ ███▪████▪████▪╱██│▪█╱██│██╲ ▪████│┃███╱████│█◆█ ╲████▪
∿─ ~≈∿─ ≈≈≈≈≈≈≈│≈≈≈≈≈≈ ~≈∿─ ~≈∿─ ~≈∿─ ~≈≈╱≈│≈╲≈╱≈│≈╲≈╱≈∿─ ~│∿─ ~≈╱─ ~│∿≈≈╲≈≈≈≈≈≈
 ~≈∿─≈≈≈≈≈≈╱≈≈≈│≈≈≈─ ~≈∿─ ~≈∿─ ~≈∿─ ~≈≈≈≈≈╱│╲≈≈≈╱│╲~≈∿╱ ~≈∿│ ~≈∿╲ ╱≈≈│≈≈╲≈≈≈≈≈≈≈
≈∿─≈≈≈│≈≈≈≈≈╱≈≈│≈─╲~≈∿─ ~≈∿─ ~≈∿─ ≈≈╲━━━━━━━━━╲━━━━╱─ ~╱∿─ │≈∿─╲~≈≈╱≈│≈╲≈≈≈≈≈≈≈≈
≈≈╱≈≈≈│≈≈≈≈≈≈╱∿│ ╲≈│─ ~≈∿─ ~≈∿─ ≈≈≈≈≈≈≈≈≈≈≈≈≈≈ ~≈∿─ ~≈∿─╱~≈│─ ╲≈≈≈≈≈╱│╲≈≈≈≈≈≈~≈∿
≈≈≈╱≈≈│≈≈╲≈≈∿─╱│╲╱─│~≈∿│ ~≈∿─≈≈≈≈≈≈≈≈≈≈≈≈≈≈─ ~≈∿─ ~≈∿─ ~≈╱─│~╲≈≈╲━━━━━━━━━╱~≈∿─ 
≈≈≈≈╱≈│≈╲≈∿─╲━━━━╱╱│╲─ │≈∿─≈≈≈≈≈≈≈≈≈≈≈≈≈≈─ ~≈∿─ ~≈∿─ ~≈∿─ ╱│╲≈≈≈≈≈≈≈≈≈≈≈ ~≈∿─ ~≈
━≈━≈━╱│╲━─━~━┃━ ╲━╱━━╱━│━≈━┃╲≈━≈━│┃≈━≈━─━┃━∿━ ━≈┃─━~━╲━━━━━━━━━━╱≈━≈━┃━~━∿━ ━≈━─
≈≈≈╲━━━━━╱≈∿─┃~≈∿─ ╱┃∿≈│≈≈≈╲≈≈≈╱≈│┃≈∿─ ~≈┃─ ~≈∿─┃~≈∿─≈≈┃≈≈≈≈≈≈┃≈≈≈≈─ ┃≈∿─ ~≈∿─ ~
≈≈~≈∿─┃~≈∿─ ~┃∿─ ~≈≈╱≈≈│≈≈╲┃≈≈≈≈╱│╲─ ~≈∿─┃~≈∿─ ~┃∿─≈≈≈≈┃≈≈≈≈≈≈┃≈≈─ ~≈┃─ ~≈∿─ ~≈∿
~≈∿─ ~┃∿─ ~≈∿┃ ~≈≈≈≈┃╱≈│≈╲≈┃≈╲━━━━━━━╱─ ~┃∿─ ~≈∿┃≈≈≈≈≈≈┃≈≈≈≈≈≈┃─ ~≈∿─┃~≈∿─ ~≈∿─≈
∿─ ~≈∿┃ ~≈∿─ ┃≈≈≈≈≈≈┃≈╱│╲≈≈┃~≈∿─ ~┃∿─ ~≈∿┃ ~≈∿≈≈┃≈≈≈≈≈≈┃≈≈≈≈∿─┃~≈∿─ ~┃∿─ ~≈∿─≈≈≈
 ~≈∿─ ┃≈∿─ ~≈┃≈≈≈≈≈╲━━━━━━━╱∿─ ~≈∿┃ ~≈∿─ ┃≈≈≈≈≈≈┃≈≈≈≈≈≈┃≈≈∿─ ~┃∿─ ~≈∿┃ ~≈∿≈≈≈≈≈≈
≈∿─ ~≈┃─ ≈≈≈≈┃≈≈≈≈≈≈┃≈≈ ~≈∿┃ ~≈∿─ ┃≈∿─ ~≈┃≈≈≈≈≈≈┃≈≈≈≈≈≈┃∿─ ~≈∿┃ ~≈∿─ ┃≈∿≈≈≈≈≈≈≈≈
─ ~≈∿─┃≈≈≈≈≈≈┃≈≈≈≈≈≈┃ ~≈∿─ ┃≈∿─ ~≈┃─ ~≈≈≈┃≈≈≈≈≈≈┃≈≈≈~≈∿┃ ~≈∿─ ┃≈∿─ ~≈┃≈≈≈≈≈≈≈≈≈≈
