---
source: tests/snapshot_modes.rs
assertion_line: 774
expression: "render(&[\"42\", \"polytope\", \"moss\"])"
---
                                                                                
                                                                                
                                                                                
────────────────────────────────────────────────────────────────────────────────
                                                                                
                                                                                
                                                                                
                                                                   ····o        
                                                              ·····   · ·       
                                      ●•::::····             .····   ·  ·       
                              ...    │\╲╲      ·..            · ·······  ·      
  .  .  . .  .  .  .  .  .  . ·.  . ││ /o╲.  .  ....  .  .  . ·.  .··.·.··.  .  
.  .   .  .  .  .   .  .  .   ·· .  │|/: :╲╲  .  .   .  .  .   .· .··.··.··..  .
   .  .   .   .  .   .   .  .  ::  │.|/. · .╲╲ .   .  .   .   .  o···.   .  .   
   .   .   .   .   .   .   .   .:• |/|:...  . \\.   .   .   .   .   .   .   .   
    .   .    .   .    .   .    . •·-------------\o   .   .    .   .    .   .    
 .    .    .   .    .    .    .    \|: .---------•    .    .    .   .    .    . 
   .    .    .     .    .    .    . ◆--- ::::::   .    .    .     .    .    .   
+·····+····+·····+·····+····+·····+·:::::::··:·:::·+····+·····+·····+····+·····+
····+·····+·····+·····+·····+·····+.··░░:░░░░░░░░░░░·····+·····+·····+·····+····
 :      :     :     :      :     :    ░░░░░░░░░░░░░░░      :     :     :      : 
······+·····+······+······+······+·····++·····+······+······+······+·····+······
    :      :      :      :      :      :       :      :      :      :      :    
 {3,3,3} 5-cell  yw+zw+xy  5v 10e      :       :       :      :       :      :
