---
source: tests/snapshot_modes.rs
assertion_line: 1395
expression: "render(&[\"1701\", \"prismata\", \"neon\", \"2\", \"2\", \"1\", \"8\", \"5\", \"0.3\", \"0.6\",\n\"0.5\", \"0.8\", \"0.5\"])"
---
███▓▒░              ░▓██████▒░░░░░░░░▒▒░          ░▓█████▒          ░▒▓███████▓▒
█▓▒               ░▒██████▒                       '░▓████▓░           ░▒▓███████
`              ░▒▓▓█████▓░       .                  ▒██████▓▒░   ,      ░▒▓█████
           ░▒▓█████████▓░                 ░▒▒        `,███████▓░          ░▒████
         ▒▓██████████▓▓░       ░▒▒▒░░  ░▓████.          ▒▓██████▓░          ▒███
        ▒████████▓▒░          ░▓██████▓███████▒           ░▓██████▓░        ░▓██
░       ░▓████▓▒░             ▒██████,███▓▓██,▓▒░░          ░▒███,█▓░       ░▓██
░        *████▓░              ▓███▓░▒▓█▓░ ░████████▓▒         ▓█████▒        ▒██
▓░       ░▓████▓         ░▒▓██████▓        ▓█▓▓██████▒        ▒█████▒'       ▒██
█▒        ▒█████▒    '  ░▓███████▓▓▒           ░█████▒        ▒█████▓        ░▓█
██▒        ▒█████▒       ░▓████▒              ▒█████▒         ▒█████▓        ░▓█
██▒ .      ░▓█████▒       ░▓█████▒             ▒████▓░       ░▓█████▒        ░▓█
██▒        ░▓█████▒        ░▓████▒               ▓████▒       ░▓████▓        ░▓█
██▒        ▒█████▓░       ░▓████░.           ██████████'       ▒█████▒        ░▓
██▒        ▒█████▒        ▒█████████▓   ▒▒   ▓██████▓▒░        ░▓████▓`        ▓
█▓▒        ▒█████▒   ,    ▒▓████████▓ ░████▓▓████▒              ▒█████▒        ▒
█▓░        ▒█████▒            ░░▒███████████████▓              ░▒█████▒        ▒
█▓░'       ▒▓█████▓░            ▒██████▓▒▒▓████▓            ░▒▓██████▓░        ▒
█▓░         ░▓██████▓░           ▒██▓▒       ░░        ▒▒▓▓█████████▓▒        ░▓
██▓░          ▒▓██████▓▒░     '  ░                    ▒███████████▓░          ▒█
███▓▒          ░▒.*█████▓░                          ░▓███████▓▓▒░           ░▓██
█████▓░          ░▒▓█████▒░                       ░▓██████▓░              ░▓████
███████▒░          ░▓█████▒░        ░▒▓▓▓▓▓▒▒▒▒▒▒▓██████▓▒        .     ░▓██████
▒▓██████▓▒          ▒██████▓░░░░▒▓▓███████████████████▓▒             ░▒▓██████▓░
