---
source: tests/snapshot_modes.rs
expression: "render(&[\"42\", \"boles3\", \"ember\"])"
---
                                                                                
                                                                                
      │            │            │            │            │            │        
      │                      ╔══╦══╗         │            │            │        
      │         ⢀⠿⠿⣾⠛⠁       ║▒▒║░░║       ╲◇│═╱         ─╱∧╲─         │        
Low          ⠂⣿⣶⣾⣷⣶⣿⣤⣶⣿⡀     ╚══╩══╝     ╘◆══╨══◇╛    ╴─╱╱∧╲╲─╶    ╮─╮═╨═╭─╭    
                                                                   │       ╯    
                                                                  ╰             
                                                                                
      │            │            │            │            │            │        
      │                      ╔══╦══╗         │            │            │        
      │          ⠂⠛⣿⠿⡀       ║░░║░▒║       ╲═│◇╱        ─╱∧╲─          │        
Mid            ⢀⣷⣿⣿⣿⣷⣿⣶⣶⠈    ╚══╩══╝     ╘◆══╨══◇╛    ╴─╱╱∧╲╲──╶   ╮─╮═╨═╭─╭    
                                                                   │       ╯    
                                                                  ╲             
                                                                                
      │            │            │            │            │            │        
      │                      ╔══╦══╗         │            │            │        
      │          ⠁⠛⣾⠿⠛⠁      ║░░║▒░║       ╲═│═─═╱      ─╱∧╲╲╲─        │        
High           ⠂⣷⣾⣷⣿⣷⣿⣶⣤⡀    ╚══╩══╝     ╘◆══╨══◇══◇═╴──╱╱∧╲╲╲╲─╶  ╮─╮═╨═╭───╭  
                                                                   │         │  
                                                                  ╲           ╱ 
                                                                                
  Croissant     Braille       Frame        Keel        Chevron     Buttress
