---
source: tests/snapshot_modes.rs
assertion_line: 448
expression: "render(&[\"42\", \"rhizome\", \"ember\"])"
---
╲╱╲╲╲╲╱╲╱╲╱╱╲╱╲╲╱╱╱╲╲╲╲╲╱╲╱╲╲╲╱╲╱╱╲╱╱╲╲╱╲╱╱╲╲╱╱╱╱╱╱╱╲╲╱╲╱╱╲╲╱╱╲╲╲╱╲╲╲╲╱╱╲╱╱╲╱╱╱╱
╲╲╲╲╱╱╱╲╱╱╱╱╱╲╲╱╲╲╲╲╲╲╲╲╲╲╱╲╱╲╱╲╱╲╱╲╲╱╱╲╲╲╱╲╱╱╲╲╱╲╱╲╱╱╲╲╲╱╱╲╱╲╲╲╲╱╲╱╱╲╱╱╲╲╱╱╱╲╲╲
╱╱╱╱╱╲╲╲╲╱├╲╱╱╱╲╲╲╲╱╱├╲╱╲╲╲╲╲╱╱╱╱╱╲╲╲╲├╲╱├╱╲╲╲╲╲╱╲╱╲╲╲╱╲╱├╱╱╲╱╲╱╱╲╲╱╱╲╲╲╲╱╲╱╱╲╲╱
╱╲╲╲╲╲╱╲╲╱│╲╱╱╱╱╱╱╲╱·╱╲╲╱╱╱╲╲╱╱╲╱╱╱╲╲╱│··╲·╲╱╱╱╱╱·╲╲╱╱╱╱·│╲╱╱╱╲╱╱╱╱╲╲╱╱╲╲╱╱╲╲╲╱╲
╱╱╲╲╲╱╱╱╱╱│╱╲╲╱╱╱╲╲╱╱╲│╲╱╲╱╱╱╱╲╱╲╱╱╲╱╲╱╲╲╱╲├╱╱╱╲╱╱╲╱╲╱╲╱╱╲╱╲╱╲╲╲╲╲╱╱╲╲╱╱╲╲╲╱╲╱╲╲
╲╲╲╲╱╱╱·╲╱│╱╱╲╱╲╱╲╲╱╲╲╲╱·╲╱╲╲╱╲╲╲╲╱╱╲╱│╲╱╲╲│╱╱╱╱╲╱╲╱╲╱╲╲╲│╲╱╲╲╱╲╲╱╲╱╱╱╱╱╱╲╲╱╱╱╱╱
╲╱╱╲╲╱╲╱╲╱│╲╲╱╲╱╱╲╲╱╲╲│╱╲╱╲╲╲╲╱╲╱╲·╱·╱╲╱╲╲╲╲╱╲╱╱╱╱╲╲╱╲╲╱╱│╲╲╱╲╱╱╲╱╲╲╱╲╲╲╱╱╱╲╲╲╲╲
╱╱╱╲╱╲╲╲╲╲╱╲╲╲╲╲╲╲╲╱╲╱╱╲╲╲╱╲╱╲╱╲╱╱╲╲╱╲╱╱╲╲╲│╱╱╲╲╱╲╲╲╲╱╲╱╲│╱╱╱╱╲╲╲╲╲╲╲╲╱╲╲╲╲╲╱╱╱╲
╲╲╲╲╱╱╲╱╱│╲╲╱╲╱╱╱╱╱╲╱╱│╱╲╱╲╱╲╱╲╱╲╲╲├·╲╲╱╲╲╱│╱╲╲╱╱╲╱╱╱╱╲╲╱│╱╲╱╱╱╲╱╱╲╱╱╲╱╲╲╱╱╲╱╲╱╲
╱╲╲╱╱╱╲╱╱│╱╲╲╱╱╱╲╱╱╱╱╲│╱╱╲╲╲╱╲╱╲╱╱╲╱╱╲╲╲╱╱╲│╲╲╱╱╲╱╱╱╱╱╱╲╱│╲╱╲╲╲╲╲╲╲╲╱╱╱╲╲╲╱╱╲╲╱╱
╲╲╱╱╲╲╱╱╱│╱╱╱╱╲╲╲╲╲╱╱╲│╱╲╲╲╲╱╱╲╱╱╱╲│╱╲╲╲╱╲╱╲├╲╲╲╲╲╲╲╱╱╱╲╱│╲╲╲╱╱╲╱╲╲╲╲╱╱╱╲╲╱╲╲╱╲╲
╱╱╲╱╲╱╲╱╱│╱╱╱╲╱╱╱╱╱╲╱╲│╲╱╱╱╱╲╱╱╱╲╱╲│╱╲╱╱╲╱╱╲│╱╱╱╲╲╲╱╱╱╱╱╲╱├╱╱╲╲╱╱╱╱╱╱╲╲╱╲╲╱╲╱╲╲╱
╱╱╲╱╱╱╲╲╲│╲╱╱╲╱╲╲╲╱╲╲├╲╱╲╲╲╲╱╱╱╲╱╱├╱╱╲╱╲╲╱╱╱│╱╱╱╲╱╱╲╲╲╱╲╱╱│╱╲╱╲╲╱╱╲╲╱╲╱╱╲╱╲╱╱╱╱╲
╲╲╱╲╲╲╱╱├╲╲╲╲╲╱╲╲╲╱╱╲│╱╲╲╲╲╱╲╱╲╱╲·│╲╲╲╲╱╱╱╱╲│╲╲╱╱╲╱╱╲╲╱╲╱╱│╲╲╲╱╱╲╲╲╱╲╲╱╲╲╱╱╲╱╱╲╱
╲╱╱╱╲╱╲╲│╲╲╱╲╲╱╲╱╲╲╲╲│╱╲╲╱╲╲╲╲╲╲╲╲│╱╱╱╱╲╱╱╱·╱╲╱╱╲╱╲╲╲╱╲╲╲├╱╲╱╲╲╱╲╲╱╲╱╱╱╱╲╲╲╱╲╱╲╱
╲╲╲╱╲╲╲╲╱├╲╱╱╱╱╱╱╱╲╱╲│╲╱╲╲╲╲╱╱╱╲╲╲│╲╱╱╱╲╲╲╲╲·╱╱╲╲╲╲╲╱╲╱╲╱│╲╲╱╲╲╲╱╱╱╲╲╱╱╱╲╱╲╱╱╱╲╲
╱╲╱╲╲╱╱╲╲│╱╲╱╱╱╲╲╲╲╲╱╱·╲╲╱╲╲╲╲╱╲╲╲│╱╲╱╱╱╱╲╱├╱╱╲╱╲╲╲╱╲╱╲╲╱│╱╱╲╲╱╲╲╲╱╲╲╱╲╲╲╱╱╲╲╱╱╲
╱╲╱╱╱╱╱╲╲│╱╱╱╱╲╲╲╱╲╲╲├╲╲╱╲╲╲╲╲╱╲╱╱│╲╱╱╲╱╲╱╲│╱╲╲╲╲╲╱╲╲╱╱╲╲│╲╲╲╱╱╱╲╱╱╲╲╲╲╱╲╲╲╱╲╲╱╲
╱╱╱╱╱╱╲╱╱╲╱╲╲╱╲╲╲╲╱╲╲╲╱╲╲╲╲╲╲╲╲╲╱╱╲╱╱╲╱╲╱╲╱╱╱╲╲╱╱╲╱╱╲╱╲╱╲╱╱╲╲╲╲╲╱╲╲╱╲╲╲╱╱╱╲╱╱╱╲╱
╱╲╲╲╱╲╲╲╱╲╱╱╲╲╲╲╲╱╲╱╲╱╱╲╱╱╲╲╲╱╲╱╱╲╲╲╲╲╱╲╱╱╱╱╱╲╱╲╱╲╲╲╱╱╱╱╲╲╱╲╲╱╲╱╱╲╱╱╱╲╱╱╱╱╲╲╱╲╱╲
╲╲╱╱╲╲╱╲╱╱╱╲╲╲╱╲╲╱╱╱╲╱╲╲╱╲╱╲╲╱╲╱╲╱╲╲╲╲╲╱╱╱╱╱╲╱╲╱╱╲╱╲╲╱╱╱╲╱╱╱╲╱╲╲╱╱╱╱╲╲╱╲╱╲╱╲╱╲╱╲
╲╲╱╱╱╱╲╲╲╱╱╱╲╲╲╲╲╲╱╱╱╲╲╱╲╲╱╲╲╲╱╲╱╱╲╱╱╱╲╲╲╲╲╲╱╲╲╲╱╱╱╱╱╱╲╲╱╱╲╱╲╱╱╱╱╱╲╱╲╱╲╲╲╲╱╱╲╲╱╱
╱╱╱╲╱╲╱╱╲╱╲╱╲╲╲╲╲╱╲╲╲╲╲╲╱╲╱╱╲╲╲╱╱╱╲╱╱╲╱╱╱╲╲╱╲╲╲╲╱╲╲╱╲╲╲╱╱╱╱╲╲╱╲╲╲╱╲╲╱╱╱╲╱╱╱╲╱╱╲╱
╲╲╱╱╲╱╲╲╱╲╲╲╲╲╱╱╱╲╱╲╲╱╲╱╱╱╱╱╲╱╲╱╲╲╱╲╲╲╲╱╲╱╱╲╱╲╲╱╱╱╲╱╱╱╲╲╱╱╱╲╲╱╱╲╱╱╲╱╱╱╲╲╲╲╱╲╱╲╲╲
