---
source: tests/snapshot_modes.rs
expression: "render(&[\"42\", \"bushes\", \"ember\"])"
---
                                                                      ║│▓║      
                               ╔╦╗                       ╱▵╲          ║│░║      
                               ╒╭─╯                      ╲▽╱         ╔╠╬═╣╗     
                              ╔│·││                    ─╱╱▵╲         ║█│▒▓║     
                              ╚╘═╧╛         ◇│◇         ╲╲▽╱         ║┌╭╯█║     
    ◜◟ ◞◡◝        ⠿⡇⠿       ╔═══╰╮╗        ◇◆│◆◇      ─╱╱╱△╲         ║│││░║     
   ◜│◟┴◞◠│◝     ⣶⣤⣶⣿⣶⣤⣶    ╱╚░╒══╤═╓     ◁◇══◆══◇▷   ─╱╱╱╱┴╲╲─      ╱╚└┴┘═╝╲    
      0            1          │░▒│░│         3            4           ┌─┬─┐     
                              ╘══╧═╛       ─◇│◇         ─╱▵╲─         │ │·│     
                   ⡇            ╰╮       ─◇─╳│◇─         ╲▽╱          └─┴─┘     
                 ⠁⠂⡀⠁⠂      ╒═══╤══╓    ◁═╳══◆══▷       ─╱△╲─          ╰╮       
   ◜◟┴│◝         ⢀⡀⡀⢀⡀⠂     │░▒░│▓▓│     ╳◆─◆│◆─         ╲▿╱        ┌──┬──┐     
   ◜◟┴│◝         ⠶⠶⡇⠛⠿⢸     │░▓░│░▒│      ◆─◆│◆╳       ──╱⟋╲──      │∙·│ ·│     
   ◜◞┴│◝        ⣿⣷⣾⣿⣿⣷      │···│·░│       ─◆│◆        ─╲╲∨╱╱─      │∙·│  │     
   ╮══┴══╭     ⣶⣤⣷⣤⣿⣶⣤⣾⣾    ╘═══╧══╛        ╳╨◆      ╴──══┴══───╶   └──┴──┘     
      6            7            8            9           ─╱∧╲─        11        
                                                        ╲∨╱                     
                              ┌─┬─┐                    ──╱∧╲──                  
                              │▒│░│                      ╲∨╱                    
                 ⡀⡇⣾⠛⡀       ╔╬╪╬╪╬╗                  ───╱╱∧╲───                
                ⠂⠿⠿⣿⢸⠁       ║░·║▒▒║        ╲│◇╱        ╲∨╱           ╱│╲       
             ⠂⣾⣿⣷⣶⣿⣿⣷⣷⠈      ║░·║░░║       ╲─│───╱  ───╱╱∧╲───       ╴─┼─╶      
            ⠈⣾⣶⣶⣤⣤⣤⣿⣶⣿⣷⠁     ╚══╩══╝     ╘◆══╨══◇══╛╴──╱╱╱∧╲╲─╶    ╮─╮═╨═╭──╭   
     12           13           14           15           16        │  17    │
