---
source: tests/snapshot_modes.rs
assertion_line: 331
expression: "render(&[\"42\", \"spiro\", \"deep\"])"
---
                                      ·           ·                          ·  
                                    ·                                           
                                                                                
                                  ╭──╮            ·     ·                       
                                  │  ╲                                          
                                  │╮ ╰│                          ·              
                                   ──╭╯                                         
                                    ───     ╭───╮  ─────○                       
                                    ││ ───╭─╯  ╭╯╭── ───                        
                                   ─│   ╭─╯────│─╱────               ·         ·
                                 ───   ─╯     ╱╯╱                               
                     ╭───────  ─╱─   ╭─╯    ╭─╯│╯                               
          · ·        ╰──────────    ╭╯  ⊙  ╭╯  │                ·               
                   ·    ─╱      ── ─╯     ─╯   │                                
                                 ╭╱     ╭─     ╰│                               
                                 │ ╲╮ ╭─╯ ──────│───·                ·          
                                ╭╯  ╭─╯────     ╰╲╮────                         
                           ·    ╰───╯│            ──  ╰│                        
                                  ── │             ╰───╯                        
                                 │╯ ╭╯                                          
              ·     ·            │ ╭╯                                           
                                 ╰─╯                                            
                                                                 ·
