---
source: tests/snapshot_modes.rs
expression: "render(&[\"42\", \"boles1\", \"ember\"])"
---
                                                                                
                                                                                
      │            │            │            │            │            │        
      │            │            │            │            │          ╔═╦═╗      
    ◜◟ ◞◝          │          ╔═╦═╗         ◇│◇          ╱∧╲         ║░│░║      
Low │◟┴◞│        ⣿⣶⣿⣶⣿        ╚▒╩░╝       ◁◇═◆═◇▷      ─╱╱┴╲╲─       ╚═╩═╝      
                                                                                
                                                                                
                                                                                
      │            │            │            │            │            │        
      │            │            │           ◇│◇           │          ╔═╦═╗      
    ◜◟ ◞◝         ⡇⡇⡇         ╔═╦═╗        ◇◆│◆◇         ╱∧╲         ║▒│·║      
Mid │◟┴◞│        ⣤⣾⣿⣾⣤        ╚·╩░╝       ◁◇═◆═◇▷      ─╱╱┴╲╲─      ╱╚═╩═╝╲     
                                                                                
                                                                                
                                                                                
      │            │            │            │            │            │        
      │            │            │           ◇│◇           │        ╔═══╦═╗      
   ◜◡◟ ◞◝        ⠿⠛⡇⠛⠿        ╔═╦══╗       ◇◆│◆◇       ─╱╱▵╲       ║▒·░│·║      
High◠◟┴◞│◝     ⣶⣿⣷⣿⣿⣿⣷⣿⣶     ╱╚░╩░░╝╲    ◁◇══◆══◇▷    ─╱╱╱┴╲╲─    ╱╚═══╩═╝╲     
                                                                                
                                                                                
                                                                                
  Crescent      Braille       Frame       Diamond      Chevron      Frame2
