---
source: tests/snapshot_modes.rs
expression: "render(&[\"42\", \"party\", \"ember\", \"0\", \"6\", \"50\", \"50\", \"none\", \"line\", \"0\"])"
---
                                                                                
                    ∙     · ·     ∙                                             
            ·  °   ·  ∙°         ·           ┌──────────────────────────────┐   
              ° °  ·  ∙· °· ·∙  ··· ·   ∙    │                              │   
            ·  ·   ··  ∙°         ·· °·      │                              │   
   ° ° ° °        ∙    °° ° · ··  ·∙  °∙··   │                              │   
 ∙·            °·∙ ··     · ····· ∙ · ·      │              ╲               │   
  ┌─────────────┐·   ∙ °∙  °  · °··   · ∙∙   │             ╱╲               │   
  │ ∙∙∙·∙ ··° · │∙°···∙ ∙∙∙∙∙∙ ··· ·    °·   │             ╱ ╲              │   
· │  ·  ··∙╱·   │°·°°  ·°°°·       ·······   │            ╱   ╲             │   
  │   ·╲╱╲·╲╱  °│∙∙ ┌─────────────────────┐  │     °      ╱    ╲      °°    │   
╲ │° ·∙╱·───────│·╲╲│╲·∙╲∙·│     │ °°╱╱ ◆·│  └──────────────────────────────┘   
 ·│°·╲°∙╲╲╲╲╲∙╲ │───│───╱╲╲│  ╱ ∙╱╲··╱╱◇✦◇│     · ° ° · ∙╱    °  ╲              
 ╲│╱°╲·°╲·╱°╱╲╲·│∙╱╲│╲╱╱─────── ·°╱ ╲╱╱╱◆╲│    ° ─╮╱·╲ ─╱···     ╲              
  │∙╱°╱╲·╲╱╱╱╲╲·│╱╱╲│╲╱╱╱╲╲╱╲╱╱───────────│    ╲┌──────────────┐  ╲ °  ∙        
 ╲│╱╱ ·╲╲╲╲╲∙·∙ │∙╲╱│╱╲╱╱╱╱╱╲╱╲╲╱╱╱╱╲╲╲╲│╲│─────│──────╱╯╲╲°╰°││ ° ╲    °°      
  └─────────────┘·╱╲│────────────┴──╲╱╲╲│╱│·╱╲ °│╲╱  ·∙╱╱╲╲╲╲╲││ ·┌───────┐     
     ∙ ╱ ╱· ╱∙°╲╲╲╱╱│╱╲╱╲╲╱╲╱╱╱╲╲╲╲╲╱╱╱╱│╱│ ╮╱·°│─╮╱╱╲╭─╮╲─╲│°°│  │╲╱╲∙╲╱·│     
  ╲╲·╱°  ╱╱╱╱ ╱╱·∙╲╱└─────────────────────┘ ··°·│·│   │ │  ╱╱∙╱│╲·│╱╱╲╲╲╱╲│     
 ╲╲    ∙° ╱╱ °╲╲∙ ╲╱╲╲╲╲╲°°╱╱╱╱╱╲╱╱╲°╱·╱╱╱     ╱└──────────────┘∙°│╱╱╲╲╲╱╲│     
╲∙  ╲╱ ° ╲╱ ╱  ╲∙╲╱╲°╲╲╲╲∙°╲∙╱╱╲╲╲╲╱╲╲╱╱╱°    ·°╲·╱╲°∙ ∙∙·   ·°  ╲│╱╲╲╱╱╲°│     
 ∙ ·°╲ ╲°∙ ╱ ∙╲╱╲∙ ╲╱╲╱╱  ╱╱╱╱ ╲°╲╲╱╲°╱∙∙╱      ∙·╮∙∙°╭─°│    °   └───────┘     
      ╲╱°  ╲ ╲∙╱╲ ╲╱╱ ╲ ╱  ╲ ╲╲· ╲╲╲╲   ∙                         ╲╲·╲╲ ╲       
   °╱╲∙ ╲     ╲·  ╱ ·╲╱╱°╲°╲╱╲╱ ∙╱·  ╱  ╲                         °╲     ╱
