---
source: tests/snapshot_modes.rs
assertion_line: 316
expression: "render(&[\"42\", \"fa3\", \"neon\"])"
---
  ∙                                                                             
                                                                                
                             ─────○     ───────────╲                   ·     ∙  
                     ───────╱────◌☉◌─    ──────────│───────╲│                   
               │────╱────────│──╲╲○  ────╲─╱───╲──╲──────╲·─⊕─  ╲               
            ╲ ─⊕──────╲╲────·╲│───   ──────│───────╲╲───    │· ─│───│           
         ───│╲ │     ────────·╱──────│  │☉ ╲───│─□─│─│      │ ─│───│───│        
     ∙ ──│───│─╲      ─────│·□╲──╲──⊕─╲─╱────╲─────╲ ─╲─╱─││ ─│───│───│──│      
     ──│──│ ─╲│─╲╲ ╱──│  ──╲╱○⊕─────│─◌△☉────◌○◌─││ ────⊕─○│· ───│╲─╲ ──│──│    
    ─│ ─│ ─╲ ──────○ │──╱  ╴◇─╲─○ ──╲╱◇○╶──╲─◌─△☉⊕───☉╱·╲─│·──│△ ─── ╲  ╲·╲╲╱   
    │○─│ ────── ·╱│╲⊕─── ○─│  │☉╲◌⊕─△ ─□│  ╲╱╱○───││ ──│  ─╲  ╱╲╲         ─⌬─│  
    ◌☉◌──      ·✦·  ─│ ☉──⊕─ △│ ○  ╱╲╲╲─⊕─╲╲⌬╲ ──⊕──── ╲│╱ ─·  ─│     ────╱·╲│  
   ╲ ○╲ ╲       │   │   ╱○ ☉△─╲─△─╲────│⊙│─╱·╲─☉ │ │ │☉──⊕─○─○  │ ────  ╲ │  │  
   │ ·│ ╲─ ╲   ──── │○  │△· ◇───│─││□╲│╴◇╶╲·✦·─☉─╲─╱─  ╱│╲ │· □◇──   ╱ ╲─ │  │  
  ·│─ │─ ╲╲ ╲── │──☉──⊕☉△─╲△ ─────╲─── □ △ ⊕· ·╲──╲⊕·│──  ╴◇╶ │──   ╲ ╲─ │─ │─  
    │─ │△ ───│    │──○╲╱──·│────  │───╱◇╱─╲─╱·○· ╱─○─○  ╱── ○╱─         ── │─   
     │─╱─╲─         │─⌬ ╱╲╲╲─  │─△│◇─□│───────────  ·─◇───│◌☉◌│── │   ·   ── ·  
       │─·       ╲ ╲─╱│╲──── ╲○╲△─△───╲───│╲│△◇─│─── ││──────────────·✦·─       
           ╲─ ╲──╲─────│───│─◌╲⊕☉─────    ││╱───────── ───│─────│───│─·─        
            │───│─────│╲╲╲──  ○╲     │────⊕───── ──────  ╲─│─────╱───           
                ╲────│──────    ╲───╲╲──╲─│─╲───╲─     ──╴◇╶╱────               
     ·     ∙         ╲────── ·  │·□─│────────────── ╱·    ╲─                    
                                 ───────────────────
