---
source: tests/snapshot_modes.rs
assertion_line: 326
expression: "render(&[\"42\", \"fa5\", \"neon\"])"
---
                                                                                
                                                                                
                               ╭─────┼───────────╮                              
 ·                    ╭────────╯────╯       ╰────╰────────╮                     
           ·     ╭────╯─╯╭⌬╮─────────────────────◜───   ╰─╰────╮                
            │╭───╯╯   ───╱      ──────────────    ╯╲──────    ─┼───╮            
          ╭─┼╯╯   ──── ╱╱ ───────────────╯───────────╲╲───────    ╰╰──╮         
        ╭─╯╯│  ─── ────────────────────────────────────╲╲──────────  │╰─╮       
      ╭─╯╭ ╮────────── ─────╱────────────────────────────╲╲ │╲╲ ─────⊕─ ╰─╮     
     ╭╯╯  ────   ╱╱╭╱│─────╱───────────────────────────────╲│─ ╲    ╱│   ╰╰╮    
    ╭╯╯  ╰│╯╲   ╱ ╱╱──────╱────────╭───╱─────╮──────────────╲╲──╲ ╱╱ │    ╰╰│   
    │╯    │ ╭╲╲──╱─╱╭────────────╭─╯──╱ △──◇───╮──╲────╱╲ ───────╱╲  │     ╰┼   
    │     │  ───╱ ╱  │─────╱╲ ╱──╯───⊕──⊙──○╱  ╭──╰ ╲╱─────│  ╱ ╱───╶ │     │   
    ┼╮     │╰ ╯╱─────── ╲╱────╲──╰─╮─▽──□────╭─╯──────────── ╱─╱──╲╲  │    ╭│   
    │╮╮    │ ╱╱ ╲──╲╲──────────────╰─────────╯────────╱────│─╱╱ ╱   ╲╲│   ╭╭╯   
     ╰╮╮   △╱   ╰╲╯─│╲─────────────────────────────╭─╱─────│╱ ╱╱   ────╶ ╭╭╯    
      ╰─╮ ╰╱╯──── ╲╲△ ╲╲────────────────────────────╱───── ╱─────────   ╭─╯     
        ╰─╮╰  ──────────╲╲────────────────────────────────╱─── ───  │╭╭─╯       
   °      ╰──╮╮    ───────╲╲──────────╭─╮────────────── ╱╱ ────   ╭╭┼─╯         
             ╰───┼─    ──────╭ ╮   ──────────────     ╭╱───   ╭╭───╯│           
                 ─────╮─╮   ──────────────────────────◇─╭─╭────╯                
                      ╰──────╰─╯────╮       ╭────╭────╯───╯                     
                               ╰───────────┼─────╯
