---
source: tests/snapshot_modes.rs
assertion_line: 436
expression: "render(&[\"42\", \"jelly2\", \"deep\"])"
---
                   .            ·                  °                            
     .   ˚                                                                      
                                                                        ·       
                                       ·                      ˚  ˚      ˚       
  ·             .                      ∘.        ·   ∘                          
  ˚   ∘                                                           ˚             
  ˚                                                                        ·    
      ˚            º                                                            
 ~ ~ ~         ┌───┐~ ~              º  ·~  ~~ ~            ˚ ∩ ~~ ~          ∘ 
      ~          │▒▒▒│     ~       ∩∩∩∩∩∩∩∩∩∩   ~~         ~~ ¦ ∘    ~          
          ~~~~     )|{    ┌───────┐   ∘ (∘ ∘)      ~~ ~~ ~                ~~  ~ 
                    |)}    │▒▒▒▒▒▒▒│){} }:}:)                                   
        ~~   ~~     |{)    ({}{}{}~)|}{ { {} )    ~   ~ ~            ~ ~ ~▄▄▄   
   ∩~           ~    )  )~~| {}{}{ }){  ¦ ¦{  )           ~             ▐░✦░▌~~~
  ~¦            ∩~~~ ~) ~) |{}} }  (|} ~ ~{}   )              ~  ~   ·   (░)    
                ¦ ·    ) | |}   {  | ) ·   {    )             .       °  ~      
                         )) )     ( (.     ·.   |          ·            (       
                          )  )    | |           |                      (        
                         ( )  )   |(            |                    (          
                            )  )   )           (                    (           
           .   º º           )                (   ·                (            
                                              |˚                   ~            
    ·                                                            ˚ ~·           
                                              ·                     )
