---
source: tests/snapshot_modes.rs
assertion_line: 510
expression: "render(&[\"42\", \"fireflies\", \"ember\", \"14\", \"1\", \"1\"])"
---
                                                    ····◉····                   
                                                    ···◉◉◉···                   
                                          ·         ··◉◉◉◉◉··                   
                                                    ···◉◉◉···                   
                                                    ····◉····                   
                                                     ·······                    
    ·∙·                                               ·····                     
    ∙✦∙                                                                         
    ·∙·                                                                         
                                                                                
                                      ·∙·                                       
                                      ∙✦∙                                       
                                      ·∙·       ✦                               
                                                                                
                                                                                
                                                                                
                                                                                
                                                                                
                                                                                
·  /|| ·ʌ    | ·| /· ʌ | ·       ·  ·  ·                    /ʌ     ·  ··  /|  ··
 ·     |  / /   /   /       ʌ       ·|      ʌʌ     |  · · · |ʌ/|/   ·|  ʌ/  ʌ·  
·  /  //  /·/  ·  ·      /   ʌ       ·  |   ·      ·   · ʌ·ʌ/| ʌ |    · ·/ ·|   
 ||· ·/ ʌ/  ·   /|·  /|·/·  ·  ʌ      | /  ·/     ʌ   /|·|| · /| ·   ···  ·ʌ   ·
ʌ|/ʌ/ /           ʌ/· ʌ  ʌ      ·    · ʌ·   ··|   ʌ· |  |/ // /         ·· /  /
