---
source: tests/snapshot_modes.rs
assertion_line: 1380
expression: "render_t(&[\"7\", \"opus-5-dover\", \"ember\", \"2\"], \"40\")"
---
                                                                                
                                                                                
                                                                                
                                                                                
                                                                                
                                                                                
                                                                                
                           (f)                                                  
                          //  :::                             (l)               
                        (9)--::::(i)----(e)::::(k)----      //           -(j)   
                           ---[7]---  --[0]::         ----[c]:::::::-[6]-       
                    (d)----     \\  ----  \                 \   ----     --(g)  
                                 (1):::   \                -(4)-                
                                       :::[2]----------(3)-                     
                                         //            |                        
                                      (8)             (5)                       
                                    --   ----         /                         
                                 (b)         -(a)::::(h)                        
                                                                                
                                                                                
                                                                                
                                                                                
                                                                                
 III. graph theory  |V| 22, |E| 28, tree + 7 chords, front 1.0/4
