---
source: tests/snapshot_modes.rs
expression: "render(&[\"42\", \"trees1\", \"ember\"])"
---
      │                                                                         
    ╴─┤                                                   ╷                     
      │                                                 ╷ │                     
      ├─╶                                               ╮─┤                     
   ╷╮ │                                                   │ ╷╷                  
    ╴─┤           ╷                                       ├──╭                  
      │ ╭╷        │ ╭╷             ╷─├╷╷  ╷ ╷    ╷  ╷ ╷╷  │          │          
      ├─╶         ├─╶         ╷─├─╷  │╭─┼─╮┼╮    ╭┼─╮ ╮───┤          │ ╷        
 ╷╮   │       ╷╮  ╰╮     ╷─├─╷  │    │  ╭┼─╮      │       │ ╷        ╷╮┬╭╷ ╷    
  ╴───┤        ╴───┤       │    │    │   │        │       ├─╭      ╷╮┬╎│╮┬╮┬╭   
      │            │       │    │   ╭╯   │   │    │     ╷ │       ╮┬╎│╎│╎│╎│╎   
      │            │       ╰╮   │   │    ╭───┼────╮     ╮─┤       ╎│╎│╎│╎│╎│╎   
      │         ─╱∧│─       │  ├│   │       ├│            │       ╎│╎│╎│╎│╎│╎   
     ╱│╲           ╲∨╱      │  ││   │       ││            │       ╎│╎│╱│╲│ │    
   ┌╱─│─╲       ──╱∧╲──     │   │   │       ││            │        │ │─│─│ │    
   │░·││           ╲∨╱      └───┴───┘       │            ╱│╲       ╭─╭─┼───╮    
   ╬╪╪╬╬═╗    ───╱∧╲───         │            ├          ⠈⢸⣾⠿⠈       ╔╬╪╬╪╬╗     
   ║░▓║░▒║         ╲∨╱         ╱│╲          ╱│╲         ⢀⢸⣾⠛⠈       ║▓·║░▓║     
   ║·░║░░║     ───╱∧╲───      ╲─│◇╱        ╴─┼─╶      ⢀⣤⣤⣶⣿⣷⣤⠈      ║░░║░▒║     
   ╚══╩══╝    ╴──╱╱∧╲╲──╶   ╘◆══╨══◇╛    ╮─╮═╨═╭──╭  ⠈⣷⣤⣤⣷⣿⣤⣤⣷⠁     ╚══╩══╝     
                                         │        │                             
                                        ╲          ╱                            
Spiral+StraigSpiral+WobCandelabra+OrganiSplit+Sine  Birch+GnarledDrooping+Sine  
   +Frame      +Chevron       +Keel      +Buttress    +Braille      +Frame
