---
source: src/mahoraga3.rs
assertion_line: 558
expression: "run(100, 40, 42, 0.0, 8.0)"
---
                                           *    \\                                                  
            │                                     \\  * +           *                 ──────        
    ~   ~   │                                        \                                │=  .│────────
    ~--~--~ ~   ~   ~   ~                             ◆\\                             │    ││=  .  .
    =======--~--~--~--~--  *~   ~   ~                 │   \◆◆      *       *          │.  .││       
    ~--~--~==============*--~--~--~--~  ~   ~  ◆~#### │ ###/\\          +             │    ││=  .  =
    ~   ~  --~--~--~--~--=============--~--~--~--~--~││ ~//#* \\~   * *               │=  =││       
            ~   ~   ~   ~~--~--~--~--~==============◉--~--~--~-*~\  ~   ~  ~          │    ││.  =  =
            │               ~   ~   ~ --~--~--~--~--========+*===--~--~-~--~-- ~   ~  │~  .││       
         o  │                           ~   ~ ##~ //~--~--~--~--~=============~--~--~--~--~~│. ~=  ~
            │                          *  ·    ##/  ~│  ~\##~   ~--~--~-~-+~--=============--~--~--~
            │                       +   o  o ·◆◆ ####│#### *◆       ~   ~ \~  ~--~--~--~--~=========
            │                                ·      ◆│                       \ ~   ~  │~  =--~--~--~
   o        │                   ·      ·*    ·    /@@**+       *                      │    ~│. ~=  ~
            │          \   +           ·        *@*@*-::-       *                     │.  =││       
            │            \             ·+ *    /@@@+:  :+\      ·                     │    ││.  .  =
            │              \                 /@@%*+++-:--*=\                          │=  =││       
   o  o     │                \       /@@*@%*%%***%*+==···.·%%@@%*%+*                  │    ││.  =  =
            │ ·                \    @@@*==+====**++*=:.·.:++====::::\               · │=  =││       
                                 \\@@*+=* ·..·.+*+++   . · .·... +-:=        ·        │    ││.  =  =
                                /@%\\ .::-:::*++***+  .    :::--@*.:=\                │.  =│   ·· · 
           ·                   /@%*..\\/o  @@*+++***   .  .:│  \@*+.:=\         ·     │    │ O  O   
        o                     @@@* ·:/ \\  @@+=+===.      .-    %%+::==               │.  =│        
                          \ /-@%+ ··/  · \\@@*=--:: .    ·:     \%%+.:--\             │    │       O
o  o o  o  ·        ·    │=\---....│      #\\#===== -....--      ========             │=  .│        
           ·             │---\=====    · │ #==\~===-     ..      =====//│             │    │       O
           │      ·     │----..\..│    ·  ##= \~\==      -/      ---//.-│    ·        │.  =│        
           │            │=======│\│       │@%=~~\\\   .··│       │/-....│  ·          │    │        
                        ----....   \   ·  │@@+ ==~ \\  ·:│     //=======│  ·      ─ ──│.  =│        
                    ·· │---....│    \\    │@%% ~~~   *\:\\···/ ·│----...│         │=  │    │        
  o       │    ·   ··  ----....·      \\  @@%+~~~=   + :\\/\   o│----....    // · │   │.  .│        
          │   ·        @@@+-·=/      ·  \\@@*.=~~   * .://\\\\\ │----....  /   · ││.  │    │·   O   
    o     │           │@*+ .::│       ·o@@\\%.--...%*./:    \\\\\===%=-=//·      │    │.  =│        
          │ ·          \+=:::/         │@%* \\:  │@//.::·     \\·\\\- /.:│       │=  =│    │        
          │     ·   ·  ·               @@* .·│\  //+ ··-·o  o   \\*//\\/         │    │=  =│·       
          │             ·             │@%* ·:  /\%%* .:-        //\\   \\        │.  .│    │    O  O
          │         ───        ─      @%-·.-// @%+\+.·:-·     /           \\     │    │=  .         
          │                            ─= /     \+--\.·/─  //                \\ ───   │    ·    O  O
    o        ·  ─   ·  ·           ·             \   \\ //             ─         \     ·            
     ──     ·       ·  ─   ·            /      ·      //\ \·    ·          ·    ──·  ·     ·
