---
source: src/main.rs
assertion_line: 14131
expression: "grid_to_string(&morph_pair().frame(0.5, \"dissolve\"))"
---
                                                                                
                               ·  ·    ∙  ∙ ·  ·                                
                      ··  ∙  •∙  ∙  ••  ∙  • ∙ • ∙  ∙   ·                       
                  ∙   ∙  •     ◦◦  ◦ ◦◦  ◦◦  ◦  ◦  •  •   ∙  ∙ ·                
                  •∙  • ◦◦ ◦◦ ○○ ◌○ ◌○  ○ ○○  ○   ○     •◦   • ∙                
                •  •  ◦ ○   ○ ◌  ✦ ◌ ✦   ◌   ✦ ◌   ○◌  ○○ ○  ◦ • ∙ ∙∙           
          ∙   •    ○        ✦ ✦  ✦ ✦ ✦  ✦ ✦ ◆✦ ✦✦    ✦◌ ◌○◌ ○  ◦    ∙ · ·       
         ∙ ••  ◦ ○  ◌  ◌✦  ✦   ◆ ◆ ◆ ◆ ◆    ◆  ◆◆◆   ✦ ✦✦ ◌  ○  ○    •  ∙ ·     
      ·   • ◦ ○ ○ ◌ ✦  ✦  ◆◆ ◆◆ ◆       ❀  ❀ ❀     ◆ ◆✦ ✦  ◌ ◌○  ◦ ◦ • •   ·    
    ·∙     ◦           ✦◆ ◆◆     ❀ ❀  ❀❀ ✺ ❀  ❀❀ ❀❀ ❀ ◆    ✦    ◌    ◦ • ∙∙ ·   
    ·  • ◦ ◦ ○  ◌ ✦    ◆  ◆❀ ❀❀   ✺      ✺✺ ✺   ❀ ❀❀ ❀ ◆◆   ✦✦    ○    • ••     
       •   ○  ○◌     ◆◆  ❀ ❀ ❀   ✺✺ ✺✺  ✺✺  ✺ ✺ ❀ ❀ ❀❀    ◆ ✦ ✦   ◌   ◦ • ∙     
    ∙ ∙  ◦   ○   ✦  ✦ ◆ ◆  ❀ ❀ ❀   ✺ ✺✺ ❁   ✺ ✺ ✺  ❀ ❀ ❀  ◆◆   ◌   ◌   ◦ •   ·  
    ∙∙   ◦◦○   ◌◌ ✦       ❀    ❀   ✺  ✺  ✺  ✺ ✺✺ ❀   ❀ ◆   ◆✦  ✦    ○ ◦ ◦   ∙·  
    ·    ◦   ○ ◌ ✦     ◆◆◆◆  ❀ ❀  ✺  ✺ ✺✺ ✺✺  ✺  ❀ ❀❀        ✦ ◌◌   ○ ◦ •   ·   
       •••  ◦ ○  ◌   ✦✦  ◆◆◆ ❀ ❀❀  ❀ ❀❀❀   ❀  ❀   ❀  ◆    ✦  ✦ ◌ ○ ◦  ◦ •       
     ··  •  ◦    ○     ✦   ◆  ◆   ❀◆      ❀❀ ❀❀  ◆       ✦  ◌    ○   •     ·    
        ·  ••     ○○  ◌  ✦       ◆◆ ◆ ◆ ◆   ◆   ◆ ✦ ◆✦  ◌◌◌    ○○ ◦   •         
         ∙  • •   ○ ○      ◌  ✦   ✦    ✦  ✦ ✦ ✦  ✦ ◌  ◌ ◌     ◦  •  •  ·        
           ∙·  ∙  •  ◦ ○    ◌ ◌  ✦◌   ◌✦      ◌ ◌  ◌  ◌    ○◦     ∙  ·          
              · ∙ ∙• • ◦  ◦◦○ ○  ○ ○ ◌  ◌    ○  ○  ○  ○ •◦  •  ∙                
                     ∙ • • •• ◦ ◦        ○  ○  ◦  ◦   •    ∙  ··                
                       ·    ∙∙ •  ∙ •∙ •   •  •  ∙  ·∙ ·   ·                    
                               ·   ·∙   ∙          ·
