---
source: src/opus_2_quasicrystal.rs
assertion_line: 606
expression: "run(80, 24, 42, 0.0)"
---
\;;///@@@@||ooooooooo\\&&x+xx+-++xx++-----,x\\|+//::::::::::::::|+\\:://;;;#    
\++/@@@@@@||oooooooooo\\x+:-x+-++xx++----...,\x+/:::::::::::::::||;\++/;;;;;%.  
/++\@@@@@@||oooooooo--x++++-x+:::::;;;::-----+x+::::::::::::::::||;/++\;;;;;;;# 
/oo\\\@@@@||oo-------x+:::\\.|;;;;;;;;;;;;;;+,x+++----::::::::::|+//@@\+x------#
--ooo\x@--x+------..//::;;;\\|;,,,,,,,,,,,//..,|;\+,--------::::x+x----++x--oooo
x++++++++xx+......//::;;;;,,,+,,,,......,/.....|;;;\\,,,,-xx+++++++x--;;;\\ooooo
---xxxx+++++--...//::;;;,,,,.|\\......../......|,,;;\\,------x+xx+-------;\\\ooo
:::::::::x++---+++--;;,,,,...|..\..:.::........|,,---++x-ooo//;;||,,,------++xxo
::::::::::x+\o//,,-------.......          .:---+-..,,,,\\:///;;;||,,,,,,,,,--x++
::::::::::|+x+/,,,,,......--:        *      ...|....,,,,;++;;;;;||,,,,,,,,,,,,,+
::::::::::x+/x\\,,,.........    *    |   *    :|.....,,,//\\;;;;||,,,,,,,,,,,,//
:::::::::/++Ooo\\,,........  |   \\  | //      :.....,//...\\\;;||,,,,,,,,,,///o
:::::::://x|Ooo::+,-----...  * - -  \|/  -- *  :-..../.......\\;||,,,,,,,,,+xx--
::::::://;x+------xx,,.....        - * -       :..-x+---......\\x|,,,----+++---;
---xxx++--++--:;;;,,\,.....  * - -  /|\  -- *  :../,,,;;------xx++-----x++;;;;;;
x++++++++xx+:::;;;,,,\,.....     //  | \\     :|./.,,,;;::-x+++++++x--x+/;;;;;;;
++x+/:::--x+-----;;,,,,\./..:   *    |   *  ...x..,,,-------,,,,|+x+x+++----;;;;
;++x::::::||,,.-------,/+.....:.     *   ..:..+x----...,,,,,,,,,||o/++&&&-------
//,\\:::::||,,,.......+x-+x-.|.....:::...---xx.|\.....,,,,,,,,,,||//:\\\&&&&&&&-
,,,,\\\:::||,,,,....//,,,,,\.x----.----..../...|,\\.,,,,,,,,,,,,x+/::::\\&&&&&&&
,,,,,,\\::||,,,,,,.//;;;,,,,x+---..-----,//....|,;\\,,,,,,,,,,,/++::::::\\\&&&&&
,,,,,,,\\:||,,,,,//:--------,+\.........+x----x+;;;;\\,,,,,,,,//x|::::::::\\&&--
,,,,,,,,\\x|,,-x+++----,,,,,,|:\\,,,.,//;;;;;;x+-----x+,,,,,///&||::::::---+++-#
---,,,,,--+++-++x;;;;;,,,,,,,|::\\,,,//;;;;;:::|;;;---+++-x++&&&x+---------,,\#
