---
source: src/mahoraga3.rs
assertion_line: 553
expression: "run(80, 24, 42, 0.0, 7.0)"
---
          ·                            \\                               O       
  O       ·                               \                   ·                ─
             O                             ◆\\                        O       ·│
                                      ◆◆######\\                               │
                       ·               #\\  / #  \                 O  O       ·│
                                     ◆#───◉─────◆  \\                          │
       O  O                           ##/ │ \ #      \\         O  O    O      │
                   \\            o ·  ◆ ##### ◆         \                      │
                     \\            ·    /@*+\     ·       \\ ·     O           │
              ·        \\       ·o ·   ─@* .│        ·                         │
               o          \      ─   ─@**+=:·-─   ─        ·   ·              O│
                          · \   @%*+++=*+*:. +===:-│    ·      ·               │
   O                         /\@% ·.··**+*  ..·:·-·-\     O   ·            O  ·│
                       \    /@%.\-/ @%+*+*   .: \%+.=\   ·    ·           O    │
                         \/--%.:  \ │*+-:   .·/  \%+:- ·/                     O│
   O             ·      │-\\-..│·  │\#\=~~  ..│·  --.//       ·                │
                        ====\\=     ##\\=\   .   │=/.          ··              │
   O    O  O           │--... \\·oo @% ~\\ \\ \ //===      O /·           O    │
               ·       │-...│·  \\ │@%.~~ \\ ://\\-..│ ·  //               O   │
  O             ·      @%..:│  ·  \│@* ~  *.\\· │\\\\│ //              O       │
              o            /     │@*\ ·- //│ ·\\ @* \/\  O  · ··               │
           ·                   · │@*·│\/@ ·│ ·  \\//   \\\  ·         ·        │
              o               ─· \--//%=\··     /  \      \\                  O 
       O      ─            ─   ···//      \─ //      \       \\        O   ·  ·
