---
source: src/fable_1_forest.rs
assertion_line: 636
expression: "run(80, 24, 42, 0.0)"
---
                    ·                                                           
      +                                ·                ·                       
                                                         ·       ▒▒▒▒▒          
                                                          +      ▒▒▓▒▒          
   ·           ·                                           ∙     ▒▒▒▒▒          
                                                                ·               
                                                                                
                                    +   ·                                  ·    
 ∙                                                              ·               
                               ~                          ·                     
░░░░░░░  ░░░░░                          ░░░░░░░░░░░░░░░░░░░░░                   
░▒▒▒▒╱◦░│     ░░░◦─│    ░┃◦░░┃░╵╵│╵░░│╱╱∙ ∙•│• ·╱ ·▒│▒░◦╲░▒  ░░•│─•░▒▒╲▒░░░░░ ▒│
▒▒◦░│▒░◦▒       ◦░•│░░░░ ┃─ ─┃∙╲╲∙╱  │○│    │  ╲▒   ┃▒▒╲▒◦░    •│    ░─╲░•│─•░░┃
▒───╱▒ │▒┃    ▒ │ ▒◦    ─ ╲─│ ✶ │░│   │░│  ✶│─• ┃   ┃░◦▒│─▒   •─┃  ·─◦░▒╱ ┃    ┃
 ╱◦╲∙ ▒╱▒┴╲╌  ∙▒┃◦╱┃╲∙  ┴┃┴┴┴┃│┴│░│╲╌╱│┃│╲◦╱┃╲││•╲╌╱▒▒──╱──▒▒ ◦╱┃╲ ┴┴──┃◦╱┃╲◦╌╱┴
 ▒──░▒│▒~  ░  ∙ ┃▒       ~    │ │▒│          •│─  ∙ ░◦░┃    ·░         ┃        
   ░◦░╲  ~░◦░   ┃             │─✶│ ~  ·       ◦   ~▒▒──╲     ◦░     ·  ┃        
   ▒╲▒▒╲ ▒▒╱▒╌╌╱┴╲╌       ~  •││┃│╲╌╌·      ·╱┃╲◦     ◦ ╲  ▒╱╱▒▒      ╱┴╲       
 ·╌╱▒╱╱╌┃──▒∙   ·             │◦  ·~   ∙   ∙   ~  ∙    ∙ ┃──▒            ·   ·  
∙·   ·  ┃  ·        ~   ·   ◦─│  ∙      ·   ·     ~      ┃   · · ~           ∙  
        ┃·∙·     ∙  ∙~   ~    ┃      ∙      ·    ∙∙      ┃  ~∙ ·∙    ∙ ∙·  ∙    
   ~  ~ ┃ ∙          ~     ◦◦╱┃╲· ·  ~        ~    ~∙    ┃          ~ ∙ ~       
 ∙∙∙ ╌╌╱┴╲╌ ·  ·∙  ∙ ·        ∙   ∙∙        ~  ·       ·╱┴╲╌╌╌·      ·∙ ◦     · 
 ~   ·      ∙   ·~       ~       ∙       ·  ∙       · ·  ∙            · ~  · ~·
