---
source: src/sonnet_1_forest.rs
assertion_line: 626
expression: "run(80, 24, 42, 0.0)"
---
◦                                         ·                                     
                               ◦          ·····             ∙  ∙                
            ∙                           ·░░▒▒▒░░·     · ◦         ∙             
  ◦      ◦                              ·░▒▒▒▒▒░·                     ·         
                                        ·░░▒▒▒░░·  ·                            
·               ∙                         ·····                                 
                                                               ∙                
               ·                   ·▒                                           
                 ·       ·         ╱╱                          ·                
─ ─     ─  ╴──   ─    ─  ─── ──  ╴╱╱▓       ─ ╴│││  ─ ──── ─ ─    ─  ││ ─ ╴──  ─
       ·∙                    ∙    ╱╱│││         │    ∙∙              │          
╴ ─∙ ──▒▓▒╴╴  ─  ╴── ╴── ────·∙──∙┃╯─│     ── ░█┼█▒∙╴··∙●──▒─  ╴─ ─∙─┃ ╴─╴ ∙  ··
       ▒▓∙         ·  ·            ∙ ┃        █▓█▓█▓▓▒∙▒▓ ▒ ▓▒  ∙   │┃          
   · ╷╱∙∙╲ ·     ∙∙   ·  ·    ∙    ░█┼█▒    · ███▓▓▒∙▒┃▒▒ ╲▒││     ░▓██░·       
──∙ ∙▒∙╱~╲·∙∙∙  ─·─  ╴── ──╴─  ─ ·░█▓██▓░  ─╴─╴╰┴─  ▒╰┃╯▒░▒┴─░──  ░▓▓▓▓▓░  ╴╴─╴ 
    ▓▓▒∙▒·▓∙▓▒▒ ▒▒       ∙        ░▓████░∙          ▒├▒▒       ∙ ░░████▓▒       
  · · ▒▒▒▓▓▓∙▓▓▒▒  ∙▒▓▓▒ ▓▓▓      ░█▓▓▓▓▒    ∙     ∙ │··         ░░█████░·   ∙ ∙
·        ┃ ∙▓▓▒∙    ∙▒▒┃∙▒●∙·  ·  ░███▓█▒  ·∙▒▒▒    ╲│││·        ░▒▓██▓▓░     · 
  ·─   ∙░┃─░▒│∙ ── · ╴╰┃ ─· ╴     ∙░▒▒▒▒ ∙ ∙▒▓▒▓─ ░─▒┴▒░░··─∙─·─∙ ░▓▓██▓▒·  ─·∙─
·    ··    ∙│││        ·     ∙ ∙    ∙▒▒▒∙ ∙ ▓▓∙▓                  ░▓██▓█▒       
     ∙·    ╱╱││        ··          ·∙╱───┃─·─∙·∙∙    ∙            ▒█▓█▓█░·      
   ∙ · ∙∙ │││╱│      ··           ∙┃│┃│  ┃  ┃│     ∙ ·          ·  ▒▓██▒    ·   
·        ∙ ╲╲╲╲╲   ·  · ·∙ ··      ·┃┃│  ┃  ┃│ ∙  ∙  ·   ··· ·    ·▒▓██░     · ·
       ░░░▒▒┴▒╲╲░░        ∙  ·  ·   ░░┴░∙┃ ░░·┴·    ∙·∙∙·∙·     ·    ┴╯     ·
