---
source: src/opus_2_trees.rs
assertion_line: 1352
expression: "run(80, 24, 42, 0.0)"
---
                                                                                
                                                                                
        ·      ╱                                          ▒                     
    ··░░▒│▒░╱──         ·  ·                          ▒▒▒▒▓▒▒▒▒           │     
 ··▒▒▒░▒│├──░▒▒▒      ·░░░░░··        ·▒▓▒·           ◡◡◡◡▓◡◡◡◡         ─▒▒─    
▒▒▒▓╲▓▒·│▓▓·░▒▓▓     ░▒▒───╱░░·      ·▒▓▓▓▒·              ▓              ▒      
▓▓▓░▒────┤▒▒·░▒╱    ·░▒╲▓▓│▒░·      ·░▒▓▓▓▒░·            ▓ ──           ╲       
░▒╲▒░  ·│░· ╱──      ··▒──│▒▒░      ·░▒▓▓▓▒░·            ▓ ▓◡─╶          ╲      
   ──╲  │├──           ░░▒│▒▒░·     ·░▒▓▓▓▒░·            ▓ ◡ ◡          │       
      ───┤             ·░▒│─●▒░·   ·░▒▓▓▓▓▓▒░·           ─ ─            │       
        │               ·░│░░░·   ╴──╱▓▓▓▓▓▒▒░·        ╴─◡▓▓─╶        ╲ ▓▒      
        ┃                 ╲··    ╴╱░▒▒──┤▓▓▒▒░·         ◡ ▓◡◡          ─▓▒      
        ┃╎             ·   ─╱     ╷──╱▓▓▓▓▓╲─╶·         ──▓──        ╲   ▒      
        ┃            ··░·· ╱      ●·░▒──├──▒╷·       ╴──◡◡▓◡◡──╶    ● ╲ ╱ ─┼    
        ┃           ·░░───╲        ·░▒▓▓▓▓▓╲●─╶       ◡◡  ▓  ◡◡        │   ▓    
      ──┃───         ··░·· │       ·░▒▓│├──▒░·          ──▓            │  ─┼─   
     ╱││ │╲│           ·   ╱           │┃│           ╴──▓▓▓       ╲     ──      
     │││ ││ ╲             ╱            │┃╿            ◡◡◡◡▓        ╲   ╲        
    ╱ ││ ││ │            │             │┃╿               ▓ ───      ─┼  │       
    │││     │            │             │┃│               ▓ ▓▓▒──     ┼▒▓▓    ╱  
    ││││ ││ │            ╱             │┃│             ───▒◡◡◡◡◡       ▓▓▓  ╱   
                        │              │┃│          ╴──◡▒▓▒    ·       ▓▓▓▓─    
╌─╌───╌╌───────╌────╌─╌─╌─╌───────╌───╌╌╌───────────╌─╌────────╌─╌─────────╌────
    MANGROVE         COLONY          BANYAN          BRACKET          CORAL
