---
source: src/main.rs
assertion_line: 15440
expression: grid_to_string(&grid)
---
·   ·   ·   ·   ·   ╭─╮ ◉   ◉ ││· │ │   ·   ·   ·   ·   ·   ·   ·   ·   ·   ·   
                    │ │     │ │   │╭╯                                           
·   ·   ·   ·   ·   ◉ ╰╮·   │ │ · ╰╯·   ·   ·   ·   ·   ·   ·   ·   ·   ·   ·   
                       │    │ │                                                 
·   ·   ·   ·   ·   ·  │·   ╰─╬ ·   ·   ·   ·   ·   ·   ·   ·   ·   ·   ·   ·   
                       │                                                        
·   ·   ·   ·   ·   ·  │·   ·   ·   ·   ·   ·   ·   ·   ·   ·   ·   ·   ·   ·   
                       │                                                        
·   ·   ·   ·   ·   ·  │╭╮  ·   ·   ·   ·   ·   ·   ·   ·   ·   ·   ·   ·   ·   
                       ╰╯│                                                      
·   ·   ·   ·   ·   ·│  ·│  ·   ·   ·   ·   ·   ·   ·   ·   ·   ·   ·   ·   ·   
                 ╭───╯   │                                                      
·   ·   ·   ·   ·╰───╮  ·│  ·   ·   ·   ·   ·   ·   ·   ·   ·   ·   ·   ·   ·│  
                    ╭╯                                                       ◉  
───╮·   ·   ·   ·   │   ·   ·   ·   ·   ·   ·   ·   ·   ·   ·   ·   ·   ·   ·╬──
   │                │                                                        │  
╭──╯·   ·   ·   ·   │  ╭╮   ·   ·   ·   ·   ·   ·   ·   ·   ·   ·   ·   ·   ·│  
╯                ◉  │ ╭╯│    ╭╮                                              ╰──
·   ·   ·   ·   ·╰──╯ │ │   ·││ ·   ╭╮  ·   ·   ·   ·   ·   ·   ·   ·   ·   ·   
                    ╭─╯ │    ││     ╰╬─╮                                        
·   ·   ·   ·   ·   │   ╬────╬╬ ·   ·│  ·   ·   ·   ·   ·   ·   ·   ·   ·   ·   
                    ╰─╮ │    ││      │                                          
·   ·   ·   ·   ·   · ╰─│   ·╰╬╮·   ╭╯  ·   ·   ·   ·   ·   ·   ·   ·   ·   ·   
                        │     ││  ╭─╬
