---
source: src/main.rs
assertion_line: 13493
expression: grid_to_string(&grid)
---
               ──────│              · · ▲                       ╲   ╷   ·   ╷   
 ·            ─│·····─│         ·  ·  ╱▪◆●╲                       ╲  ╲  ╷  ╱  ╱ 
              │·······╲              ╱▪╱●╲▪╲  ·    ·             ·  ─ ╲ │ ╱ ─   
       ·      │─·····│─               ╱●▫▪╲       ·                  ·╲╲│╱╱   · 
       ✦       │──────              ╱◆●╱▪╲●▫╲                 ╷ ╲ ╲ ─✦─●┃●─ ─ ╱·
          ✦                 · ╷✦     ╱▫▪◆●▫╲      ╷                    ╲┃╱·     
  ·                             ╲   ╷ ╱◆●▫╲ ╷   ╱   │ │   │   │   │ │ ╲ ╿ ╱     
    ╷    ╷     ╷     ╷     ✦      ╲╱▫▪◆╱▫╲◆●▫╲╱ ╭─┼─╮ ╭─┼─╮   ╭─┼─╮ ╭╲┼─┃  ╱  · 
  ✦ ╭─┼──╮     ╭──┼──╮         ✦ ·  ╱◆●▫▪◆●▫╲✦  ┊ ╭──┼──╮ ┊   ┊ ╭──┼╷─╮ ┃   ╷   
      ╭──────┼────╮                  ╱▫▪◆●▫╲   ╲╏╱ ╲╏│╏╱ ╲╏╱ ╲╏╱ ╲╏╵╏╱ ·┃╱   ╵  
             │                ╷ ╲ ╲ ─ ╱◆●▫╲ ─ ╱ ╱ ╷ ┆╭──────┼──────╮┆   ╿       
  ▲          │            ▲     ▲ ╱●▫▪◆╱▫╲◆●▫▪╲╲│╱╱╲│╲│╱ ╲│╱│╲│╱ ╲│╲│╱ ╲┃╱▲     
 ╱●╲         │       ╲ ╷ ╱●╲ ╷ ╱╷╲ ╱▪◆●▫▪◆●▫▪╲  ╎╱● ╎ ╎   ╎ │ ╎   ╎ ╎╲╷ ┃╷●╲    
╱●▫▪╲        │       ┼─╮╱●▫▪╲╭─┼╮●╲ ╱●▫▪◆●▫▪╲●╲╲╱╱▫╲┊╲┊╱ ╲┊╱│╲┊╱ ╲┊╲┊●╭┼┃╮▫▪╲   
╱╱▪╲●        │       ╲▪╱●╱▪╲●╱▪╱●╲▪╱╷╱▪◆●▫▪╲╷╲▪╱●╱╱ ╏ ╏   ╏ │ ╏   ╏ ╏──╮╿╱▪╲●╲  
╱▪◆●╲        │       ╭────┼────╮▫▪╲╵╱▪╱●▫▪╲●▫╵╲ ╱▪◆         │        ▪╲ ┃▪◆●╲   
 ╱●╲         │       ╲   ╱●╲   ╱▪╲   ╱●╱▪╲ ╱▪╲   ╱●         │        ╲  ┃╱●╲    
  │          │            │     │     │ │   │     │         │           ┃ │     
  │╱∧╲ ◠     │        ╔╥╗◠│     │     │ │   │     │         │           ╿◆│     
  │⟨✧⟩◟◉◞• ╱┬╲        ╟╬╢◉◞   • │     ╷ │   │•    │     ╿╌       ╷      ◇✦◇     
╱╲╱╲∨╱╱◡•●•●╱●╱╲╱╲╱╲╱╲╚╨╝◡╱╲╱•●•╱╲╱╲╱╲◉╲╱╲╱╲•●•╲╱╲╱╲╱╲╱╲◆●•╲╱╲╱╲╱◉╱╲╱╲╱╲╱◆╱╲╱╲╱╲
╲╱╲╱╲╱╲╱╲•╲╱╲╱╲╱╲╱╲╱╲╱╲╱╲╱╲╱╲╱•╱╲╱╲╱╲╱╲╱╲╱╲╱╲•╲╱╲╱╲╱╲╱╲╱●•╲╱╲╱╲╱╲╱╲╱╲╱╲╱╲╱╲╱╲╱╲╱
╱╲╱╲╱╲╱╲╱╲╱╲╱╲╱╲╱╲╱╲╱╲╱╲╱╲╱╲╱╲╱╲╱╲╱╲╱╲╱╲╱╲╱╲╱╲╱╲╱╲╱╲╱╲╱╲╱╲╱╲╱╲╱╲╱╲╱╲╱╲╱╲╱╲╱╲╱╲╱╲
╲╱╲╱╲╱╲╱╲╱╲╱╲╱╲╱╲╱╲╱╲╱╲╱╲╱╲╱╲╱╲╱╲╱╲╱╲╱╲╱╲╱╲╱╲╱╲╱╲╱╲╱╲╱╲╱╲╱╲╱╲╱╲╱╲╱╲╱╲╱╲╱╲╱╲╱╲╱╲╱
