---
source: src/main.rs
assertion_line: 14327
expression: "grid_to_string(&voronoi_flow_frame(80, 24, 3, 2.0, &pal))"
---
∙·∙·∙·∙·∙·∙·∙·∙·∙·∙·∙·∙·∙·∙◆∙·∙·∙·∙·∙┼∙·∙·∙·∙·∙·∙┼∙·∙·∙·∙·∙·∙·∙·∙┼∙·∙·∙·∙·∙·∙·∙·
·∙·∙·∙·∙·∙·∙·∙·∙·∙·∙·∙·∙·∙·∙·∙·∙·∙·∙┼∙·∙·∙·∙·∙·∙│∙·∙·∙·∙·∙·∙·∙·─┼∙·∙·∙·∙·∙·∙·∙·∙
──∙·∙·∙·∙·∙·∙·∙·∙·∙·∙·∙·∙·∙·∙·∙·∙·∙┼∙·∙·∙·∙·∙·∙·│·∙·∙·∙·∙·∙·──┼·∙·∙·∙·∙·∙·∙·∙·∙·
·│──·∙·∙·∙·∙·∙·∙·∙·∙·∙·∙·∙·∙·∙·∙·∙│∙·∙·∙·∙·∙·∙·∙┼∙·∙·∙·∙·∙─┼·∙┼∙·∙·∙·∙·∙·∙·∙·∙·∙
∙·∙│───·∙·∙·∙·∙·∙·∙·∙·∙·∙·∙·∙·∙·∙·┼·∙·∙·∙·∙·∙◆∙│∙·∙·∙·∙·─┼∙·∙┼∙·∙·∙·∙·∙·∙·∙·∙·∙·
·∙·∙·∙│──∙·∙·∙·∙·∙·∙·∙·∙·∙·∙·∙·∙·┼·∙·∙·∙·∙·∙·∙·┼·∙·◆·∙─┼·∙·∙┼∙·∙·∙·∙·∙·∙·∙·∙·∙·∙
∙·∙·∙·∙·│──·∙·∙·∙·∙·∙·∙·∙·∙·∙·∙·┼·∙·∙·∙·∙·∙·∙·│·∙·∙·─┼∙·∙·∙┼∙·∙·∙·∙·∙·∙·∙·∙·∙·∙·
·∙·∙·∙·∙·∙│──∙·∙·∙·∙·∙·∙·∙·∙·∙·┼·∙·∙·∙·∙·∙·∙·∙┼∙·──┼·∙·∙·∙│∙·∙·∙·∙·∙·∙·∙·∙·∙·∙·∙
∙·∙·∙·∙·∙·∙·│───∙·∙·∙·∙·∙·────┼──·∙·∙·∙·∙·∙·∙│∙─┼·∙·∙·∙·◆·┼·∙◆∙·∙·∙·∙·∙·∙·∙·∙·∙·
·∙·∙·∙·∙·∙·∙·∙·│─────────┼·∙·∙·∙│────────────┼┼∙·∙·∙·∙·∙·┼·∙·∙·∙·∙·∙·∙·∙·∙·∙·∙·∙
∙·∙·∙·∙·∙·∙·∙·∙┼∙·∙│─·∙·∙·∙·∙·∙·∙·│─∙·∙·∙·∙·∙·│───∙·∙·∙·┼·∙·∙·∙·∙·∙·∙·∙·∙·∙·∙·∙·
·∙·∙·∙·∙·∙·∙·∙┼∙·∙·∙│─·∙·∙·∙·∙·∙·∙·│·∙·∙·∙·∙·∙·∙·│──·∙·│·∙·∙·∙·∙·∙·∙·∙·∙·∙·∙·∙·∙
∙·∙·∙·∙·∙·∙·∙│∙·∙·∙·∙│─·∙·∙·∙·∙·∙·∙│─·∙·∙·∙·∙·∙·∙·∙│───┼∙·∙·∙·∙·∙·∙·∙·∙·∙·∙·∙───
·∙·∙·∙·∙·∙·∙·┼·∙·∙·∙·∙│∙·∙·∙·∙·∙·∙·∙│─·∙·∙·∙·∙·∙·∙·∙─┼│────∙·∙·∙·∙·∙·∙·∙·∙──┼∙·∙
∙·∙·∙·∙·∙·∙·┼·∙·∙·∙·∙·│─∙·∙·∙·∙·∙·∙·∙│─·∙·∙·∙·∙·∙·─┼∙·∙·∙·│───∙·∙·∙·∙·∙──┼∙·∙·∙·
·∙·∙·∙·∙·∙·┼·∙·∙·∙·∙·∙·│─∙·∙·∙·∙·∙·∙·∙│∙·∙·∙◆∙·∙─┼·∙·∙·∙·∙·∙·│────·∙──┼∙·∙·∙·∙·∙
∙·∙·∙·∙·∙─┼─∙·∙·∙·∙·∙·∙·│─∙·∙·∙·∙·∙·∙·│─∙·∙·∙·─┼∙·∙·∙·∙·∙·∙·∙·∙·∙│─┼∙·∙·∙·∙·∙·∙·
·∙·∙·∙──┼∙·│·∙·∙·∙·∙·∙·∙·┼─∙·∙·∙·∙◆∙·∙·│─∙·∙─┼·∙·∙·∙·∙·∙·∙·∙·∙·∙·∙┼∙·∙·∙·∙·∙·∙·∙
∙·∙·─┼∙·∙·∙│─·∙·∙·∙·∙·∙·┼·│──·∙·∙·∙·∙·∙·│──┼∙·∙·∙·◆·∙·∙·∙·∙·∙·∙·∙┼∙·∙·∙·∙·∙·∙·∙·
·──┼·∙·∙·∙·∙│─·∙·∙·∙·∙─┼·∙·∙│─·∙·∙·∙·∙·∙·│·∙·∙·∙·∙·∙·∙·∙·∙·∙·∙·∙│∙·∙·∙·∙·∙·∙·∙·∙
┼·∙·∙·∙·∙·∙·∙│∙·∙·∙·◆┼∙·∙·∙·∙│──∙·∙·∙·∙·∙┼∙·∙·∙·∙·∙·∙·∙·∙·∙·∙·∙·┼·∙·∙·∙·∙·∙·∙·∙·
·∙·∙·∙·∙·∙·∙·│─∙·∙·┼·∙◆∙·∙·∙·∙·│─∙·∙·∙·∙│∙·∙·∙·∙·∙·∙·∙·∙·∙·∙·∙·│·∙·∙·∙·∙·∙·∙·∙·∙
∙·∙·∙·∙·◆·∙·∙·│─∙─┼·∙·∙·∙·∙·∙·∙·│──·∙·∙·│·∙·∙·∙·∙·∙·∙·∙·∙·∙·∙·∙┼∙·∙·∙·∙·∙·∙·∙·∙◆
·∙·∙·∙·∙·∙·∙·∙·││∙·∙·∙·∙·∙·∙·∙·∙·∙│∙·∙·∙│∙·∙·∙·∙·∙·∙·∙·∙·∙·∙·∙│∙·∙·∙·∙·∙·∙·∙·∙·∙
