---
source: src/mahoraga5.rs
assertion_line: 1366
expression: "run(100, 40, 42, 0.0, 8.0, 6, 3, 0.3)"
---
          · │            ·                  ·  · OO· ·  ·OO·                      ·       :         
          · │:                                   O       OO          ··               ·      :      
      ·     │                 ·          :       OO      O*       ::         ·       ──────        ·
·-~-----~-~ ·    · :                           ·  OOOOOOO   ·                        │=  .│        ·
 --=========-~--~---·═════════════════════════════════════&═════════·═·══════════════│    │═       ·
· ---~~--=============-~--~~-· ··      :: :    %        * ** ◆◆:          ··         │.· .│         
 ·o  ·   ·---~~~-~~-============~~~~--· ·  +· ·      #*◆◆ #*###**# ◆◆   :            :    │ ·////// 
        :   │ \\\│ /·@-~~-~---===========~---~~%   */══ #** *│   **#  │    :         │=  =│ ·      ·
O           │   :│ @%+::-=·     · ~---~~-=====%====│  *++*#\ * //  ##││ ·    .       │   |│        ·
·           │    │ \%%=-:/\=      ││   ·/·-~-~---*====*+-*+--◉ &#─**#◆◆     ·.       │=  .│ ·   ·   
     o      │   ││  │\// .:│-     ││   /      ·~ *--~+*****+/**\  **#││      | ·     │    │        ·
          · │   ││  \-\=::/..-    │  /·  ·  /  /* ·│ #****+**+ \#\## ││              │:  .│ ·       
            │   ││   \=========   │/  o   /  /  *││  ##/**+││   ##\◆ │        ·      │    │ ·/@\/   
            │   │  ·  \---....--·/      / // |   *· //########*# ◆◆◆ │            · ·│./@@%*::/ :   
  o         │:  │      \---..../││    / //      │//◆@%###-**◆       ││       *     /-/@@%+ .\│      
·         ·:│  ·│·      \====/.-\│ // //      //│/@@****◆*◆◆ :· ·  ││           /==/@**  ·::/ ·   :·
            │  ││        \-/====+// /      // @@%@@%  .:     |     ││       ·/-----\+:.·\-│ ·       
   :      · │  ││ ·      /--...//*/   ·  //@@%*/@@*  ·//  ·     ·  ││   % /-------..\──./=│         
 : | o      │ ·││      // \  ////+*+\@// @@%──*@%+  ·/─=────── @%───@%  /%-----....../    │ :       
          · │  │· &        ////---://\+**│*+──────│****%*%**%/─%***+++│/==========/ ·│=  =│ ·       
        o · │· │  # #  *   // │\/──────/···│-===││││==++││=+│%%│++%·:·│--....../     │   ··         
:  ·   :  · │ &│% +%    %#   //││ \*──:--:││:·.·.·.....·....─+:│-:-%:=│\-..../  ·    ───────  ·  ·  
:           │ ││ %& &%& \# / ──────────────│────-│-:│---:──====│/*││  \·    ·        ─.  =·     O   
   ·        │ ││ % *%#&#        │·        │@%//──────\\ .:│       %      ·          │..  ··  :   ·  
  o     o   │ *──·  ·#  │        │   ·    │/##==~~~~--~\─  ──────·│                 │               
:      :    /     \─/   │    ·   │       /###==~=~~-...--\       │     ──────·     ││=  ==   %      
:    o    ·/│      \&   /        │       ##======~-..  ..-     · │           ·     ││      %   ·O  :
          / │      │  ─          │··     \==~~~~~      ..│       │   ·     ·      │││=  .           
:        │ /──     ││          │ ││    ·/@\#~~~~~      .│\      ││         ·     │││      *      : ·
 │   \\  /     │   \ \─────── ·  ││    @@@%\==~~~     .│--\     ││·  ·           ││     :  ·        
  \    : \       \/   /│       · ││   @@** .\=~~~     .·://\· · ││   ·       ─────│.           :    
     \ :  │─     /\  / │         ││  │@*─ .:/#=~~    .│/.·-=\   │            │=  ·│                 
  o    ──│   │//       │·            │@% ·:│ │#=~~   -*+=··-─ · │        ··  │   ││.: =  =       ·  
 ·       │   \         \             @%* ·:   \=~-. ..\%*─.·-\  │        ·   │.  ││                :
 ·   o   │  │/          \      /@@@%**@*.─│            \%*=·:-               │    │. ·=           : 
         │  │       ─    │     \%*+===+ ·:│      ·      \%+.·─@%\            │=   │                 
  o ·   o   │   /--:~│   │           \=-/                 @+.*%.: ·     ·    │    │=  =   ··   :    
  :   ··   │    /--~~│   │         ─                       \-·--/     ·      │. · │      ·   O      
   ::    · │   /  ---~   │----~-~-~--~~-·  / /       \                    -~-·~-~~:.  =·        ·   
           \\ /     · \── ─· :     /           ·~~~~~---·~·----~·    ─~-~-··----~-│  ·       ·
