---
source: src/arboretum.rs
assertion_line: 533
expression: plain(&g)
---
        ·         ·             ·   ·         
            ▓▓▒▒▒          ◍    ◍·      · ╷  ·
          ▓▓▓▓▓▓▓▓▓▓▓▓▓▓▓▓▓▓├▓▓╱▓▓▓▓╷▓▓▓  │   
 ✦     ╷  ░▓▒▒▓▓░▓▒ ▒   ▒▓∙ │ ╱ ⠄··╭╯,∙∙,●│"∙"
  ╲  ❋╱       ⠂     ⠄    ;  ╷├ ◆❉·,·∙,,╷·│·~,"
  ,╲ ╱          ╷   ╷    ,,"~│├,│╷",,,·│·│,"·~
~,"·├◉ ▒ ❀❉      ├╷╱ ●  ∙,╷"·╭╯─┬~,~·"~│·,·"·,
"·~·││,◆ ~      ·│╱  │ ╷~·,├,│┬·~····,~│"",~~·
,~,·╭─┬~·",~  ~▒,├"├"│,│·,~│,│·,∙·~,·~~,,,,,~·
·"·,│~,"∙·,,~∙·""│··,│·│""├"·│∙···∙·∙,·",,,,,·
,∙,,│,,···~,,~"∙├·",,,",·∙,,·∙~,·,,"·,∙·"∙,~·,
·~·,│·∙,"·,"·,∙~│"∙·,,~·,,~·∙····~·~·",,~··"∙~
,,,~,··~"~·"~~,·,,,","~·∙·",··",∙∙·""""··~"·,·
",·"·~",~,·,····,~,"~∙,∙·,··,~,~"∙",·~,··∙∙∙·"
