---
source: src/arboretum.rs
expression: plain(&g)
---
        ·         ·             ·   ·                                          ·      ·    ·                                                          
    ·                                                                                ·                                                                
      ·   ·       ·          ·              ·  ·                     ·         ··          ·                     ·                                    
                            ·   ·           ·◌                ╷     ╷                        ·          ·     ·        ·           ·    ·           · 
                                            ◌❉·    ╷✿ ◌·╷◍◌   ╷╲   ╱                            ·    ·                ·              ·              · 
         ·                ·                  ◌      ╲⣿·├❉ ├❋✶╷  ╲❋╱          ▓▓▓▓▓▓▓▓▓▓                   ··      ·                                   
                                   ·         ◆   ◌ ◌·╲◌│╷·│▓╱▓▓▓▓·▓▓▓▓  ·    ·▒▒ ∙▒·▓▓▓                 ·                                         ·   
    ·                ·       ·              ·   ◌   ◌❉┬╮◍┬╮╱░▒  ╱  ▓ ⠂   ·    ⠄       ⠂                         ·      ·        ·                     
               ·       ·                     ·   ◌ ◌◌◌ │ ─╯│   ╱   ~                      ·                                                       ·   
    ·               ·                         ◌ ◌· ❋╷◆◌│╱   ╲ ╱                                                              ·              ··        
                                              ◌ ◌╷ ├╮  ·◌    ├╷     ╷                                                       ·                  ·      
           ·            · ·      ·               ●├│─ ◌ ╲    │ ╲  ⠿╱✿                                          ·  ·            ·              ·      ·
        ·                   ·                · ◌  ╰╮◌ ▓▓▒╲   │  ╲·╱                             ·    ·                      ·                      ·  
            ··     ·                      ·     ◌▓▓│╷▓◌▓▓▓╲▓▓│▓▓▓·    ·                    ·                                              ·           
                           ·                    ·◌▓├▓▓▓▓▓▒⠂╲ │  ╱  ·              ·                                                                   
     ·       ·        ·      ·     ·           ❀╲ ╱│╱  ╷   ╷╲│ ╱                                          ·                      ·      ·  ·    ·     
               ·      ·   ·    ·         ·  ·  ╲├┬✳│ · ✳╲ ├  ├╱                                       · ·      ·                              ·       
                              ·                ╱··╲│   · ╲│├ ├    ╷   ╷                                  ·    ·                        ·            · 
        ·                       ·    ·    · ⠿╱─├│╲╲│─·    ·│ │     ├ ╱◆·           ╷   ╷                              · ·                       ··    
            ·  ·                            ╱  ┬·❀╲│╱      │ │     │╱❉     ·        ╲ ├◍                        ·                          ·          
·      ·                    · ·            ┬─·╱╱╲╲╱╷├      │├  ╲▲╱ │                 ╲│        ·   ·    ·                                · ·      ·   
         ✿❀       ·  ·                      ┬─╱──╷╱╲╲       ├  ├╱ ╱       ·  ·        ├ ╷                                                             
·⠿⣿✳⣿· ✳✶  ✶⣿                              ──╲─╲╱·┬─╮╲·╷ ◉  │╷∧│∧╱     ·           ╷  │├                             ·                                
✳⣿✶❀✶⣿✶ ⣿✳⣿✶ ❀❀     ·                      ╯╱╶╶╶╷╯  │⣿╭─┬◆╭───┬─·╱       ·      ·┆│┆  ││                                ·              ·            · 
✿⣿ ✶⣿✿⠿⠿❀ ⠿   ⣿⣿       ·  ·           ·" ~      ●╲·"│╱│∙"~├┬╱●,│ ⋏·              ·╱│╲ ├          ·                            ·  ·         ,          
 ⠿✳ ❀ ✶ ⠿ ✳   ✶ ·               · ·  ,∙·∙"∙,     ⣿╲,├┬│·"·│╱ ~·∙," ··  ·           │  │         ·                              "⋏       ⋏∙"~          
 ❀⣿ · ·❀✶✿·⣿,·~✿        ·   ·      w,,~~·,,∙" ─~,∙│┬╮"│∙╱│·,·,"∙,∙,",              │ ,│"                        ·            "·,"W;    ,,~,," W   ╷   
✳✳────⣿✿ ,,~",~·       ❀ ⣿ ⠿❀   ~  ",,∙·~····,,·,,│·│●,··││∙··,~,∙∙"~∙~ ·    ",· ,"·∙▒│·,,·",   ▒  · ,             ·         ,"·"∙",,,,·∙∙·~∙·~~⋏w│ " 
▒~⣿❀~ ├───,··,"·,~,   ⣿✿ ❀ "∙·,▒∙,·∙··,·∙~~,~,∙·"◉│··├┬─·││∙",✦"·,····∙· "  ,~·,··∙,▒~"~··~"",  ·⋏,∙▒∙~" ·w                 ▒,,∙·,▒,,·,,~~,,∙,∙""╭╯,,,
··,───├,,~,∙∙·,,·,~"⠿❀✶✿ ·▒∙,∙·∙"∙,···∙··,~∙"·∙,··├""│·╱┆│┆├─┬··,···,··╷─╷▒∙▒··,~,,·"∙~·,~,,·,∙·"∙▒,,·,∙∙,▒  ▒w "         ∙∙,∙,·~,╷,╷","∙··~~·"∙∙,",,,
∙,,,,┆├┆~,·∙,·~,,,",""··~·"",··∙,,,~""·,·"·~"∙·,·"│,∙│╱,┆│┆│∙∙·,··∙∙,·"│├│",~~·,,·,"·~"·""·∙~,,~,~~∙·,~,~·,∙~,"·,·       "·,·∙···"╷├╷~,"∙·,·,,~~~,"∙"·
∙,,··┆│┆~··,~∙·",·"·,,",·∙,""∙∙∙~,∙·","~·",,·∙·∙~·│,┆├┆,┆│┆│~"·~∙,,,·,~│├│,~,"·∙∙,··,··,,··~~·"∙∙∙·"∙"","~~∙·~·,·",  ,w❉~·,·,,·,,·│├│··,,,·,",,·"·,,"·
,···~·│"··,",··,~··"",,~∙───,,·,··"~"·"·~·~·~"··~"│╲┆│┆"┆│┆│,·"·"···∙·,,├,,·∙·,··,,"·"·"∙,~∙,·~·,,,~·~·∙·~··"∙,∙·,,,·~∙,∙···","∙"·,├,","·∙·∙,~·~·,,·,~
,·~┬╱├╪┤╱─·∙···~"·,,~∙~,,∙∙~├───,∙,·~,~","··~∙,∙~,│~╲│┆┆┬┆·∙,,·~∙·"··,,·│·,~·~~,∙,,∙∙,·∙··∙,~·,~~·~·,,,~·~,","··,"""·~,····∙·,~~·,╱~",,,,·∙∙,","·,···,
,∙╾│╲──╱╲─╼~",~,∙~,∙∙·∙~,,~·├,∙,"∙∙"∙~,·~,"∙·∙∙··~│·┆├┆│┆··,,∙",~,~,,,∙"│··,·"····"··,,·,,~··,,·",~"·,,,,~,∙,·,∙"·,·∙"·∙",·∙,,~∙,├·"··,,",·∙∙·"·∙·∙∙~·
"∙├,∙·",··""",",∙·""",∙,~·,∙│~·"~·,·∙~,∙,······,,,│∙┆│┆│┆∙,∙,∙··~,∙,∙╴╮═│═╭╶""∙,∙",∙"·"·~∙·~,,,,·,,~~"∙∙∙"~·∙,"·"·,,,,~∙,"∙"·∙·,·",··,"··"~",·"··~·,·,
~,│"∙,,,·●·~~",·,∙·"·,,∙"~~·,"❉,·,~∙·,"·~,,,,,,"~~│·┆⠛⢸⡇⠿⠶⠶··,··∙"··~∙│·~·│∙",∙~,,,~·"··"·,·∙·∙·,~"∙,··,·~∙,·,"·"··,,,"·",·~,·",,~·,∙,~∙·,·∙,",,,,"~~·
∙",├,·◉∙~·"∙"~·,∙··,"·∙,··,,··│∙∙",··~·,·,,"",∙·,∙│⣿⣿⣤⣤⣿⣤⣾⣶⣾"·,,",·,··╵,·∙╵·,,~··,"∙,····,,~",··"····,,∙~··∙∙~,",""··,~∙··∙,∙~,·"",,··,,··,∙·∙"""~···"
,··│,"·∙,,·"",∙","·"·,∙,",···,│●∙∙~,~·~·~~,"∙~~·~~│,┆│┆·,∙~"·~,,·,·,~"∙·~··"·,·~~""~,"∙·,,,·,·,,∙~,∙,∙·,",,∙∙··,∙·,,,·~···,"",,,·,",····,····,·,,,·",,
·",│,",∙~,~··""·"···,"∙·~~··∙∙│,~~,,,,∙"~·~,,~··~~│·┆│┆∙·,~∙··",~·~,∙·,~,∙·~"·"··~"·∙~∙∙·,"~,""",·,,,·,~~"∙,·~··~,,,∙,·"····",·,·"∙,∙∙~∙,,~∙,·~""·"·∙∙
·,├,"·,,∙~,",·,",·,∙∙,∙·~,,·,·│∙"·∙·∙∙,,··,,,,····,∙,~,,~,∙,·""~~,,",",··∙·~"·~""·∙∙,··∙,,"∙··"",,",··,···",·,·"",·"·∙∙∙,,·,·"∙,""~,,··∙∙·∙·,,",,∙",,∙
·∙│,,~∙·∙,~··",∙,,,,∙∙""∙∙◜◠◉◠│◠◝~∙,∙·,·"·,··~,·∙,~,,"·~"·,,∙","·"∙∙,,""~~"·~∙,∙~∙∙∙·,~~·~·~,,,~···,·"·∙""~·,∙,∙,,,,,·~·~,"·,·~~·~··~·,∙~~,"·∙~·"∙",,∙
"∙"├"",,·~·",,·∙,∙~",~"~∙◟◡◡◡◡◡◡◡◡◡◞─╴~,,"~,,∙"~·∙·,,,·"∙,",∙",·,·,∙~∙~"·"",,~,"·,""·∙,∙·,"∙,,,∙·∙···~,"~∙"∙"∙·,"·,,,,·,∙,~,,,··,~,·,·~∙,,,,,~∙""∙,·"~
·~~│~·,∙",∙,·,,~∙,·~,,",∙·,,~,·,,,""∙·,,"~~·······",·~,∙·,"·∙",,~"·∙"∙,~∙,~∙∙,"~·∙,,,·∙"∙"""·,·,,~,~∙"·~··,,~··,∙",~~,,"∙,",,",··∙"∙,~,··",~~,∙~·~,·∙·
∙~~∙·∙·∙,",~~"··~·∙···~~,~·∙~,"~,·,,",∙,""··,~∙,","∙"·~~·,·∙·,"·∙~~~∙"·"·,∙"~,,,,∙∙"·,,·∙,",··∙·,·~,·,"""·∙~,··,∙·∙··"·∙,·"∙~·,""∙~··,∙··∙·~∙·"·,~",·,
∙~∙,·,····~,,,·,~,·~"·"·,,,∙·∙·""~~·,"∙""∙",·,"~~,"",·~····~,,"·,·~··,∙"·,∙∙·,···∙",∙·,"∙,~"·",,"··∙",···,·,,··,~,~,···~~~,"~,····,,,∙,·,,,··"·,·"·~··
~·~∙,,·∙~,,"",,,·,~,∙∙"·,,,∙·~,∙~~,~,,·,∙,,,·,·~,,···∙~,·~·",··~"~·,∙∙·"∙,"∙",,"·∙,~,,,·,·,∙",,,,··~,∙,,,~∙∙∙·∙·~,~∙·~∙∙·,·,~,,·∙∙·∙"""·∙∙·~·,∙,"",,·∙
"~··",""~∙····"·,,~,···,,,,,~,",,~∙∙"∙~,,·,·~·"∙,·,,··,",,···,~·",,"··~,,·∙~,",·"·∙~·,,~~,"∙,··,,,~,,,·,",·"∙,,·,,,~","·""~,∙~,·,·""",~∙·"∙,~,∙"",~···
~·∙,,··,,"·,,·",,,"~∙∙,·,~,,·,",~,··∙~,∙,·,·~"~·,,·∙,···,∙·∙∙····",··,,,,··,,∙·,·,"",··∙"·,,·,··~~,,,·,,"·~∙,,,·"""∙··~~∙,~,~·"~",···,,··~·,,"·~∙~,,,,
~∙·,,·,"··∙··~·,~·,,"~··,·,,∙∙",·,··,·∙·∙·",∙,"~",~,,,~""··∙",·"·,,~",~"",·"·",,,,∙",,·,·,~··,""·~,,·,"~·,,~·,,,,·∙"·∙·,~"∙·"~·∙·",·∙~∙·,,·,","·∙····~
