---
source: src/opus_5_dover.rs
assertion_line: 1615
expression: "run(80, 24, 42, 0.0, 4.0)"
---
                                                                                
                                                                                
                                                                                
                                                                                
                                                                                
                                                                                
                                                                                
                                ===========:::::==                              
                             ====,,,:=    ====----::=                           
                            ==,,,,           ==+==----=                         
                           ==,,,              =+===----=                        
                           =,,:               =,,,,@,,,,=                       
                           =,::               =,,,,|,,,,=                       
                           ==::              =,,,,,,,,,,=                       
                            ==--=          =,,,,,,,,,,,==                       
                             ===,=++*===%%%%,,,,,,,,,,==                        
                               ,===,,%%%%%%%%,,,,,,===                          
                                  ========%,,=======                            
                                         ====                                   
                                                                                
                                                                                
                                                                                
                                                                                
 V. topology  1 half-twists, chi 0, side flip on lap 1
