---
source: src/haiku_1_torus.rs
assertion_line: 328
expression: output
---
|------------------------------------------------------------------------------|
|                                                                              |
|                                                                              |
|                                                                              |
|                                                                              |
|                                                                              |
|                                                                              |
|                                                                              |
|                                                                              |
|                                                                              |
|                                                                              |
|                                       *                                      |
|                                     :***:                                    |
|                                       *                                      |
|                                                                              |
|                                                                              |
|                                                                              |
|                                                                              |
|                                                                              |
|                                                                              |
|                                                                              |
|                                                                              |
|                                                                              |
|------------------------------------------------------------------------------|
