---
source: src/arboretum.rs
expression: plain(&g)
---
        ·         ·             ·   ·                                          ·      ·    ·                                                          
    ·                                                                                ·                                                                
      ·   ·       ·          ·              ·  ·                     ·         ··          ·                     ·                                    
                            ·   ·            ·                                               ·          ·     ·        ·           ·    ·           · 
                                            ·         ·                                         ·    ·                ·              ·              · 
         ·                ·                                                  ▓▓▓▓▓▓▓▓▓▓                   ··      ·                                   
                                   ·                  ▓▓▓▓▓▓▓▓▓▓▓▓▓▓▓▓  ·    ·▒▒ ∙▒·▓▓▓                 ·                                         ·   
    ·                ·       ·              ·         ~   ▓▓░▒  ·  ╷ ⠂   ·    ⠄       ⠂                         ·      ·        ·                     
               ·       ·                     ·            ∙·      ┆│┆                     ·                                                       ·   
    ·               ·                            ·                ╱│╲                                                        ·              ··        
                                                                 ┆┆│┆┆                                                      ·                  ·      
           ·            · ·      ·                                ╱│╲                                          ·  ·            ·              ·      ·
        ·                   ·                ·        ▓▓▒    ·   ·┆│┆                           ·    ·                      ·                      ·  
            ··     ·                      ·     ▓▓▓▓▓▓▓▓▓▓▓▓▓▓▓▓▓ ╱│╲ ·                    ·                                              ·           
                           ·                    ·⠂▓▓▓▓▓▓▓▒⠂∙     ┆┆│┆┆            ·                                                                   
     ·       ·        ·      ·     ·               ░            ╱╱╱│╲╲╲                                   ·                      ·      ·  ·    ·     
       ╷       ·      ·   ·    ·         ·  ·        ·           ┆┆│┆┆                                · ·      ·                              ·       
     ╱│╲                      ·                        ·       ╱╱╱╱│╲╲╲╲                                 ·    ·                        ·            · 
     ┆│◆·                       ·    ·    ·                    ┆┆┆┆│┆┆┆┆           ╷   ╷                              · ·                  ✶✶⠿❀❀··    
     ╱│╲    ·  ·                                ·              ╱╱╱╱│╲╲╲╲   ·        ╲ ├◍                        ·                   ✶⣿    ✿·❀✳⠿✶⣿⣿    
·    ┆│┆                    · ·            ·     ··        ·· ┆┆┆┆┆│┆┆┆┆┆            ╲│        ·   ·    ·                         ❀✶✿⣿✿✳✳·✶·⠿❀⠿⣿✿ ·   
    ╱╱│╲╲         ·  ·                      ··                ╱╱╱╱╱│╲╲╲╲╲ ·  ·        ├ ╷                                        ✿❀⠿⠿❀✳✿⠿✳⠿✶⠿✶✿✿⠿⣿✿   
·   ┆┆│┆┆                                             ·      ╲┆┆∧╱┆│┆◌ ┆┆          ╷  │├                             ·          ✳⣿✿✿ ⠿✶❀✶⣿✶ ⠿✳  ❀✶❀   
     ╱ │ ╲          ·                                   ⋏  ··╲╱╱∧╱╱│╲╲·╲╲·      ·┆│┆  ││                                ·       ✶✶❀  ❀ ·❀✶⠿───   ⠿⠿ · 
     ┆┆│┆┆╷            ·  ·          ,·"W~        ·"   ∙"~    ,┆┆┆┆│┆┆┆┆  ◌ ·◌◌  ·╱│╲ ├          ·                            ·✿✿·  ⣿───⣿❀╱, ✶✶  ✳⠿⠿  
      ╱│╲ ┆│┆,  ·               · ·  ,∙·∙"∙,      ",·,"·"∙," ~·╱╱╱╱│╲╲╲╲ ◌  ◌❉·◌   │  │         ·             ╷                "⣿ ⣿  ✿ ⋏╲├"───❀ ❀❀✿⠿  
    · ┆│┆ ·│,·~         ·   ·       ,,~~·,,∙", ~,∙∙·"""∙,,,,·,"┆┆┆┆│┆┆┆┆◌ ◌ ◌◌     │  │"                       ├·             ·,"❀❀ ✶───,├╱,";W❀✿✳╷   
  ·   ╱│╲┆┆│┆┆~·                ~  ",,∙·~····,,·,,··",,··,·∙··,~╱◆╱│◆╲╲◌·◌   ",· ◌"·∙▒│·,,·",   ▒  · ,         │  ╷·         ,"·"∙"✳ ,,·╲├·~∙·~~✿✳│ ";
▒~  ~ ┆│╱╱│╲╲,"·,~,W     ❀ "∙· ▒∙,·∙··,·∙~~,~,∙·"",··,~∙~,"∙",·◌·◌·◌┆┆┆──◌ ;✦~·◌··∙,▒~"~··~"",┬W· ,∙▒∙~" ·  ╷  ╭─┬          ▒,,∙·,▒,,·,┬┆├┆,∙,∙""╭╯,,,
··,",,"│,┆│┆∙·,,·,~";  ✿ ·▒∙,∙·∙"∙,···∙··,~∙"·∙,··,""··∙··,","··╱❉··,╲╲◌∙◌▒┼▒··,~◌,·"∙~·,~,,·,│·"∙▒,,·,∙∙,▒, ╲ │"         ∙∙,∙,·~,",,",│┆│┆~~●"∙∙,",,,
∙,,,,~,│~╱│╲,·~,,,",""··~·"",··∙,,,~""·,·"·~"∙·,·"·,∙∙∙,·,~"∙∙·◌·◌·◌·◌◌─◌─┬◌~◌·,◌·,"·~"·""·∙~,│~,~~∙·,~,~·,∙~,╲│,╷      ⋏"·,·∙···"~~∙●├"∙│,·,,~~~,"∙"·
∙,,··∙·│~·│╷~∙·",·"·,,",·∙,""∙∙∙~,∙·","~·",,·∙·∙~·,,·∙∙,"~,,~"·~∙·╱❉╲·~╲"╱╲◌,"·◌∙,··,··,,··~~├"∙∙∙·"∙"","~~∙·~·├├", ,, ❉~·,·,,·,,·",·╮─╮├●┤╭─╭,·"·,,"·
,···~·└◜══│═◝··,~··"",,~∙~~·,,·,··"~"·"·~·~·~"··~"··"··"∙··,,·"·"◌·◌·◌◌❀◌◌│╲◌✶◌··,,"·"·"∙,~∙,│~·,,,~·~·∙·~··"∙,││,,,·~∙,∙···","∙"·,·,│,├◉∙·∙,●·~·,,·,~
,·~"⠁⠿⠿⣿⡇⠁·∙···~"·,,~∙~,,∙∙~",··,∙,·~,~","··~∙,∙~,,~·,~~,~·∙,,·~∙╱╱◌╲╲╲╱╱├│◌·◌~✶∙,,∙∙,·∙··∙,~·├~~·~·,,,~·~,","·├,"""·~,····∙·,~~·,,~╲,,│,·∙∙,"╯"·,···,
,⢀⣶⣤⣤⣿⣷⣿⣾⣾⣿⣷⠈,~,∙~,∙∙·∙~,,~·",∙,"∙∙"∙~,·~,"∙·∙∙··~"·∙∙,,"··,,∙",~,┆│┆◌││✦·╱◌❀◌─╱··"··,,·,,~··,│·",~"·,,,,~,∙,·,│"·,·∙"·∙",·∙,,~∙,··"··,,",·∙∙·"·∙·∙∙~·
"∙~,∙·",··""",",∙·""",∙,~·,∙,~·"~·,·∙~,∙,······,,,"∙~~···∙,∙,∙··~,╱◆╲◌❀·╲❀───◌·╱∙",∙"·"·~∙·~,◉│,·,,~~"∙∙∙"~·∙,"│"·,,,,~∙,"∙"·∙·,·",··,"··"~",·"··~·,·,
~,∙"∙,,,·∙·~~",·,∙·"·,,∙"~~·,",,·,~∙·,"·~,,,,,,"~~···∙·,",···,··∙"┆│◌┬╱◌◌│──◌╲╲~╲,,~·"··"·,·∙├∙·,~"∙,··,·~∙,·,"│"··,,,"·",·~,·",,~·,∙,~∙·,·∙,",,,,"~~·
∙",·,··∙~·"∙"~·,∙··,"·∙,··,,··,∙∙",··~·,·,,"",∙·,∙,,~~∙,··∙,"·,,",╲·⠿◌╵│─··╲⠿╱~··╲"∙,····,,~"│··"····,,∙~··∙∙~,",""··,~∙··∙,∙~,·"",,··,,··,∙·∙"""~···"
,··~,"·∙,,·"",∙","·"·,∙,",···,────~,~·~·~~,"∙~~·~~,,·"∙·,∙~"·~,,·,◆┬─"◌·◌··"╱,·~~""~,"∙·,,,·,·├,∙~,∙◉∙·,",,∙∙··,∙·,,,·~···,"",,,·,",····,····,·,,,·",,
·",·,",∙~,~··""·"···,"∙·~~───├∙,~~,,,,∙"~·~,,~··~~,···,∙·,~∙··",~·╶───│~,∙·╱"·"··~"·∙~∙∙·,"~,"│",·,,,·,~~"∙,·~··~,,,∙,·"····",·,·"∙,∙∙~∙,,~∙,·~""·"·∙∙
·,·,"·,,∙~,",·,",·,∙∙,∙·~,,·,├∙∙"·∙·∙∙,,··,,,,····,∙,~,,~,∙,·""~~,,","┴────╴"·~""·∙∙,··∙,,"∙·│││,,",··,···",·,·"",·"·∙∙∙,,·,·"∙,""~,,··∙∙·∙·,,",,∙",,∙
·∙·,,~∙·∙,~··",∙,,,,∙∙""∙∙,,┆│┆"·~∙,∙·,·"·,··~,·∙,~,,"·~"·,,∙","·"∙∙,,╷"~~"·~∙,∙~∙∙∙·,~~·~·~╰─┴─╯··,·"·∙""~·,∙,∙,,,,,·~·~,"·,·~~·~··~·,∙~~,"·∙~·"∙",,∙
"∙","",,·~·",,·∙,∙~",~"~∙"·",│·"··"~,~~,,"~,,∙"~·∙·,,,·"∙,",∙",·,·,∙~∙~"·"",,~,"·,""·∙,∙·,"∙╚·╩░╝∙···~,"~∙"∙"∙·,"·,,,,·,∙,~,,,··,~,·,·~∙,,,,,~∙""∙,·"~
·~~,~·,∙",∙,·,,~∙,·~,,",∙·,,~,·,,,""∙·,,"~~·······",·~,∙·,"·∙",,~"·∙"∙,~∙,~∙∙,"~·∙,,,·∙"∙"""·,◉,◉~,~∙"·~··,,~··,∙",~~,,"∙,",,",··∙"∙,~,··",~~,∙~·~,·∙·
∙~~∙·∙·∙,",~~"··~·∙···~~,~·∙~,"~,·,,",∙,""··,~∙,","∙"·~~·,·∙·,"·∙~~~∙"·"·,∙"~,,,,∙∙"·,,·∙,",··∙·,·~,·,"""·∙~,··,∙·∙··"·∙,·"∙~·,""∙~··,∙··∙·~∙·"·,~",·,
∙~∙,·,····~,,,·,~,·~"·"·,,,∙·∙·""~~·,"∙""∙",·,"~~,"",·~····~,,"·,·~··,∙"·,∙∙·,···∙",∙·,"∙,~"·",,"··∙",···,·,,··,~,~,···~~~,"~,····,,,∙,·,,,··"·,·"·~··
~·~∙,,·∙~,,"",,,·,~,∙∙"·,,,∙·~,∙~~,~,,·,∙,,,·,·~,,···∙~,·~·",··~"~·,∙∙·"∙,"∙",,"·∙,~,,,·,·,∙",,,,··~,∙,,,~∙∙∙·∙·~,~∙·~∙∙·,·,~,,·∙∙·∙"""·∙∙·~·,∙,"",,·∙
"~··",""~∙····"·,,~,···,,,●,~,",,~∙∙"∙~,,·,·~·"∙,·,,··,",,···,~·",,"··~,,·∙~,",·"·∙~·,,~~,"∙,··,,,~,,,·,",·"∙,,·,,,~","·""~,∙~,·,·""",~∙·"∙,~,∙"",~···
~·∙,,··,,"·,,·",,,"~∙∙,·,~,,·,",~,··∙~,∙,·,·~"~·,,·∙,···,∙·∙∙····",··,,,,··,,∙·,·,"",··∙"·,,·,··~~,,,·,,"·~∙,,,·"""∙··~~∙,~,~·"~",···,,··~·,,"·~∙~,,,,
~∙·,,·,"··∙··~·,~·,,"~··,·,,∙∙",·,··,·∙·∙·",∙,"~",~,,,~""··∙",·"·,,~",~"",·"·",,,,∙",,·,·,~··,""·~,,·,"~·,,~·,,,,·∙"·∙·,~"∙·"~·∙·",·∙~∙·,,·,","·∙····~
