---
source: src/sauron.rs
expression: "run(100, 36, 42, 0.0)"
---
 ░▒▒  ·  ·░▒▒     ·░▒▒ ···  ░▒▒  · · ░▒▒   ·  ░▒▒    ··░▒▒··  · ░▒░ · ·  ░▒░   ·  ░▒░· ·· ·░▒░  · ··
      ▒▒░·     ▒▒░··   ·▒▒░   ·  ▒▒░ · ·  ▒▒░   ·░░▒▒░·░ ░··▒▒░    ··▒▒░  ·   ▒▒░  · ·░▒▒░···  ░▒▒░·
 ░▒▒░ ·  ·░▒▒░    ·░▒▒░···  ░▒▒░ · ·░░▒▒   ·  ░▒▒░░ ░··░▒▒··  ░ ░▒▒ · ·  ░▒▒   ·  ░▒▒· ·· ·░▒▒  · ··
      ▒▒░·     ▒▒░·    ░▒▒░   · ░▒▒░░· ░░░▒▒░ ▒░░░░▒▒░·░░░░░▒▒░░ ░ ░░▒▒░ ░·  ░▒▒░  · ·░▒▒░···  ░▒▒░·
 ░▒▒░ ·  ·░▒▒░    ·░▒▒░··░  ░▒▒░░·░░░░▒▒░ ░░░░░▒▒░▒ ░░░░▒▒░░  ░░░▒▒░░ ·  ░▒▒░  ·  ░▒▒░░·· ·░▒▒░░· ·░
░    ░░▒░░ ░  ░░▒░░ ░  ░░▒░░░░░░░░▒░░· ░▒░░▒░░▓▒▒▒░▒▒░░░░▒░░▒▒░░░░░░░▒▒░░░·░ ░▒▒░░ · ·░▒▒░··░░░░▒▒░░
  ░  ░░ ░·░   ░ ░░░░   ·░░░░░░·░░·▒·░·░░▒░░▒▒░▓▓▒▒▒░░▒▒▒░▒░▒░ ░░░░░░░ ·   ░░ ░ · ░ ░ ░ ··░··░░░░·░░░
░░░  ░░ ░·░   ░░░░░░   ·░░░░░░·░░░▒░░░░▒▒░▒▒▓▒▓▓▒▒▒▒░▒▒▒░▒▒▒▒░░░░░░░░ ·  ░░░ ░ ·   ░ ░░··░·░░░░░·░░░
░░░░ ░░ ░·░   ░░░░░░  ░·░░░░░░·░░░▒░░░·▒▒░▒▒▓▒▓▓▒▓▓▒▒▒▒▓░▓▒▒▒░░▒▒░░░░░░ ░░░░░░░░  ░░ ·░··░·░░░░░░░░░
░░░░  ░░░░░░ ░░░░░░░  ░░░░░░░░░░░░▒░▒▒▒▒▒░▒▒▓▒▓▓▒▓▓▒▒▒▒▓▒▓▒▒▒▒▒▒▒░░░░░░░░░░░░░░░░ ░░ ·░·░░·░░░░░░░░░
░░░░░ ░░░░░░░░░░░░░░░ ░░░░░░░░░░░▒▒·▒▒▒▒▒░▓▒▓▒▓▓▒▓▓▒▓▒▒▓▒▓▒▒▒▒▒▒▒▒░░░░░░░░░░░░░░░ ░·░·▒░░░·░░░░░░░░░
░░░▒░░░░░░░▒░░░░░░░░░░░░░░░░▒░░░░▒▒▒▒▒▒▓▒░▓▒▓▒▓▓▓▓▓▒▓▒▒▓▒▓▒▒▒▒▒▓▒▒░▒░░░░░▒░░▒░░░░░░░░·▒░░░░·░░░▒▒░░░
░░░▒░░░░░▒░▒░░░░░░░░░░░░░▒░░▒░▒░▒▒▓▒▒▒▒▓▓▒──────────────┬▓▓▓▒▒▓▓▒▒░▒▒░░░░▒░░▒░░░░░░░░░▒░░░░·░░▒▒▒░░░
░░░▒░░░░░▒░▒░░░░░▒░░▒░░░▒▒▒▒▒╭───────────┬      ╱         ────╲──────╮░░░▒░▒▒▒░░░░░░░░▒░░░░░▒░▒▒░▒▒▒
░░░░░▒░░░▒▒▒░░▒░▒▒▒▒▒░░░╭────╯                        ┃┃┃┃            ────╮▒▒▒░░░▒░░░░▒░░▒░░▒▒▒▒░▒▒▒
░▒▒░░▒▒░▒░▒▒░░▒░▒▒▒▒▒───╯          ╲      ░░░╱░░▒░╱┃┃┃┃┃┃┃┃┃┃░▒░░╱░░░▒     ╱─┬░░░▒░▒░░▒░░▒░░▒▒▒▒░▒▒▒
░▒▒▒░▒▒░▒▒▒▒░░▒▒▒▒▒╭┬░               ░╱░▒░░╱░░░▒╱┃┃┃┃┃┃◉◉┃┃┃┃┃┃╱░░░░╱░░░░╱░   ─╮░░░▒░░▒░░▒░▒▒▒▒▒▒▒▒▒
▒▒▒▒░▒▒░▒▒▒▒░░▒▒▒▒▒◆           ╱   ░╱░░▒░╱░░░░╱░░┃┃┃┃┃┃◉◉┃┃┃┃┃┃░░░╱▒░░░░░░▒░░  ╲░░▒▒░░▒░░▒░▒▒▒▒▒▒▒▒▒
▒▒▒▒░░▒▒▒▒▓▒░▒▒▒▒▒▒╰               ░░░▒╱░░░░╱▒░░░┃┃┃┃┃┃◉◉┃┃┃┃┃┃░░░▒░░░░░░▒░░░   ▒░▒▒░░▓░▒▒░▒▒▒▒▒▒▒▒▒
▒▓▒▒▒░▒▒▒▒▓▒▒▒▒▒▒▒▒▒▒┬             ╲ ╱░░░░╱░▒░░╱░┃┃┃┃┃┃◉◉┃┃┃┃┃┃░░▒░░░░░░▒░░╱  ▒▒▒░▒░░░▓▒▒▒░░▒▒▒▓▒▒▒▒
▒▒▒▓▒▒▒▒▒▓▒▓▒▒▒▒▒▒▒▒▒▒▒▒╰                 ░▒░╱░░░░▒┃┃┃┃┃┃┃┃┃┃░░░▒░░░░░     ▒▓▓•▒▒▒▒▒▒░▓▒▒▒░░▒▒▓▓▓▒▒▒
▒▒▒▓▒▒▒▒•▓▒▓▒▒▒▒▒▒▒▒▒▒▒▒▒▓▒▓▓╰                  ╱     ┃┃┃┃    ╲       ▒▒▒▓▒▒▓▓▒▒▒▒▒▒▒▒▓▒▒▒▒░▒▒▓▓▓▒▒▓
▒▒▒▓▒▒▒▒▒▓▒▓▒▒▒▒▒▓▒▓▒▒▒▒▓▓▓▓▓▓▓▓▓▓▓▓▓▓▓•▓▓                ▓▓▓▓▓▓▓▓▓▓▓▒▒▒▒▓▒▓▓▓▒▒▒▒▒▒▒▒▓▒▒▓▒▒▓▒▓▓▓▓▓▓
▒▒▒▓▒▒▒▒•▓▓▓▒▒▓▒▓▓▓▓▒▒▒▒▓▓▓▓▓▓▓▓▓▓▓▓▓▓▓▓▓▓▓▓▓▓▓▓▓▓▓▓▓▓▓▓▓▓▓▓▓▓▓▓▓▓▓▓▓▒▒▒▒▓▒▓▓▓▒▒▒▒▒▒▒▒▓▒▒▓▒▒▓▓▓▓▒▓▓▓
▒▓▓▒▒▓▒▒▓▓▓▓▒▒▓▒▓▓▓▓▒▒▒▒▓▓▓▓▓▓▓▓▓▓▓▓▓▓▓▓▓▓▓▓▓▓▓▓▓▓▓▓▓▓▓▓▓▓▓▓▓▓▓▓▓▓▓▓▓▒▒▒▒▓▓▓▓▓▒▒▒▒▒▓▒▒▓▒▒▓▒▒▓▓▓▓▓▓▓▓
▒▓▓▓▒▓▓▒▓▓▓▓▒▒▓▒▓▓▓▓▒▒▒▒▓▓▓▓▓▓▓▓▓▓▓▓▓▓▓▓▓▓▓▓▓▓▓▓▓▓▓▓▓▓▓▓▓▓▓▓▓▓▓▓▓▓▓▓▓▒▒▒▒▓▓▓▓▓▒▒▒▒▒▓▒▒▓▒▒▓▒▒▓▓▓▓▓▓▓▓
▓▓▓▓▒▒▓▒▓▓▓▓▒▒▓▓▓▓▓▓▒▒▓▒▓▓▓▓▓▓▓▓▓▓▓▓▓▓▓▓▓▓▓▓▓▓▓▓▓▓▓▓▓▓▓▓▓▓▓▓▓▓▓▓•▓▓▓▓▓▓▒▓▓▓▓▓▓▓▓▒▒▓▓▒▒▓▒▒▓▒▒▓▓▓▓▓▓▓▓
▓▓▓▓▒▒▒▓▓▓▓▓▒▒▓▓•▓▓▓▒▒▓▓▓▓▓▓▓▓▓▓▓▓▓▓▓▓▓▓▓▓▓▓▓▓▓▓▓▓▓▓▓▓▓▓▓▓▓▓▓▓▓▓▓▓▓▓▓▓▓▓▓▓▓▓▓▓▓▓▒▒▓▒▒▒▓▒▒▓▒▒▓▓▓•▓▓▓▓
▓▓▓▓▒▒▒•▓▓▓▓▒▓▓▓▓▓▓▓▓▒▓▓▓▓▓▓▓▓▓▓▓▓▓▓▓▓▓▓▓▓▓▓▓▓▓▓▓▓▓▓▓▓▓▓▓▓▓▓▓▓▓▓▓▓▓▓▓•▓▓▓▓▓▓▓▓▓▓▓▒▓▒▒▒▓▒▓▓▒▒▓▓▓▓▓▓▓▓
▓▓▓▓▓▒▒▓▓▓▓▓▓▓▓▓▓▓▓•▓▓▓▓▓▓▓▓▓▓▓▓▓▓▓▓▓▓▓▓▓▓▓▓▓▓▓▓▓▓▓▓▓▓▓▓▓▓▓▓▓▓▓▓▓▓▓▓▓▓▓▓▓▓▓▓▓•▓▓▓▓•▒▓▒▓▓▓▓▒▒▓▓▓▓▓▓▓▓
▒▓▓▓▓▓▓▓▓▓▓▓▓▓▓▓▓▓▓▓▓▓▓▓▓▓▓▓▓▓▓▓▓▓▓▓▓▓▓▓▓▓▓▓▓▓▓▓▓▓▓▓▓▓▓▓▓▓▓▓▓▓▓▓▓▓▓▓▓▓▓▓▓▓▓▓▓▓▓▓▒▓▓▓▓▒▓▓▓▓▒▒▓▓▓▓▓▓▓▓
▒▓▓▓▓▓▓▓▓▓▓▓▓▓▓▓▓▓▓▓▓▓▓▓▓▓▓▓▓▓▓▓▓▓▓▓▓▓▓▓▓▓▓▓▓▓▓▓▓▓▓▓▓▓▓▓▓▓▓▓▓▓▓▓▓▓▓▓▓▓▓▓▓▓▓▓▓▓▓▓▒▓▓▓▓▓▓▓▓▓▓▒▓▓▓▓▓▓▓▓
▓▓▓▓▓▓▓▓▓▓▓▓▓▓▓▓▓▓▓▓▓▓▓▓▓▓▓▓▓▓▓▓▓▓▓▓▓▓▓▓▓▓▓▓▓▓▓▓▓▓▓▓▓▓▓▓▓▓▓▓▓▓▓▓▓▓▓▓▓▓▓▓▓▓▓▓▓▓•▓▒▓▓▓▓▓▓▓▓▓▓▓▓▓▓▓▓▓▓▓
▓▓▓▓▓▓▓▓▓▓▓▓▓▓▓▓▓▓▓▓▓▓▓▓▓▓▓▓▓▓▓▓▓▓▓▓▓▓▓▓▓▓▓▓▓▓▓▓▓▓▓▓▓▓▓▓▓▓▓▓▓▓▓▓▓▓▓▓▓▓▓▓▓▓▓▓▓▓▓▓▒▓▓▓▓▓▓▓▓▓▓▓▓▓▓▓▓▓▓▓
▓▓▓▓▓▓▓▓▓▓▓▓▓▓▓▓▓▓▓▓▓▓▓▓▓▓▓▓▓▓▓▓▓▓▓▓▓▓▓▓▓▓▓▓▓▓▓▓▓▓▓▓▓▓▓▓▓▓▓▓▓▓▓▓▓▓▓▓▓▓•▓▓▓▓▓▓▓▓▓▓▓▓▓▓▓▓▓▓▓▓▓▓▓▓▓▓▓▓▓
▓▓▓▓▓▓▓▓▓▓▓▓▓▓▓▓▓▓▓▓▓▓▓▓▓▓▓▓▓▓▓▓▓▓▓▓▓▓▓▓▓▓▓▓▓▓▓▓▓▓▓▓▓▓▓▓▓▓▓▓▓▓▓▓▓▓▓▓▓▓▓▓▓▓▓▓▓▓▓▓▓▓▓▓▓▓▓▓▓▓▓▓▓▓▓▓▓▓▓▓
