---
source: src/haiku_1_forest.rs
assertion_line: 305
expression: output
---
················································································
················································································
················································································
················································································
················································································
················································································
················································································
················································································
                                                                                
│        │         │        │         │         │         │         │        │  
│╲      ╱│╲       ╱│╲      ╱│╲       ╱│╲       ╱│╲       ╱│╲       ╱│╲      ╱│╲ 
│        │         │        │         │         │         │         │        │  
│╲      ╱│·       ╱│∙      ╱│╲    ·  ╱∙╲       ╱°·       ╱│╲       ╱│╲      ╱│°·
│∙      °│   ∙     │        │         │         │ °       │ ·       │    ∙  ∙│  
│        │    ·    │  °     │         │         │         │         │        ·∙ 
∙·       │     °  °│       °│     · ° │         °  °      │      ∙ ·∙  ∙°    │  
│       │· °·   │ ·│     │° │°    │   │   │   ∙ │  · °    │°·∙°     ││   ∙   ││∙
·╲╲╲ ╱∙╱│╲╲╲ ╱╱∙│╲╲╲  ╱╱╱│╲╲°  ╱╱╱│╲╲╲ ╱╱╱│╲╲╲° ╱╱╱∙╲╲╲  ╱╱╱│╲·╲  ╱╱╱│╲╲╲  ╱╱╱│°
│       │       │        │        │       │        │        │        │        │ 
│╲╲╲╱╱╱╱│╲╲╲╱╱╱╱│╲╲╱╱╱╱│╲╲╲╱╱╱╱│╲╲╱╱╱╱│╲╲╱╱╱╱│╲╲╲╱╱╱╱│╲╲╱╱╱╱│╲╲╲╱╱╱╱│╲╲╲╱╱╱╱│╲╲╲
│       │       │      │       │      │      │       │      │       │       │   
│       │       │      │       │      │      │       │      │       │       │   
                                                                                
════════════════════════════════════════════════════════════════════════════════
