---
source: src/main.rs
assertion_line: 13500
expression: grid_to_string(&grid)
---
                                                                                
                                ·  ∙ ·  ∙    ·                                  
                        ·   ∙  ∙  •  ••  • ∙ •  ∙ ∙ ∙  ∙ ·                      
                 ·  ∙  •∙ ◦• ◦•  ◦ ◦  ○◦  ○ ◦ ◦ • ◦ • ◦  • ∙                    
              ·  ∙  ∙  ◦  ◦ ○   ○ ○  ◌  ○ ◌ ○ ◌ ○ ○ ◦   ◦ •  ∙• ·∙  ·           
           ∙  ∙  •  ◦  ○  ○ ◌  ◌  ◌ ✦  ◌ ✦  ◌  ◌   ◌ ○ ○ ○  ◦◦ •  •  ∙          
         ·  •  •  ○  ○ ◌  ◌  ✦ ✦ ✦  ◆ ✦ ◆  ✦ ✦ ◆ ✦  ◌  ◌  ○  ○  ◦  • ∙  ·       
       ∙ ∙   • ◦○  ○  ◌ ✦  ✦ ◆    ◆ ◆◆   ◆  ◆  ◆  ◆  ✦  ✦  ◌  ○ ◦  ◦  • ∙       
        ∙ •◦  ◦○  ◌ ◌  ✦  ✦ ◆  ❀◆ ❀  ❀ ❀  ❀ ◆  ❀  ◆ ◆  ◆✦ ✦  ◌  ○  ◦  • ∙       
      ∙• • ◦ ○   ◌  ✦ ✦  ◆  ◆  ❀  ❀  ❀ ❀❀ ❀  ❀❀  ❀ ❀  ◆   ✦ ✦◌ ◌◌  ○  ◦ •  ·    
    ·∙   ◦   ○ ◌ ◌  ✦ ◆◆ ◆  ❀❀ ❀  ❀ ✺  ✺ ✺  ✺  ❀  ❀ ❀  ◆◆  ◆  ✦  ◌○  ◦ •  ∙  ·  
    ∙  • ◦ ◦ ○ ◌  ✦ ✦   ◆ ❀   ❀  ✺ ✺✺ ✺  ✺  ✺ ✺  ✺❀ ❀  ❀ ◆ ◆ ✦  ◌  ○○ ◦  •• ∙   
   ·  • •  ○  ◌ ◌  ✦ ◆◆  ❀ ❀❀  ❀ ✺✺   ✺ ❁ ✺✺ ✺ ✺  ❀❀  ❀ ◆   ✦ ✦  ◌  ○○  ◦  ∙ ·  
    ·∙ • ◦◦  ○ ◌ ✦ ✦✦ ◆ ◆ ❀  ❀  ✺  ✺ ✺  ✺ ✺  ✺  ✺   ❀  ◆  ◆◆ ✦ ✦  ◌   ◦   •∙    
      ∙ •   ○ ◌  ◌   ✦  ◆  ◆ ❀  ❀  ❀  ✺ ✺ ✺ ✺  ❀  ❀❀ ❀  ◆  ✦  ✦ ◌ ○ ○ ◦ • ∙  ·  
     ∙  • ◦◦ ○  ◌  ✦  ✦◆ ◆  ◆❀ ❀❀❀  ❀  ❀  ❀  ❀  ❀  ❀  ◆ ✦  ✦  ◌ ◌ ○ ◦ ◦ •  ∙    
     ·  ∙ •  ◦  ○ ◌◌ ✦   ✦ ◆  ◆  ◆ ❀  ❀ ❀  ❀ ❀ ◆  ◆  ◆  ✦ ✦  ◌ ◌ ○ ◦   • ∙·     
        ∙ ∙  •  ◦ ○  ◌  ✦  ✦  ◆  ◆  ◆ ❀◆  ◆  ◆  ◆◆  ✦ ✦  ◌  ◌ ○   ◦  •  ∙       
        ·  ∙  • ◦  ○  ○ ◌◌  ✦  ✦  ✦  ◆✦  ✦ ◆  ✦ ✦ ✦  ◌ ◌  ○  ○ ◦•  • ∙·         
            · ∙  •  ◦ ○◦  ○ ◌ ◌ ◌◌ ✦ ◌  ✦ ◌✦ ◌  ◌ ◌  ◌  ○ ○  ◦• •  ∙            
                ∙ •  •   ◦ ○   ○   ○   ◌ ○  ○  ○  ◦  ○  ◦ •◦  ∙  ∙ ·            
                 ·  ∙ • ∙  • ◦ ◦ ◦ ◦ ○ ◦  ◦○  ◦  •  •◦ ∙  ∙  ·                  
                      ·   ∙  • ∙ •  ∙ • •  ∙ •  •  ∙  ∙                         
                             ·    ∙  · ∙  ·   ∙   ·
