---
source: src/chladni.rs
assertion_line: 293
expression: "run(110, 36, 42, 0.0)"
---
                    +--------------------------------------------------------------------+                    
                    |##:  #:    %          %    :%  :###%:  #:    %          #    :#  :##|                    
                    | :##: ::%%=+==###%#%=+==##:: :##:  :#%: ::##+=++#%#%##=++=##:: :#%: |                    
                    |::::#=    :=    ::    =:    =#::::::::#+    :=    ::    =:    +%::::|                    
                    | :#   +=   =:   ::   :+   ==   #:  :%   =+   +:   ::   :=   ==   #: |                    
                    |. ::    =+    =###%=    +=    ::    ::    ++    +%###=    ++    ::  |                    
                    |=:==%+    +=    ++    +=    +#=+:+=:=+#+    ==    ==    == .  +#=+:+|                    
                    |  #    :+   =+ :+=: ==   =:    #    #    :+   += :+=: ++   =:    % `|                    
                    |  :     #    :#%####: ~  #     :    :     %    :%%##%#:    #     :  |                    
                    |###%##%%%##%%##%###%#%####%#####%#####%%%#%%##%#####%######%#%####%#|                    
                    |  :     %    :%%####:    #     :    :     %    :###%%%:    #     :  |                    
                    |  #    :=   =+ :=+: =+   =:    #    %    :+   == :==:.==   =:    # ~|                    
                    |+:==#= `` ++    +=    ==    +#+=:=+:+=#+    +=    ++    ==    +#=+:=|                    
                    |  ::    ==    +#%%#+    ++    ::    ::  . ==    +#%%#+    =+    ::  |                    
                    | :#   =+   +:   :: ` :+   +=   #:  :%   =+   +:   ::   :+   +=   %: |                    
                    |::::#=    :=    :: .  +:    +%::::::::#+    :=    ::  ` +:    +#::::|                    
                    | :##: ::##==+=#%#%#%++==##:: :##:  :##: ::##+==+#%%%##+=++%%:: :#%: |                    
                    |##:  %:    #          %    :#  :##*#:  %: .  #          %    :#  :##|                    
                    |%#:  #:    #          %    :#  :*%@#*  #:    % .        #    :%  :##|                    
                    | :%#: ::%#+=++%##%##++++##:: :##: *:##: ::%%+===####%#+++=%%:: :#%: |                    
                    |::::#=   `:=    ::    +:    +#::::::::%=    :=   .::   `=:    =%::::|                    
                    | :#   ==   +:   :: . :+   ==   #:  :#   ++   +:   ::   :+   ==   #: |                    
                    |  ::  . +=    +%#%#+    ++    ::    ::    +=    =##%%+    +=    ::  |                    
                    |=:++#+    ++    =+    +=    +%++:==:==#+    ++    =+    =+    =#=+:=|                    
                    |  #    :+   == :=+: +=   +:`   #    %~   :=   += :+=: ==   +:    #  |                    
                    |  :     #    :#%###%:    %  `  :    :  .  #    :#%###%:    # `   : .|                    
                    |%%%#%%%#######%#%%##%##%%#####%%##%##%#%#######%#%%###%%#########%##|                    
                    |  :     %    :%%#%##:    %     :    :     %    :%%###%:    %     :  |                    
                    |  #    :=   =+ :+=: +=   =:    %    #    :+   == :++: =+   +:    #  |                    
                    |=:=+#+    ++    =+    +=    +%==:++:++#=    ++    +=    +=    =#=+:=|                    
                    |  ::    ==    =#%%#+    +=    ::~   ::    ++    =####+ .  ==    ::  |                    
                    |.:%   ++   +:   ::   :=   =+   %:  :#   ++   =:   :: . :=   ++   #: |                    
                    |::::%+    :=    :: ~  +:    +#::::::::#=    :+  . :: ~  =:    =%::::|                    
                    | :##: ::%%+=+=%%%###+===%#:: :##:  :##: ::%%+++=%#%###=+=+##:: :%%: |                    
                    |#5:7~%:    %          %    :%  :%%##:  #:    %  `       %    :%  :%#|                    
                    +--------------------------------------------------------------------+
