---
source: src/31_qwen_cathedral.rs
assertion_line: 1035
expression: "plain(&frame(80, 36, 42, 2.75, &params))"
---
╔═══◆═══◇═══◆═══◇═══◆═══◇═══◆═══◇═══◆═══◇═══◆═══◇═══◆═══◇═══◆═══◇═══◆═══◇═══◆══╗
║         ✚                                                                    ║
║         ▲                                                     ··             ║
║        ╱▲╲                                                  · ☾ ·   ✚        ║
║      ▔╱▔▲▔╲▔                                                 ··     ▲        ║
║      ▓█████▓                          ✚                          ▔ ▔▲▔ ▔     ║
║·     ▓██▪██▓                       ╱     ╲              ∙        ▓█████▓   · ║
○▲     ▓█████▓                        ╱   ╲             ✦∙∙        ▓██▪██▓   ▲ ○
║▓█╲   ▓█████▓                         ╱ ╲                 ✦∙      ▓█████▓   ╱█║
║▓█◆╲╲▔▔▔◆▔▔▔▔▔◆▔▔▔▔▔◆▔▔▔▔▔◆▔▔▔▔▔◆▔◆▓▓▓▓◆▓▓▓▓◆▔▔▔▔▔◆▔▔▔▔▔◆▔▔▔▔▔◆▔▔▔▔▔◆▔▔▔▔▔╱╱▓█║
║▓█ ░ ╲    ╱▲╲ ░   ╱▲╲   ░  ░ ░  ▓▓▓   ✦   ◇ ▓▓▓           ╱▲╲    ╱▲╲     ╱ ░▓█║
║▓█        │▮│ ░   │▯│         ▓◆  ✦─·∙╲·∙╱·──◇ ◆▓         │▯│    │▮│        ▓█║
║▓█  ·   · │▮│   · │▯│   ·   · ▓ ✦──∙──░╲╱──·∙░  ▓   ·   · │▯│   ·│▮│·   ·   ▓█║
║▓█        │▮│     │▯│         ◆◇─∙────⊙◉⊙────∙─◇▓◆        │▯│░   │▯│        ▓█║
║▓█        │▮│     │▯│░        ▓ ░ ∙·──╱╲ ──∙──◇ ▓    ░   ░│·│    │▯│        ▓█║
║▓█  ·  ░· │▮│   · │▮│   ·   · ▓◆·◇─··╱∙·╲∙·─✦  ◆▓   ·   · │▯│   ·│▯│·   ·   ▓█║
○▓█        ────    │▮│  ────░  ··░▓▓ ◇  ░◇∿  ▓▓░·· ────    │▯│   ───│ ░      ▓█○
║▓█  ░   ──│──│──     ──│──·─·  ░ ··▓▓░∿◆▓▓∿▓·  ░──·──│── ░   ──╱───╲──      ▓█║
║▓█  ·  ─│╱────╲│─   ─│╱──··╲│─  ·   ··  ··  ··░─│╱─··░╲│─   ─│─│───│─│─ ·   ▓█║
║▓█ ░ ░─││─│  │─││─ ─││·│  │─││─ ·   ░ ─╲─░   ···│─│  │─·│─ ─││─╱   ╲─││─ ░ ░▓█║
║▓█   ╱─││      ││─╱··│      ││··   ▒·✶✶✶∙✶·✶ ╱─··      ││··││╱    ░  ╲││─·  ▓█║
║▓█  ─│││· ───   │·░││   ─── ··│·─║─▒·✶∙✶✶✶·✶─║││··───   │─│││·  ─── · │││─  ▓█║
║▓█ ░│╱│   ░▨ ·  ·│╱│     ▨ · ░│╲│║▮·▯▮▯│▮▯·▮▯║│ ░░░▨    ░│╱╱ ··  ▧░    ╲╲│  ▓█║
║▓█   ║     ░ ·  ░ ║      ▩· ░  ║─║▯·▮▯▯│▯▯▮░▯║─ ░░ ▩      ║     ·◆░     ║   ▓█║
║▓█  ·║  · ·▧·   · ║░·   ··  ·  ╱╱║▯▮▯·▮│▯▮▯·▮║╲╲·  ▧·░  ·░║ ·   ·▨ ░·   ║ ░ ▓█║
○▓█   ║     ◆      ║·    ·◆    ░*│║·▯▯▮▯│▮▯▯▮▯║│✦   ◆  ·   ║░     ▩      ║   ▓█○
║▓█  ░║░     ▨     ║   ·░░ ▨   ╱│╱║░▯▮▯▯│▯▯▮▯▯║╲│╲   ▨  ·  ║     ▧       ║   ▓█║
║▓█  ·║  ·   ▽   · ║ ··  · ▽ ·╱╱│╱║▯▮▯▯▮│▯▮▯▯·║╲│╲╲  ▽ ░ ··║ · ░ ▽   · ░ ║   ▓█║
║▓█   ■     ░      ■ ·        ││││·          ░·││││       ░·     ░░      ■   ▓█║
║  ◆◇·✦·                 ◇ ◇    ▔··▔▔▔▔▔▔▔▔▔▔▔·▔▔      ◆◆  ◆   ◇   ·✦·✦·    ◇· ║
║     │  ∙· · ·✦·             ───·✦·───────·─··────   ·       ·  ◇▪ │ │   ▪    ║
║▪◇  ◇│▪◆││▪│ ◇│▪    ◆◆       ·   │  ·  ◉··│ │· ·▪ ▪  │       │     │ │  ◇◆  ◇ ║
║◆·  ▪│  ││ │▪ │      ·        ▪ ·│····  ··│·│·   ◇ ▪▪│    ◇  │▪ ·  │ │   ◆    ║
║ ▪▪   ◇ ││ │  │   ▪     ◇▪ ▪  ▪  │ · ····· ·     ◇       ◇◇   ◆◆ ◆▪   ·       ║
○    ▪   ▪▪   ◇◇     ·  ◇  ◆   ·◇  ·  ··· · ·  ▪             · ◇    ▪ ◆·       ○
╚◇═══◆═══◇═══◆═══◇═══◆═══◇═══◆═══◇═══◆═══◇═══◆═══◇═══◆═══◇═══◆═══◇═══◆═══◇═══◆═╝
