---
source: src/lifetree2.rs
assertion_line: 826
expression: "run(80, 24, 42, 0.0)"
---
     ∙ ·                ∙          ∙                                            
   ·           ·        ✧✧✧○ °°°°· ····· ··┆·~ ~~~♣♣·♣♣♣♣                       
                   ✦✦✦✦✦  °°°    °°°°    °°° ┆        ♣♠*~**~·                  
     ·        ✦✦✦✦✦ °°°°°°    ·· ······°··· °°┆*♠♠ ♠♠  ♣*♣ ♣* ···`·             
       ·   ✧✦✦°°°°°° °° ·····  ······░·  ░░°░┆··  ·  ♣♣♠* ··       ··~          
        ○○○  °  ··   ···°·····░░░░    ░░▒░▒┆╱═══·· ·· ♣═ · · * *♣,♣   ~~♣       
     °°°°°°°°  ············▒··░░░▒▒▓▓    ▓     ♣♠─═╲ ─═ /// *·♣♠  ♠    ·♣♣♣     
   °°·   °······░░░▒░▒°▒▓   ▓        ▓▓▓▓▓      ♣  ╲╱  ╱══──═─ ·· *        ♣~   
   °·  ·········°░░▒▒▓▓▓▓▓▓▓▓▓    ✦       ▒   ·    ╱───═  ──══╱     *♠      ~~  
  ·°°∙····∙·░░░▒░▒▓▓▓▓▓▓▓▓▓▓▒ ▒           ░  ══─═──   ` ──═══─══ ··          ·· 
  ◦  °     ░░░░░░▒▒▓▓▓▓▓▓▒▓▒▒░░░∙░         ╲·         ·       ·    *♣  '      · 
  ○   °··∙··░░░∙°                 ░░░    /╱                     ·             · 
  ∙ ∙  ° °°°°°·· °°                ∙┆══──▐                                    ~~
  ✦   °°°  ∙  ° ·· °        ✦    ┆·    ▌║▐             ✧               ✧     ·♣ 
  ✦✦         °°°°°°  ·           ┆     ▌║║                                   ♣♣ 
   ✦✦                             ┆    ▌║▐ ·                                ~~  
    ✦✦                               ┆ ║║▐                                 ·~"  
∙∙∙············∙∙∙∙∙∙············∙∙∙∙∙∙▌║▐──────────────────────────────···─────
        ○○○     ·          ·            │,~∙····∙~··,·,···,·""·,·~··,·~··~··"∙~"
           ◦··             ·          ░░░──,·,·,∙~·",·∙∙,""·"~·~~·~♣~~,,···∙",∙·
   ·          ·····      ····∙▒▒▒▒░░░░░ ··~═══──═─····∙·",··"~♣♣♣♣♣∙·,~·~·····∙∙
                   ···········▒  ▒▒▒░ ····═\╲"······∙,·∙··~~~~∙·~~··""·,·"~·∙·∙·
                        ◦◦◦○·····✦ ✦·······♣········~·····~·"∙"·"·∙··"·~·~,~"~",
                                            ~"~·,·",~·······∙"·""∙∙·∙·",····,"··
