---
source: src/aurora2.rs
assertion_line: 547
expression: "run(80, 24, 42, 0.0)"
---
                   ·                        ·                         ·         
         .::·                 .                                                 
         :--:.                                                                 .
         :-=-:            ::.           .::::::.        ·             .::::.    
       :-=+-:        ·   .:--:.        .::-==-:                     .::---:.    
    .-+*+-:              .:-=-:.     .:--====-:            ·      . ::-==-::    
 ..-=**=:                :-===::    ::-==----==:                  . :--===-:    
 :-+#*=-                 :-=++-:.  ::-=++-::  :-==-:                :--=+=-::   
 :-+@#=-.                :-=**=-: .:-=+*+=::  .:=+=:                :-=+++--:   
    :=#@#=:              :-+#@#+-::-=+**=-:-=++-: ·                .:-+**+=-:   
      .-+@@#=:            :-=++-::-=+**+=--=**=:                +  .:=+*#+=-:   
       ^:+#@@#=^                .:-=*#*+=-:.:=**^:     ^   *      ^:-+#@^#+-:.  
  ^    ^-+@^@^+^ ^        ^ ^   .:-+*#@*+-^.  .-^@^=:  ^          ^-=*@@^@*=-:  
  ^   /#\*+^:^/%\^    ^  ^^ ^ ^ ^.^^+#@@^*^-:  /*\^@*-/%\      ^ /*\^^+/@\:.  ^^
\ ^   /#\ /*\^/@/@\   ^ ^^^/^\^ ^ ^^-+#@^/*\=-/*@*\+- /%\      ^ /@\^^ /#\ +  ^^
\/#\^/@#%\%#@/*%/%\^^/#\/%\/@\*/@\/*\^^/*/*\-:/##%\\ /%##\*^^^/#\**%/#/@**\^^/%\
@/#\@/%%#\@#/%%/##%\#/@/**//*\\/*\%@@@@@/%**\/**#%#\/#%#%%\#@/##@\#@/#/*@*\%/*@%
  :  :::+-==--=-:         :::-:-:-==+=++=+++=-==-=--::             -=++======:  
   :::----=+--             -:--:::-=+=++++-+:-==-=:-:               :+=++-=--:  
  ::::--==-:--:           :::::: ::---=-+==---=-:==-   ,           :=-===---:.  
      :---:--::           ::   : -:-:--++=--::--:--:    ,            --=--=-:   
      : :::--:::                   ::-==-=-----:--: :                :-::-:     
      : ::-:,::     ,              ---::----  :::::      .            ::--:     
          :                           :::-::    :                      :::
