---
source: src/sonnet_1_spirograph.rs
assertion_line: 370
expression: "run(110, 36, 42, 9.0)"
---
|------------------------------------------------------------------------------------------------------------|
|                                                                                                            |
|                                                   .. . ..                                                  |
|                                          .........................                                         |
|                                       ....    ....       ....    ....                                      |
|                                    ...      ...      |      ...      ...                                   |
|                                  ..##############    |~   ................                                 |
|                                 ####     ..    . #.. .~... .    ..     ....                                |
|                              **#        .       . .@@@"." .       .        ...                             |
|                            ***.        ..      . . "."... . .     ..        ....                           |
|                           ** .         .   . .     "~.        . .  .         . ..                          |
|                          *   .   ....... .                       . .......   .   .                         |
|                         *    .....    . .                          .     .....    .                        |
|                        **  ....      .                              .       ....  ..                       |
|                        *  .. .      .                                .       . ..  .                       |
|                        * ..  ..    .                                  .     ..  .. .                       |
|                        *.     ..   .                                   .   ..     ..                       |
|                        *.      ... .                                   . ...      ..                       |
|                        *         .                                     . :         .                       |
|                        **      ... .                                   . :::      ..                       |
|                        .*     ..   .                                   .   ::     ..                       |
|                        . **  ..    .                                  .     ::  .. .                       |
|                        .  ** .      .                                .       : ..  .                       |
|                        ..  ****      .                              .       .:..  ..                       |
|                         .    .****    . .                          .     ....:    .                        |
|                          .   .   *****== .                       . .......   :   .                         |
|                           .. .         =   . .                . .  .         : ..                          |
|                            ....        ==      . . .  . . . .     ..        :...                           |
|                              ...        =          .....          .        :..                             |
|                                 ....     ==      ...   ...      ..     ..::                                |
|                                  .........==.....         .............:::                                 |
|                                    ...      ==               ..      :::                                   |
|                                       ....    ====       ....    ::::                                      |
|                                          .........=====:::::::::::                                         |
|R8:r3 out d0.85                                                                                             |
|------------------------------------------------------------------------------------------------------------|
