---
source: src/lifetree.rs
assertion_line: 739
expression: "run(80, 24, 42, 0.0)"
---
                                   ∙      ·♣* ♣                                 
       ✦           ∙       °°°°      ∙°°┆♠♣*♠♣♠ **                              
                    ° ° ∙°°· ···°°°·°° ·┆··· ·♠♠♠♣♠*♠                 ,    ,·   
                °°°°·° ···· ··∙    ·····┆♠♠· ··· *♠♣♠♠♣♠ ♣                      
     ✦ ∙  °°°°°°  °   ·········░░°▒░····┆·♠♠  · ·"   ·♣♣'♣♠♣                 ,  
    °     °°       ·∙·  ·∙·▒·  ··  ▓····┆· '═♠│╱╱─·· · · ♣**♣♣♠  *♣♣♣♠♣♣        
     °     ° ···∙∙∙ ··∙°··▓ ° ▓▓▒▒░·▓ ○  ╱══──/──═─· · · · ·· ♣♠♠♠♠♠♠*♣♣* ' ♣♣  
         °°   ▒····▓▓▓     ▓▓▓       ▓▓▓ /═─────*╲═···\\═ ·═· ♠♣ ·· ·  ·♣* ♠ · ♠
    °   °·· ··°▒▓▒▓▓°▓▓▓▓▒░░░·       ░▒      ───═/ ─═ ··─♣♣♣  ♠*♠♠─═* ***  "· * 
        ∙ ···  ▒▒▒▓▓        ∙░░░   ░░            ─═  ♣♣      ───══─══─═─═ ··♠**♣
        ∙°°°    ·· ∙            ░░░ ∙      `    / ═══─═ ═─═──═══─═─,═  ♠ *♠··' ♠
     ∙   ∙  °°°°  ··      ∙        ░░         ═/──             ,╲    ─══ ♠♣***♣*
          ·°°   °° °      ∙   ∙      ░░   ──'═             ♣♠♣♠* ─═─· · ···♠♣♣  
        ·    ° °°∙           · ✦   ∙   ░╲═           "   ♣**   ··* ·· ··♣♠♣`♠♣  
                                ·   ·  ▒║▐               *♠,♠♠♣♣♠ ·♠♠♠♠*♠*♠♠`   
       ·                  ·            ▓│▐       `       ♠** ♣♣♣♠♠*♠            
       ✦    ·      ·           ·       ▓│▐                 ♣*`♠♠                
∙∙∙············∙∙∙∙∙∙············∙∙∙∙∙∙▒│║──────────────────────────────────────
                ·                       │,···~,"",~·~·~""∙",·,∙,∙∙·····∙····,··∙
       ·                               ░══·,~···"~∙","·····~∙····,···∙,···,,∙··~
                ·       ·····▒    ░░░░░ ~·──═─═────═─·····,·,,·,·∙,"··~∙∙·∙·,··"
      ·                 · ··░·▒▒▒▒ ▒    ∙·~~,·───"·\···,,·~··,·,·,··∙,··~,~···,·
                        ····· ····▒···· ·····─,,·─········",""·"·~··"∙"·,·~∙~··,
            ·                  · ··    ··~····~,∙∙∙"·,"·"~~···"··"·~,·∙·"~·"···,
