---
source: src/mahoraga4.rs
assertion_line: 1132
expression: "run(80, 24, 42, 0.0, 7.0, 1, 4, 0.0)"
---
  O                        ·           \/   ·  ·           ·          ·         
   · ·    ·            ·        ··      O\\ O              :  ··       O        
 O        O   O                          O \\  ·      :    ·   :  ·           ──
             +      ═══·════:══════════◆══════\                              O │
               *\:     ·:          ◆\# │ #/◆ ·  \\══│═════════   · O  ·|     · │
              #      │          │  #  \│/ │#      ·\│  ·             :·        │
             :       │          │· #  /\─ │#◆        \\     :   O  O           │
         ·         \\│:        │   #/    \#          │ \\ · ·          O       │
                &   │\\·       │ o ·  @%--│      :· │     \  ·     O           │
   :         %%     │  \\      │·  · │%+.-│      |  │·      \         ·        │
   |                     \\    │ o  /@%++=--=  @@─  │      ·                   │
               o ·        ·\\  ─ @@@@%**=:· +*=+.:│ │   · O  │ %%   *       ·· │
    O     O  O    │          │\@*=&=++++·.  ···-+:=\│      %%│· O    ·         │
                  │    \ ··  &@#\:&-=+=++   ·│ \%+.--·   ·O* %·                │
 O                    --\\   @*.: \ @*+=+& .-\  │====│ ·/    │     #··         │
           ·   · @@@*--...\\--...│  \\\%+~.#.-│· --..// ·   │ ·      #O   ·  O │
 O           /─\-*-://==   ·\\../   ##\~%\   .   --// ·     │  ·   * :       · │
        ─\──│  │─//           \\·   @%+~\= \\ \  /==│ · ·O·│ /· :        O     │
          : │ @│─│         │ ·  \ o│@%.~~ \\ ://\\=·-     //│ :    : ·         │
         // │  │:───           ·  \│@*~=  % \\·  \\\\   /O │ ·                 │
            │@ │  :              │%+\.~--//: ·\\  ─\\\\     ···                │
O           ││││ -~~~--~       /@*@ : \//+.│ ·  \\//\  \\\  ··       ··        │
           :││o││ ~~-~-~-      · ==- / %\=.:-   /·\\   ~--\\~     :          ·  
O  O     O  ││ ││          ~~~~--·//~-·~~~\  //-~---~\~--~-- \\       O      O
