---
source: src/opus_5_dover.rs
assertion_line: 1591
expression: "run(80, 24, 42, 0.0, 0.0)"
---
                                                                                
                                                                                
                                                                                
                                                                                
                         ....                                                   
                       ...   ...                                                
                      ..       ..                                               
                      .         .                                               
                      .         ..                                              
                      .           ..  ' ' ' '  '                                
                       ..           ..     ' ''  ' '                            
                        ....       '  ... '    '......                          
                            ...... '     o-----o.' ''o@o.                       
                                  .....  .......\\  /o '..                      
                                    ' ...........o-o   ' ..                     
                                      '.' ' ' '//-     '  .                     
                                       ...    o-     '   ..                     
                                         .....   ' '  ....                      
                                              .........                         
                                                                                
                                                                                
                                                                                
                                                                                
 I. fourier analysis  sum c_k exp(i k th), 19 arms, th = 0.00
