---
source: src/pendwave.rs
assertion_line: 346
expression: "run(80, 24, 42, 0.0, 1.0)"
---
                                        :                        .  . . : :=(@) 
                                        :                                       
                                        :                       .  .  . : :=(@) 
                                        :                                       
                                        :                      .  .  . : : =(@) 
                                        :                     .  .  .  : : =(@) 
                                        :                                       
                                        :                   .   .   . :  : =(@) 
                                        :                  .   .   .  : : = (@) 
                                        :                                       
                                        :                 .   .   .  :  : = (@) 
                                        :                                       
                                        :               .    .   .   :  : = (@) 
                                        :              .    .   .   :  :  = (@) 
                                        :                                       
                                        :            .     .   .   :   :  ==(@) 
                                        :           .    .    .    :  :  = =(@) 
                                        :                                       
                                        :         .     .    .    :   :  = =(@) 
                                        :                                       
                                        :        .     .    .    :   :   = =(@) 
                                        :      .      .    .     :   :  =  =(@) 
                                        :                                       
                                        :     .     .     .     :    :  =  =(@)
