---
source: src/opus_2_forest.rs
assertion_line: 855
expression: "run(80, 24, 42, 0.0)"
---
                                                                                
                                                                                
         ▒                                                                      
      ▒▒▓▓▓▒▒                                                                   
     ▒▒▓▓▓▓▓▒▒                                                                  
   ╱  ▒▒▓▓▓▒▒                                                                   
  ╱      ▒                                                          ╱           
                                                                                
                                                   ·                            
▒▒▒▒▒▒▒▒▒▒▒▒▒▒▒▒▒▒▒▒▒▒▒▒▒▒▒▒▒▒▒▒▒▒▒▒▒▒▒▓▒▒▒▒▒▒▒▒▒▓▒▒▒▒▒▒▒▓▒▒▒▒▒▒▒▒▒▒▒▒▒▒▒▒▒▒▒▒▒▒
▒▒▒▒▒▒▒▓▓▓▓▓▓▓▓▓▓▓▓▓▓▓▒▓·▒▒▒▓▒▒▒▒▒▒▓▒▒▒▓▒▒▓▒▒▓▒▒▒▓▒▒▒▒▒▒▒▓▒▒▒▒▒▒▒░░╲▒░·▒▒▒▒▒▒▒▓▒
▒╱░░▒▒▒▒▓▒▒▒▓▒▒▓▒▒▒▓▒▒──┤▒·▒▓▒▒▒▒▒·░░░·▓▓▓▓▒▒▓▒▒▓▓▒▒▒··▓▓▓▓▓▒▒▒▒▒·░▒│░·▒▒▒▒▒▒▒▓▒
│▒░·  ▒▒▓▒▒▒▓╱▒╲▒▒▒▓▒▒▓▒├──·     ░░▒│▒──┤· ╲     ╲ ·░╲▒▒░╱  ▒▒▒▒▒░▒▒│▒░▓   ·▓· ╲
▒▒▒╱ ·├── ──┤──╲╌╱ ·▓· ─├── ╱ ┼▓▓▓▓▓┼▒──├──╵──┤──╲ ▒▒·──┤▒·─├──  ░░▒│▒░ ╌ ──├─╵ 
◡◡◡╵──┤── ──┤── ╌ ─·▒▓▓▓▒╲╶ ╵─▓▓▓▓▓▓╱▒╱╱│╲╲ ╲·▒│▒╌╱·▒▓──┤──╱▒──  ╱·╴╱▒▓▓▓▒·╱│╲· 
──╶ ╱╴╱▒▓▓▓▒·╲╲   ╴╱▒▓├──╲╶  ╱┼▓▓▓▓╱░░·    ╷▓──┤──·░▒▓▓▓▒░·╱│╲╲ ╱ ·╴╱──┤▓·░▒▓▓▓▒
◡◡·  ╴╱──┤▓▒╲╶      ──┤──·▒▓▓▓▒·▓▓▓        ●   ├─·░▒▓▓▓▓▓▒░·─  ╌    ╷─╴╱·░▒▓▓▓▓▓
──╶ · ╷──├─╵·  ╌    ╱╱│╲·░▒▓▓▓▒░·│╲      ╌  ───┃·╴─╱▓▓▓▓▓▒▒░·  ░    ●╱·░──╱▓▓▓▓▓
◡◡ ╌  ●╱╱│╲╲ ·        ·╴─╱▓▓▓▓▓╲─╶·    ░   ╷╷╷ ·░▒╴╱──┤▓▓╲──╶·     ░   ·╴─╱──┤──
        ·         ░   ·░╷╵──┤──╲╵─╶   ╌         ·░▒╷──├──▒▒░·   ╵       ·░▒──┤│┃
────╶·         ·       ·●▒▓│├─┃▒░·     ░        ╌·░●▓│┃│╵▒░·        ·       │┃│┃
◡◡◡◡ ░      ╵         ░   ╵│┃│┃         ·         ╌  │┃│   ╵      ░         │┃│┃
▒╌  ╵··       │         ╱╱╱│┃│┃╲╲      ·      ╌ │ ╵  ╿┃│·  ╵  ·       ╌  ╱╱╱│┃│┃
  ░      ╌      ░       ╵    ╱·    ·    ╵        │╱╱╱│┃│╲╲╲╷   ╌    ╌    ·
