---
source: src/lifetree3.rs
assertion_line: 1285
expression: "run(80, 24, 42, 0.0)"
---
✦    ∙ ·                ∙          ∙    A                                       
   ·           ·        ✧✧✧°°°°◦◦· ····· ··R     ~♣♣ ♣♣♣♣                       
         ○         ✦✦✦✦°°°    °°°°    °°°  ▀▀▀▀▀▀▀    ♣♠*~*                     
     ·   °∙∙  ✦✦✦✦✦  °°°°°°°    ·· ······ ( █●█   ) ♠  ♣*         ·             
       ·   ✧✦✦ °°°°°°°°◉ ○°···  ······░·   °▄▄▄▄▄▄   ♣♣♠* ◜─────◝ v··v          
    °°°°°○○  °  ··   °°°°°····░░░░    ░░▒░▒·     · ·· ♣═          ♣   ~~v       
  °°○ ◉ ○°  ············▒··░░░▒▒▓▓    ▓   V    ♣♠─═╲ ─═ ///     ~ ♠     ♣♣~ ~   
    °°°°°°  ·······░░░°░▒▒▒▓   ▓        ▓▓▓v▓   ♣  ╲╱  ╱══──═'~·· *  `     ♣~   
 ° ···········░░°▒▒▓▓▓▓▓▓▓▓▓      ✦     ▒  T  v    ╱───═  ──══╱      ♠      ~~  
 °°··∙····∙░░▒░▒▓▓▓▓▓▓▓▓▓▓▒ ▒           ░  A ══─═──     ──═══─  ▀▀▀▀▀        ·· 
  ◦°     ░░░░░░▒▒▓▓▓▓▓▓▒▓▒▒░░░░░∙        E ╲·         ·        ( █●█ )        · 
  ○      ∙°···°∙°°° °                 ░░░/╱                     ▄▄▄▄▄         · 
  ∙ ∙  ° °°°°°○ ◉ ○°               ∙M══──▐                                    ~~
  ✦     °°°∙  °°°°°· °      ✦    E     ▌║▐             ✧  "            ✧     ·♣ 
  ✦✦         °°°°°°  ·           M     ▌║║                            '      ♣♣ 
   ✦✦                             E    ▌║▐ ·                              · ~~  
    ✦✦                              ∙N ║║▐                         ,    · ◉·~   
∙∙∙············∙∙∙∙∙∙············∙∙∙∙∙∙▌║▐──────────────────────────────···─────
        ○○○     ·          ·          ˙ │,~∙····∙~··,·,···,·""·,·~··,·~··~··"∙~"
           ◦··          ·          ░░░˙˙ ·─,·,·,∙~·",·∙∙,""·"~·~~·~♣~~,,···∙",∙·
   ·        ·······     ····∙▒▒▒▒░░░░░˙ M·~═══──═─····∙·",··"~♣♣♣♣♣∙·,~·~·····∙∙
      ···     ··  ·········▒  ▒▒▒░ ··· ˙˙O═\╲"······∙,·∙··~~~~∙·~~··""·,·"~·∙·∙·
        ·······  ···    ◦◦◦○ ····· ✦✦·····R♣········~·····~·"∙"·"·∙··"·~·~,~"~",
       ·     ·····                 ˙˙˙    ˙˙~"~·,·",~·······∙"·""∙∙·∙·",····,"··
