---
source: src/tree_draw.rs
expression: grid_to_string(&grid)
---
                                        
                                        
                                        
                      ✶  ✶ ✶            
                 ✶  ✶  │  ✶             
                    ╲  ╱     ✶          
                      │   ✶             
            ✶         │ ╱               
              ✶       ╱                 
                ╲    ╱                  
                 ╲  ╱                   
                   │                    
                   │                    
                   │                    
                   │                    
                    │                   
                    │                   
                    │                   
                    │
