---
source: src/mahoraga.rs
assertion_line: 288
expression: "run(80, 24, 42, 0.0, 3.0)"
---
  │               │          //       ·                 \ ───\\     /           
  │              │          //  /   :·  ·   ·            \/│ ────///            
   │             │        ///  / :  ·│  ·  :    :        /\    //───            
 : │      \     │        / / ·/ ·  ·│ :    ·   ·    ·  // │\\//    \───         
   │       \    │      // ·/:/ ·    │── ◆──   ·    ·  /· │///\       \\────     
   │        \   │    //· ·//·   ── ──   │  ── ──  · //· //    \  ───── \\  ─── ─
\  │        \  │    /    //  ◆/─   │    │─      ─\◆/\://│·     \      ──────────
 \\│   │     \ │  // : · :  / \\  │     │ ────  ///\//  :       \\   ───── \\ ──
   │   │      │ //  \   / //    \\│     │     ///// \\\·   :   ───\──        \\ 
    │  │      │/    ·· ·  /      │\\    │ ──// // ───\ │\ ·/───  │ \\·         ·
    │\ │     │/      \·/ ││      │  \\──│─/////      ││─·// ·    │  \\\         
──  │ \│    /│     · :/  ◆────────────\\/////         │/ ─·──    │   \\\\       
 ───── │\ //│      ·/· \ │   ──││───────◉\────────────◆  :·\·────│     \ \\     
    │───│── │     /  /·\ ││── │     ////│ \\   \\/// ││ ·   ·\   ────   \  \\   
  : │  /│──│───  /  :·─:─ \   │.  //  │ │   \\─//── │/    ·   \//│   ──── : ────
    │// │  \─────────    \\\ │  //    │ │────/\\   \// ·   · //\ │ .  ────────  
   //│  │   \──/─────·─· ·\ \│//   ────│  ///   \\ / \\ ·  //   ──────────   ───
  /  │  ─────\/  /   ───────│◆\────    │//      ─/◆│ · \\:/    ──\  ──          
//  ─│──     / \ /     ·─:──·───── ── /│   ── ──  :   :/ \\      │\             
──── │     :/   /──────   ·│·──·───//──◆───   ·   │·// ·   \\    │ \       │  : 
     │    /──────\         │\:  ·//:─ ·─── ·   · │//·        \\  │  \\  ──│     
     │────────────\          \///·  ·───:  ·   /·│   ──────────\\─────\─  │  ───
──────   /    /   ────────  //\  ────·──·───:────────            \\   ───│───   
      │ /     ───────\────//─────          //─────            ────────   │
