---
source: src/lifetree2.rs
assertion_line: 1092
expression: "run(120, 40, 42, 0.0)"
---
✦ ·                        ·                 ∙              A          ·                                                
        ·                                 ○○◦∙◦·◦◦···· ···°°°··R·· ··~~~~ ~♣♣♣♣                                         
    ·                             ✦✧✧✧ ✧°°°° °°°°°∙  ° ° ° ° °   B♣            ♣♣♣ ♣♣♣~                                 
                  ·         ·✦✦✦✦✦          °° ° ° · ·  °··· ···  O♠ ♣                 ~~~~~               ✧            
         ·   ○°         ✦✦✦✦✦         °°°°°° °···  ········    ··°♠ ♣♣ ♣♠**   ♠*      ♣*♣   ·····                 ·     
               ∙∙    ✦✦✦  ° °°°    °° ·····° ·  ······   ··°°  ··  ♣╱♣ ♠ ··   ·    *♣*♠  ♠♠      ···    v               
                  ✦°°°°✦° °  °°° ∙······ ······ ····∙░░░░  ░  V╱   / ·─  · ·   ♣    ·     *         ·v·                 
               ✧✧✧      °°· · · °   · ······ ·····░░░░░       I░ /╱═,═ ·   ·  ···  · ·♠♠· ·   ♣ ♠ ~    ·~~ v            
             ○○   °°··· ·· ····  ·   · ·°··░░░░░ ░▒        ▓▒▒ T/       ╲╲│    ╲─═─═ ·······♣ ♣*♣~♠       ~~ ~~         
           ◦○  ·  °  ·     ············°▒··░░°  ░▒▒▓▒°     ▓   A          \╲   \   ╲/╱/ ·♣· **♠♠♠♣ *        ♣♣          
         ◦°°°°°°° ·   ·······░·░  °°   ▓   °░░░░░▒▒▒▓▓▓▓▓    E║v            ╲╱╱ ·   \   ♣ * ·    · ♣          ♣♣     ·  
       ··       °···········░░░·  ░ ▒░▓       ▓·           ·───═  v         /      ╱    ═══·   · ·     ·        ♣♣      
    ° ··°°°°  ··········░░░░▒▒▒░▓▓▓▒▓▓▓▓▓▓▓▓            M      ╲            ╱  ═══/═──═────═ /·      ♠*          ♣~     
     ·   °°  ···········░░░░▒░▒▓▒▓▓▓▓▓▓  °   ▓▓      E          ╲         ─/═══───══─══─"══╱╱═─    ♠♣♠*'       ·   ~    
    °   ° ·········░·░ ·░░ ▓▓▓ °▓▓▓▓▓▓▓▓▓    ▒    °  M          ╲     ═───          ═══─      ═···· ·  ♣♣           ·   
   ·° °·· °   ░░░░░░▒▒▒▓▒▓▓▓▓▓▓▓▓     ▒▒░  ░          E        ▌╲═─══                  ─══──       ♠ ♣  ·           ··  
  ∙·         °° ° ° ░ ··░░ ° ▒▓▒▓▓▓▓▓▓▓▓▓▓▓▒▒▒░░░░░░     N ✧   ║╱║·                          ··                      ·· 
  ◦   ° ° °    ·░░░░░▒                      ░░░░░          T  ▌╱▐          ,                                          · 
  ◦  ° °   ····░░··░ °  ∙                       ░░░░░       O▌/║                                                      ·✧
  ○  °  ···    ° ···°                       ·  ·  ░░░░░  ░∙  /║                                  ·                    · 
  ○    °      ∙°° ° ·· °   ·✦      ·                   ∙░░░ ▐╱║                                                       ~~
  ✧   °°°°°°    °·· ···               ·      ✦         ░░░   ▐║            ·         `               `                ~ 
  ✦  ·              °°°°°                                  ░░░║                 ·                                     ♣ 
  ✦✦                             ·                     ░░░▒▒    I                                                    ♣♣ 
   ✦✦                                                 ▓▓▓▓▓ ✦  ✦· ·                    ·  ·                      ·  ♣♣  
    ✦                                                      ▓▓▓▓▓   A                                            ·   ~   
     ✦                                           ·         ▓▓▓▓▓  N                                                ~    
      ✦✦              ·               ·   ·            ∙∙°   ▓▓▓▓▓                                            ·  ·· ·   
·      ·✦                                 ·               °│║│║                              ,              · ◉ ··      
∙∙∙∙∙············∙∙∙∙∙∙············∙∙∙∙∙∙············∙∙∙∙A▌║││▐───────────────────────────────────────────────··────────
           ○○           ·                               ·"∙▌║║···∙"∙∙∙~··∙""·∙",··,"·,·"∙,·"∙·"",·∙,··~··"·····,,"∙"···,
            ·○◦    ✦                ·                   M"·▌│▐,""··",·∙··~·"∙·"~·~·~"··,∙·~·∙∙∙···,"~"··~·~·∙,·∙∙,"··∙·∙
               ◦◦◦          ✦                            ,·║─▐∙·"···"",∙·,·∙·"·∙~·",··∙·,,~··,∙∙∙·∙·∙~·~~~"··~"·"·~~∙·~∙
                  ···                    ·· ·      ✦     ══─"─══·"~····~"·∙~·∙·····,∙,∙·~~~~,∙··"~"·♣♣♣,~·~··"",·∙"·"·",
                     ···                  ··░▒▒   ▒▒▒░░░░,,,,·∙·═─══·∙∙~"~··"~···"~,,······,","··♣♣♣~∙"~,·,,·,·····∙"··,
                        ·····            ·······▒▒▒▒▒▒  ∙▒·~·"·"·│~·═══──═─······~·∙·~··,~~~~♣♣♣♣·∙·,"··,∙··,∙,···~,~~"·
                    ·····    ·····        ···      ▒▒▒▒····",·,──\\"··"·········"∙,~,···~~~~·∙··,·∙·,∙··"∙··",,·∙~,··,∙·
          ······   ··  ·          ·◦◦◦ ◦◦○· ·······░▒   A······~··∙·········,"····,·····"~"·"·∙·∙∙····∙··"··,,,"""~"·~~·
         ·········· ··  ··                ○○····✧✧✦✦✦✦ ✦··✦R·····♣·····~·······,,,···,·",····∙~·∙·,∙",·,·∙··,∙·∙,,·∙···,
 ·     ···   ······   ·                     ·       ˙˙˙˙˙  ˙˙ B,··,·~,∙·"·,··∙·"·∙,"····,"~,~"·∙·,,···,∙·",·,···~··"··∙"
