---
source: src/lifetree.rs
assertion_line: 744
expression: "run(120, 40, 42, 0.0)"
---
                                        ∙°°°°° ✦    ·                                                                   
                     ✦                 ∙°°    °°  ∙        °┆♠♣♠♣           ·                                           
       ·                        °°°°°°° · °· ··∙     °°°°°··┆· ·♣ *♣*               ,                                   
            ·           ∙     °° ° °    ∙·· · °  ° °°·  ° °·┆·· · ·♣♠****         ,                                     
       ∙       ·   ✦ ∙        ° ° ····    ···  ° °°  ·· ···°┆ *♠ ··♣♠ ··♣*♣♣♠♣                                          
    ·     ∙       ∙      ° °°°        ········· °·····░··  °┆  ♣ ♠*    *♠*·· ♠*♠*                                       
                       °° ·    °°  ··········  ░░░▒▒·░·····∙ ·   ♠···  · ·♠♣· · *♠                                      
              °      °°   ··∙ °  ·····°···°°·······°░▓    ░▒ ╲╲───  │♣*/ · · ·· ·♠*♠♣♣             ·                    
         ·    ·    ° °   · °··· ° °   ∙ ░▒     ▒∙   ·▓······  ·     ║╱╱══── · ,···  **♣♠*♣♠♠♠**♠♣*                      
                   °° ·  ···°···∙▒▒▒▒▓    ▓  °▓▓▒▓▒°▒·▓   °  ╱·"─═───/═══──·····  ····♣*·· ♣***♣♠♠*♠♣♠  ♠♣♠             
   °           ·  ° ·······°° ° ∙∙······▓ ▓▓▓▓·       ✦▓ ∙∙▓ /──'══──══───── ····· ·······♣··♣♣ ····"  ♣   ♠    ♣*♣  ♠· 
         °         °°°······▓▒▓▒     °°° ▓▓            ▒ ▓▓▓ //═    ══   \ /   ♣"\╲═══·♣ ═· *♠ ··  ♣♠ · ··♠   ♠*♣♠♣**♣·♠
                      ▒▒   °  ▓▓      ·   ▓            ▓▒▒▒     ──═──    `\   ···/──══─═*     ♠♣♠ *··        ♠ ♠♠· ·♠*♠♣
            °·°°°° ··▒▓▒▓▓▓▓▓▓▓▓▓▓▓▓▒     ▒    · ·      ░   ┆   ·  · ─═  │   ──═ · ♠♠               │        · ··♠♠♣♣♣* 
          °°° ····∙∙∙·░▒▒▓▓▓▓▓▓▓     ▒▒▒▒▒░░     ✦    ░░   ✦┆      "   ─══──"   ♣♠♣              ╱//     ──══· ♣♣*♠♣♠ * 
          °° ° · °      ▒▓   ·              ░░░      ░ ·    ┆           │                   ══─//─══────═─═ ·   *♠♣*'♠ ♣
   ∙ ∙     °°   °°°     ·° °                   ░░░  ░       ┆ "    ·    │             ═──═──               ·    ·  · *♠ 
            °°°°°      ····∙°°       ∙   ∙        ░░░ ·                │   ─══─══──═─═ ─══─═──═──══────      ♣♣ ♠♣♠♣♠♠*♣
                      ·  °°··               ∙      ░∙░░        ·    ▌▌║│══─                    ·╲      ──═ ♠♣ ♠♠♠ ♣♣♠♠♣ 
                           °°             ·          ░░░░         ║▌╱║·                          \─      "♠  ♣ **♠♠     
            ∙                               ∙          ░░░░     ║▌║╱▐                   ·         │──═······  ·'**♣     
                                  ∙                      ░░░║║▌║╱▐                                     ·**♠♠♠♠♠♠♣       
                        ✦                 ✦               ░▒╲▐║                       , ♠ ··  ··· ♠ ·· ·   *`           
                    ·      ·                       ✦      ░▒│║║  ·   `                 ♣♠·♠♣♣♣      ♣`*♠♠♣              
                                   ·    ·    ·            ▒▒│║║                         ♣ * ♣      ♠*                   
                           ·               ✦              ▓▓││▐                                      "           ·      
               ·              ·                           ▓▓│║▐                                                    ·    
  ✦  ·   ✦                       ·               ·        ▓▓║│║                     ·  ·                                
                   ·           ·            · · ···       ▒▒║║║                                                         
∙∙∙∙∙············∙∙∙∙∙∙············∙∙·∙∙∙·············∙∙∙∙░▒│║▐─────────────────────────────────────────────────────────
                                                           ▒│▐·,·∙·∙····""··"··∙·∙~,···,∙"∙··,·"∙·,∙·""",∙·,"",·~·,~,·~∙
       ·                                                   ▒║▐"~~∙,·∙,"·∙··"·,"·",·~~"·∙∙,∙~"·~··",·········,·,··"∙·""··
                 ·     ·                                   ░│▐∙"""∙·,·""~"∙~"~∙,··~∙·"~""∙·""·~""·∙∙∙···"~·,,~"∙~···"···
                                         ·               ░░░─══──···~~~·~··,·"·,,·····~,··~"·,···~··∙,··,~~·∙·∙,~,∙·""∙·
·                                   ··  ···            ░░   ····"─═──══∙~·~~∙,─·······",,····∙∙·,∙··"·,,··,,,,,,·~∙~,,~,
              ·           ·         ······▒▒▒▒▒▒▒▒▒░▒░░     ┆,"·∙·~·\·~═──══─═·~,···,,····""∙,·"·~~,,··,,····,,··∙","~~·
                                       ··   ·░▒     ▒▒      ,··∙"·""╱═───═·~"\····∙,"·~,·,,~"···∙"~·,~"···,~··~∙"··~·∙""
   ··                                ········    ·▒▒ ▒      ┆······//··"~·············,·····"∙∙,~···∙·"~∙"·∙,,,··∙·,∙~~~
                                    · · ··················· ┆·····"~,·∙·∙·"∙∙····∙"···,,·~···∙∙·""··",,",∙~∙""~·"······"
                                             ✦    ·        ·┆··,····,·∙∙,,,,··,∙"··~"∙"··~,·"∙∙,·~·∙"·∙"·····∙·,~·"~·∙·"
