---
source: src/haiku_1_trees.rs
assertion_line: 380
expression: output
---
                                                                                
                                                                                
                             *├ * ├*                                            
 ─╲─╲             ╱ ╲         ├├├├├ *                  ╲╲╲ ╱╱╱                  
     │            ╱│╲          ├├ ├├         │         ╲╲╲╋╱╱╱   ╰─────│─────╯  
─╲─╲    │          │           ├│├├        ──│──          ╋            │        
    │              │            ├            │        ╱ ╱ ╋ ╲ ╲        │        
       │           │            │            │        ╱ ╱ ╋ ╲ ╲        │        
      │            │            │            │        ╱ ╱ ╋ ╲ ╲  ──────│──────  
   Spiral       Cascade      Thorns       Lattice     Petrified     Strata      
                                            ╲ ╱                                 
    │╲             │           *│*           │          ╱ ╋ ╲          │        
      │            │            ├           ─│─         ╱╲╋╱╲          │        
       ╲│          │          *├│├*          │           ╲╋╱           │        
      │            │           *├ *          │           ╲╋╱       ╰───│───╯    
    │              │           ├│├├         ─│─           ╋            │        
      │            │            ├            │          ╱ ╋ ╲          │        
        │          │            │            │          ╱ ╋ ╲          │        
      │            │            │            │          ╱ ╋ ╲      ────│────    
   Spiral       Cascade      Thorns       Lattice     Petrified     Strata      
                                                                                
                                                                                
                                                                                
════════════════════════════════════════════════════════════════════════════════
